04-06 18:49:11.676  1171  6495 I AccountManagerService: getTypesVisibleToCaller: isPermitted? true
04-06 18:49:11.812 27050 30002 I Gmail   : MainSyncRequestProto: lowestBkwdConvoId: 0, highestHandledServerOp: 3694207, normalSync: true
04-06 18:49:12.263  1171  3470 I AccountManagerService: getTypesVisibleToCaller: isPermitted? true
04-06 18:49:12.490 27050 30002 I Gmail   : MainSyncRequestProto: lowestBkwdConvoId: 0, highestHandledServerOp: 3694207, normalSync: true
04-06 18:49:12.494 27050 30002 I Gmail   : lowestBackward conversation id 0
04-06 18:49:12.735 27050 30002 I Gmail   : AppDataSearch: minSeqNo=53853, maxSeqNo=54596, lastCommittedSequence=53761
04-06 18:49:12.743 29655 30024 W IcingInternalCorpora: getNumBytesRead when not calculated.
04-06 18:49:12.777 29655 29794 I Icing   : Usage reports 0 indexed 0 rejected 0 imm upload false
04-06 18:49:12.786 29655 29794 I Icing   : Usage reports 0 indexed 0 rejected 0 imm upload false
04-06 18:49:12.806 27050 30002 I Gmail   : Sending provider changed intent: Intent { act=android.intent.action.PROVIDER_CHANGED dat=content://gmail-ls/unread/^sq_ig_i_personal (has extras) }
04-06 18:49:12.814 27050 30002 I UnifiedEmail: notifyAccountChanged
04-06 18:49:12.815 27050 30002 W Gmail   : Sync complete for account: account:1973327458
04-06 18:49:12.817 27050 27084 I UnifiedEmail: getAccountsCursor
04-06 18:49:12.818  1171  6495 I AccountManagerService: getTypesVisibleToCaller: isPermitted? true
04-06 18:49:12.820  1171  1181 I AccountManagerService: getTypesVisibleToCaller: isPermitted? true
04-06 18:49:12.820  1171  6497 I AccountManagerService: getTypesVisibleToCaller: isPermitted? true
04-06 18:49:12.825  1171 10995 I AccountManagerService: getTypesVisibleToCaller: isPermitted? true
04-06 18:49:12.829  1171  2867 I AccountManagerService: getTypesVisibleToCaller: isPermitted? true
04-06 18:49:12.898 27050 30025 I NotifUtils: Validating Notification, mapSize: 1 getAttention: true ignoreUnobtrusive: true
04-06 18:49:12.947 27050 30025 I NotifUtils: Showing notification with unreadCount of 1 and unseenCount of 1
04-06 18:49:13.237 27050 30025 I NotifUtils: Account: 1973327458 vibrate: false
04-06 18:49:13.237 27050 30025 I NotifUtils: New email in 1973327458 vibrateWhen: false, playing notification: content://settings/system/notification_sound
04-06 18:49:13.302 27050 30025 I NotifUtils: notifying summary notification id: 1265475249
04-06 18:49:13.327  1171  3437 I AccountManagerService: getTypesVisibleToCaller: isPermitted? true
04-06 18:49:13.328  1171  1182 I AccountManagerService: getTypesVisibleToCaller: isPermitted? true
04-06 18:49:13.329  1171  3471 I AccountManagerService: getTypesVisibleToCaller: isPermitted? true
04-06 18:49:13.341  3103  4533 I MD.MDServiceQuick: wakelock is held
04-06 18:49:13.343  3103  4533 V MD.QuickDrawLib: ENTER nativeEnableBreathing(false)
04-06 18:49:13.365  3103  4533 D MD.MDServiceQuick:  mRemainingBreathsCount : 18
04-06 18:49:13.369  3103  4538 V MD.QuickDrawLib: nativePassBuffer() buffer_id=4 x=0 y=0 
04-06 18:49:13.369  3103  4538 V MD.QuickDrawLib: nativePassBuffer()  bitmap w:1440 h:1312
04-06 18:49:13.369  3103  4538 V MD.QuickDrawLib: allocateIonBuffer() id=4 x=0 y=0 width=1440 height=1312
04-06 18:49:13.369  3103  4538 V MD.QuickDrawLib: allocateIonBuffer() Success. Returning valid ionMemBuff 
04-06 18:49:13.369  3103  4538 V MD.QuickDrawLib: openFrameBufferDevice() display driver = 1
04-06 18:49:13.369  3103  4538 V MD.QuickDrawLib: openFrameBufferDevice() opening /dev/fb_quickdraw
04-06 18:49:13.369  3103  4538 V MD.QuickDrawLib: openFrameBufferDevice() sensorHubtype = 2 fd=59
04-06 18:49:13.369  3103  4538 V MD.QuickDrawLib: nativePassBuffer() FB_QUICKDRAW_LOCK_BUFFER (request:1074032900) for 4
04-06 18:49:13.371  3103  4538 V MD.QuickDrawLib: nativePassBuffer() FB_QUICKDRAW_UNLOCK_BUFFER (request:1074032901) for 4
04-06 18:49:13.415  3103  4538 V MD.QuickDrawLib: nativePassBuffer() buffer_id=1 x=0 y=0 
04-06 18:49:13.415  3103  4538 V MD.QuickDrawLib: nativePassBuffer()  bitmap w:1440 h:1312
04-06 18:49:13.415  3103  4538 V MD.QuickDrawLib: allocateIonBuffer() id=1 x=0 y=0 width=1440 height=1312
04-06 18:49:13.415  3103  4538 V MD.QuickDrawLib: allocateIonBuffer() Success. Returning valid ionMemBuff 
04-06 18:49:13.415  3103  4538 V MD.QuickDrawLib: openFrameBufferDevice() display driver = 1
04-06 18:49:13.415  3103  4538 V MD.QuickDrawLib: openFrameBufferDevice() opening /dev/fb_quickdraw
04-06 18:49:13.415  3103  4538 V MD.QuickDrawLib: openFrameBufferDevice() sensorHubtype = 2 fd=59
04-06 18:49:13.415  3103  4538 V MD.QuickDrawLib: nativePassBuffer() FB_QUICKDRAW_LOCK_BUFFER (request:1074032900) for 1
04-06 18:49:13.418  3103  4538 V MD.QuickDrawLib: nativePassBuffer() FB_QUICKDRAW_UNLOCK_BUFFER (request:1074032901) for 1
04-06 18:49:13.421  3103  4538 V MD.QuickDrawLib: nativePassBuffer() buffer_id=5 x=0 y=1312 
04-06 18:49:13.421  3103  4538 V MD.QuickDrawLib: nativePassBuffer()  bitmap w:1440 h:1248
04-06 18:49:13.421  3103  4538 V MD.QuickDrawLib: allocateIonBuffer() id=5 x=0 y=1312 width=1440 height=1248
04-06 18:49:13.422  3103  4538 V MD.QuickDrawLib: allocateIonBuffer() Success. Returning valid ionMemBuff 
04-06 18:49:13.422  3103  4538 V MD.QuickDrawLib: openFrameBufferDevice() display driver = 1
04-06 18:49:13.422  3103  4538 V MD.QuickDrawLib: openFrameBufferDevice() opening /dev/fb_quickdraw
04-06 18:49:13.422  3103  4538 V MD.QuickDrawLib: openFrameBufferDevice() sensorHubtype = 2 fd=59
04-06 18:49:13.422  3103  4538 V MD.QuickDrawLib: nativePassBuffer() FB_QUICKDRAW_LOCK_BUFFER (request:1074032900) for 5
04-06 18:49:13.424  3103  4538 V MD.QuickDrawLib: nativePassBuffer() FB_QUICKDRAW_UNLOCK_BUFFER (request:1074032901) for 5
04-06 18:49:13.427  3103  4538 V MD.QuickDrawLib: nativePassBuffer() buffer_id=7 x=0 y=1312 
04-06 18:49:13.427  3103  4538 V MD.QuickDrawLib: nativePassBuffer()  bitmap w:1440 h:1248
04-06 18:49:13.427  3103  4538 V MD.QuickDrawLib: allocateIonBuffer() id=7 x=0 y=1312 width=1440 height=1248
04-06 18:49:13.427  3103  4538 V MD.QuickDrawLib: allocateIonBuffer() Success. Returning valid ionMemBuff 
04-06 18:49:13.427  3103  4538 V MD.QuickDrawLib: openFrameBufferDevice() display driver = 1
04-06 18:49:13.427  3103  4538 V MD.QuickDrawLib: openFrameBufferDevice() opening /dev/fb_quickdraw
04-06 18:49:13.427  3103  4538 V MD.QuickDrawLib: openFrameBufferDevice() sensorHubtype = 2 fd=59
04-06 18:49:13.427  3103  4538 V MD.QuickDrawLib: nativePassBuffer() FB_QUICKDRAW_LOCK_BUFFER (request:1074032900) for 7
04-06 18:49:13.430  3103  4538 V MD.QuickDrawLib: nativePassBuffer() FB_QUICKDRAW_UNLOCK_BUFFER (request:1074032901) for 7
04-06 18:49:13.434  3103  4538 V MD.QuickDrawLib: nativePassBuffer() buffer_id=6 x=0 y=1312 
04-06 18:49:13.434  3103  4538 V MD.QuickDrawLib: nativePassBuffer()  bitmap w:1440 h:1248
04-06 18:49:13.434  3103  4538 V MD.QuickDrawLib: allocateIonBuffer() id=6 x=0 y=1312 width=1440 height=1248
04-06 18:49:13.434  3103  4538 V MD.QuickDrawLib: allocateIonBuffer() Success. Returning valid ionMemBuff 
04-06 18:49:13.434  3103  4538 V MD.QuickDrawLib: openFrameBufferDevice() display driver = 1
04-06 18:49:13.434  3103  4538 V MD.QuickDrawLib: openFrameBufferDevice() opening /dev/fb_quickdraw
04-06 18:49:13.434  3103  4538 V MD.QuickDrawLib: openFrameBufferDevice() sensorHubtype = 2 fd=59
04-06 18:49:13.434  3103  4538 V MD.QuickDrawLib: nativePassBuffer() FB_QUICKDRAW_LOCK_BUFFER (request:1074032900) for 6
04-06 18:49:13.437  3103  4538 V MD.QuickDrawLib: nativePassBuffer() FB_QUICKDRAW_UNLOCK_BUFFER (request:1074032901) for 6
04-06 18:49:13.439  3103  4538 V MD.QuickDrawLib: nativePassBuffer() buffer_id=19 x=0 y=1312 
04-06 18:49:13.439  3103  4538 V MD.QuickDrawLib: nativePassBuffer()  bitmap w:1440 h:1248
04-06 18:49:13.439  3103  4538 V MD.QuickDrawLib: allocateIonBuffer() id=19 x=0 y=1312 width=1440 height=1248
04-06 18:49:13.439  3103  4538 V MD.QuickDrawLib: allocateIonBuffer() Success. Returning valid ionMemBuff 
04-06 18:49:13.439  3103  4538 V MD.QuickDrawLib: openFrameBufferDevice() display driver = 1
04-06 18:49:13.439  3103  4538 V MD.QuickDrawLib: openFrameBufferDevice() opening /dev/fb_quickdraw
04-06 18:49:13.439  3103  4538 V MD.QuickDrawLib: openFrameBufferDevice() sensorHubtype = 2 fd=59
04-06 18:49:13.439  3103  4538 V MD.QuickDrawLib: nativePassBuffer() FB_QUICKDRAW_LOCK_BUFFER (request:1074032900) for 19
04-06 18:49:13.442  3103  4538 V MD.QuickDrawLib: nativePassBuffer() FB_QUICKDRAW_UNLOCK_BUFFER (request:1074032901) for 19
04-06 18:49:13.454  3103  4533 V MD.QuickDrawLib: ENTER nativeEnableBreathing(true)
04-06 18:49:13.811 29655 29794 I Icing   : Indexing 5A12C680EC620598EBDD2FEDCE77F85BA2279AC2 from com.google.android.gm
04-06 18:49:14.121 29655 29794 I Icing   : Indexing done 5A12C680EC620598EBDD2FEDCE77F85BA2279AC2
04-06 18:49:17.853  3558  5420 V ConnectivityManager: isActiveNetworkMetered() returns:false
04-06 18:49:17.872  1171  3071 I AccountManagerService: getTypesVisibleToCaller: isPermitted? true
04-06 18:49:17.958  3558 30032 V ConnectivityManager: isActiveNetworkMetered() returns:false
04-06 18:49:17.992  3558  5420 V ConnectivityManager: isActiveNetworkMetered() returns:false
04-06 18:49:18.231   657   657 I MSM-irqbalance: Decided to move IRQ270 from CPU1 to CPU3
04-06 18:49:21.996  2892  3051 I NetworkController.MotorolaMobileSignalController(1): MotorolaMobilePhoneStateListener.onSignalStrengthsChanged: Entered: signalStrength=SignalStrength: 99 0 -120 -160 -120 -1 -1 15 -110 -10 28 2147483647 2147483647 gsm|lte level=2
04-06 18:49:29.631  1171  2866 I AccountManagerService: getTypesVisibleToCaller: isPermitted? true
04-06 18:49:29.634  1171  3081 I AccountManagerService: getTypesVisibleToCaller: isPermitted? true
04-06 18:49:29.636  1171  3071 I AccountManagerService: getTypesVisibleToCaller: isPermitted? true
04-06 18:49:29.661  2892  3051 I NetworkController.MotorolaMobileSignalController(1): MotorolaMobilePhoneStateListener.onSignalStrengthsChanged: Entered: signalStrength=SignalStrength: 99 0 -120 -160 -120 -1 -1 15 -110 -12 42 2147483647 2147483647 gsm|lte level=2
04-06 18:49:45.044  2892  3051 I NetworkController.MotorolaMobileSignalController(1): MotorolaMobilePhoneStateListener.onSignalStrengthsChanged: Entered: signalStrength=SignalStrength: 99 0 -120 -160 -120 -1 -1 15 -110 -9 72 2147483647 2147483647 gsm|lte level=2
04-06 18:49:49.586  1171  2714 D BatteryService: uevent={POWER_SUPPLY_TEMP=312, POWER_SUPPLY_STATUS=Charging, POWER_SUPPLY_CAPACITY=93, ACTION=change, DEVPATH=/devices/soc.0/qpnp-smbcharger-18/power_supply/battery, POWER_SUPPLY_AGE=97, POWER_SUPPLY_VOLTAGE_MAX=4440, SUBSYSTEM=power_supply, POWER_SUPPLY_NUM_SYSTEM_TEMP_LEVELS=12, POWER_SUPPLY_INPUT_CURRENT_MAX=1500000, POWER_SUPPLY_VOLTAGE_MAX_DESIGN=4400000, POWER_SUPPLY_CHARGE_FULL=2953457, POWER_SUPPLY_NAME=battery, POWER_SUPPLY_FLASH_CURRENT_MAX=3742254, POWER_SUPPLY_HEALTH=Good, POWER_SUPPLY_CYCLE_COUNT=5, POWER_SUPPLY_TECHNOLOGY=Li-ion, POWER_SUPPLY_CHARGE_TYPE=Fast, POWER_SUPPLY_CONSTANT_CHARGE_CURRENT_MAX=2000000, POWER_SUPPLY_PRESENT=1, POWER_SUPPLY_TEMP_HOTSPOT=29200, POWER_SUPPLY_INPUT_CURRENT_SETTLED=0, POWER_SUPPLY_SAFETY_TIMER_ENABLED=0, POWER_SUPPLY_VOLTAGE_NOW=4349034, SEQNUM=40670, POWER_SUPPLY_CHARGE_FULL_DESIGN=3034000, POWER_SUPPLY_CURRENT_NOW=-411069, POWER_SUPPLY_CHARGE_COUNTER=2829150, POWER_SUPPLY_SYSTEM_TEMP_LEVEL=0, POWER_SUPPLY_CHARGE_RATE=Normal, POWER_SUPPLY_CHARGING_ENABLED=1, POWER_SUPPLY_BATTERY_CHARGING_ENABLED=1}
04-06 18:49:50.159  2892  3051 I NetworkController.MotorolaMobileSignalController(1): MotorolaMobilePhoneStateListener.onSignalStrengthsChanged: Entered: signalStrength=SignalStrength: 99 0 -120 -160 -120 -1 -1 15 -110 -12 42 2147483647 2147483647 gsm|lte level=2
04-06 18:49:53.803 30038 30043 I chatty  : uid=2000(shell) screenrecord expire 6 lines
04-06 18:49:53.809   440   440 I OMX-VENC: Video encode perflock acquired,handle=26494
04-06 18:49:53.820  2892  3051 I NetworkController.MotorolaMobileSignalController(1): MotorolaMobilePhoneStateListener.onSignalStrengthsChanged: Entered: signalStrength=SignalStrength: 99 0 -120 -160 -120 -1 -1 15 -110 -12 80 2147483647 2147483647 gsm|lte level=2
04-06 18:49:53.905   440   440 I OMX-VENC: Component_init : OMX.qcom.video.encoder.avc : return = 0x0
04-06 18:49:53.910   440  2480 E OMX-VENC: set_parameter: metamode is valid for input port only
04-06 18:49:53.910   440  2480 W OMXNodeInstance: [317:qcom.encoder.avc] component does not support metadata mode; using fallback
04-06 18:49:53.928   440   440 E OMXNodeInstance: getParameter(317:qcom.encoder.avc, ParamConsumerUsageBits(0x6f800004)) ERROR: UnsupportedIndex(0x8000101a)
04-06 18:49:53.998   410  2577 D PermissionCache: checking android.permission.ACCESS_SURFACE_FLINGER for uid=2000 => granted (298 us)
04-06 18:49:54.081 30038 30038 I MPEG4Writer: limits: 4294967295/0 bytes/us, bit rate: -1 bps and the estimated moov size 3193 bytes
04-06 18:49:54.090 30038 30056 I MPEG4Writer: setStartTimestampUs: 159239864025
04-06 18:49:54.090 30038 30056 I MPEG4Writer: Earliest track starting time: 159239864025
04-06 18:49:54.229  1171  2717 V AlarmManager: sending alarm {83f9c1d type 3 *alarm*:android.intent.action.TIME_TICK}
04-06 18:49:54.233  1171  2717 V AlarmManager: sending alarm {a67c645 type 3 *alarm*:com.google.android.gms.location.fused.SEND_LOCATION_IN_SMD_MODE}
04-06 18:49:54.237  1171  2717 V AlarmManager: sending alarm {3c77938 type 3 *alarm*:com.google.android.gms/.lockbox.LockboxAlarmReceiver}
04-06 18:49:54.241  1171  2717 V AlarmManager: sending alarm {d95a30f type 2 *walarm*:com.google.android.location.ALARM_WAKEUP_LOCATOR}
04-06 18:49:54.247  1171  1171 I ActivityManager: Killing 27524:com.android.settings/1000 (adj 15): empty for 1828s
04-06 18:49:54.312  1171  6495 D GraphicsStats: Buffer count: 9
04-06 18:49:54.314  1171  2739 D WifiService: Client connection lost with reason: 4
04-06 18:49:54.322  1171  3081 D ActivityManager: cleanUpApplicationRecord -- 27524
04-06 18:49:54.347  1171  1171 V AlarmManager: done {a67c645, *alarm*:com.google.android.gms.location.fused.SEND_LOCATION_IN_SMD_MODE} [118ms]
04-06 18:49:54.357  1171  1171 V AlarmManager: done {3c77938, *alarm*:com.google.android.gms/.lockbox.LockboxAlarmReceiver} [128ms]
04-06 18:49:54.364  1171  3071 D WifiService: acquireWifiLockLocked: WifiLock{NlpWifiLock type=2 binder=android.os.BinderProxy@1d58138}
04-06 18:49:54.367  1171  2734 D WifiStateMachine: CMD_START_SCAN source 10019 txSuccessRate=10.72 rxSuccessRate=28.94 targetRoamBSSID=any RSSI=-45
04-06 18:49:54.368 17780 17780 I chatty  : uid=1010(wifi) /system/bin/wpa_supplicant expire 331 lines
04-06 18:49:54.368  1171  2734 D WifiStateMachine: [1,491,529,794,368 ms] noteScanStartWorkSource{10019, 10049, 10117} uid 10019
04-06 18:49:54.373  1171  1171 V AlarmManager: done {d95a30f, *walarm*:com.google.android.location.ALARM_WAKEUP_LOCATOR} [144ms]
04-06 18:49:54.389  1171  3471 I AccountManagerService: getTypesVisibleToCaller: isPermitted? true
04-06 18:49:54.404  3558 29736 I GCoreUlr: Successfully inserted 1 locations
04-06 18:49:54.469  1171  1171 V AlarmManager: done {83f9c1d, *alarm*:android.intent.action.TIME_TICK} [240ms]
04-06 18:49:55.407  1171  3437 I PowerManagerService: Waking up from dozing (uid 10035)...
04-06 18:49:55.407  1171  1171 V KeyguardServiceDelegate: onStartedWakingUp()
04-06 18:49:55.413  1171  2866 I DreamManagerService: Leaving dreamland.
04-06 18:49:55.414  1171  1187 I DreamController: Stopping dream: name=ComponentInfo{com.motorola.motodisplay/com.motorola.motodisplay.DozeService}, isTest=false, canDoze=true, userId=0
04-06 18:49:55.417  1171  1193 V KeyguardServiceDelegate: onScreenTurnedOn(showListener = com.android.server.policy.PhoneWindowManager$2@fa3aa12)
04-06 18:49:55.428  1171  3474 V KeyguardServiceDelegate: **** SHOWN CALLED ****
04-06 18:49:55.431  1171  1193 E MotoSensors: Sensorhub hal setdelay: 6 - 250000000
04-06 18:49:55.433  1171  1193 E MotoSensors: Sensorhub hal enable: 6 - 1
04-06 18:49:55.435   410   410 D SurfaceFlinger: Set power mode=2, type=0 flinger=0x7f9af43c00
04-06 18:49:55.435   410   410 D qdhwcomposer: hwc_setPowerMode: Setting mode 2 on display: 0
04-06 18:49:55.435  1171  1190 I DisplayManagerService: Display device changed state: "Built-in Screen", ON
04-06 18:49:55.456 19335 19385 V ConnectivityManager: isActiveNetworkMetered() returns:false
04-06 18:49:55.459  3103  3103 V MD.QuickDrawLib: ENTER nativeEnableBreathing(false)
04-06 18:49:55.475   440  3418 D audio_hw_primary: adev_set_parameters: enter: screen_state=on
04-06 18:49:55.480   440  3418 D audio_hw_fm: audio_extn_fm_set_parameters: Inside
04-06 18:49:55.480   440  3418 V audio_hw_fm: audio_extn_fm_set_parameters: enter
04-06 18:49:55.480   440  3418 V audio_hw_fm: audio_extn_fm_set_parameters: exit
04-06 18:49:55.480   440  3418 E bt_a2dp_hw: adev_set_parameters: ERROR: set param called even when stream out is null
04-06 18:49:55.480   440  3418 D mot_vr_audio_hw: adev_set_parameters: screen_state=on
04-06 18:49:55.481  1171  2734 E WifiStateMachine: allowFullBandScanAndAssociated: packet rate tx48.4296875  rx 55.484375 allow scan with traffic 0
04-06 18:49:55.481  1171  2734 D WifiStateMachine: backgroundScan enabled=false
04-06 18:49:55.481  1171  2734 D WifiStateMachine: handleScreenStateChanged Exit: true
04-06 18:49:55.489  2892  2892 V QSTileView: setDual true
04-06 18:49:55.489  2892  2892 V QSTileView: setDual true
04-06 18:49:55.490  2892  2892 V QSTileView: setDual false
04-06 18:49:55.490  2892  2892 V QSTileView: setDual false
04-06 18:49:55.490  2892  2892 V QSTileView: setDual false
04-06 18:49:55.490  2892  2892 V QSTileView: setDual false
04-06 18:49:55.490  2892  2892 V QSTileView: setDual false
04-06 18:49:55.490  2892  2892 V QSTileView: setDual false
04-06 18:49:55.490  2892  2892 V QSTileView: setDual false
04-06 18:49:55.490  2892  2892 V QSTileView: setDual false
04-06 18:49:55.490  2892  2892 V QSTileView: setDual false
04-06 18:49:55.491  2892  2892 V QSTileView: setDual true
04-06 18:49:55.491  2892  2892 V QSTileView: setDual true
04-06 18:49:55.491  2892  2892 V QSTileView: setDual false
04-06 18:49:55.491  2892  2892 V QSTileView: setDual false
04-06 18:49:55.491  2892  2892 V QSTileView: setDual false
04-06 18:49:55.492  2892  2892 V QSTileView: setDual false
04-06 18:49:55.492  2892  2892 V QSTileView: setDual false
04-06 18:49:55.492  2892  2892 V QSTileView: setDual false
04-06 18:49:55.492  2892  2892 V QSTileView: setDual false
04-06 18:49:55.492  2892  2892 V QSTileView: setDual false
04-06 18:49:55.492  2892  2892 V QSTileView: setDual false
04-06 18:49:55.494  1171  2734 D WifiStateMachine: setSuspendOptimizationsNative: 4 false -want true stack:setSuspendOptimizationsNative - -wrap61 - processMessage - processMsg
04-06 18:49:55.494  1171  2734 E native  : do suspend false
04-06 18:49:55.495  9137  9269 V ConnectivityManager: isActiveNetworkMetered() returns:false
04-06 18:49:55.496  1171  2734 D WifiConfigStore: No blacklist allowed without epno enabled
04-06 18:49:55.559  3391  3391 D NativeNfcManager: power state=3
04-06 18:49:55.570  2892  3051 I NetworkController.MotorolaMobileSignalController(1): MotorolaMobilePhoneStateListener.onDataActivity: Entered: direction=4
04-06 18:49:55.572  2892  3051 I NetworkController.MotorolaMobileSignalController(1): MotorolaMobilePhoneStateListener.onDataActivity: Entered: direction=4
04-06 18:49:55.595  3391  3538 E BrcmNfcNfa: nfa_ee_api_remove_aid The AID entry is not in the database
04-06 18:49:55.595  3391  3538 E BrcmNfcNfa: nfa_ee_api_remove_aid The AID entry is not in the database
04-06 18:49:55.596  3391  3538 E BrcmNfcNfa: nfa_ee_api_remove_aid The AID entry is not in the database
04-06 18:49:55.596  3391  3538 E BrcmNfcNfa: nfa_ee_api_remove_aid The AID entry is not in the database
04-06 18:49:55.596  3391  3538 E BrcmNfcNfa: nfa_ee_api_remove_aid The AID entry is not in the database
04-06 18:49:55.596  3391  3538 E BrcmNfcNfa: nfa_ee_api_remove_aid The AID entry is not in the database
04-06 18:49:55.596  3391  3538 E BrcmNfcNfa: nfa_ee_api_remove_aid The AID entry is not in the database
04-06 18:49:55.597  3391  3538 E BrcmNfcNfa: nfa_ee_api_remove_aid The AID entry is not in the database
04-06 18:49:55.597  3391  3538 E BrcmNfcNfa: nfa_ee_api_remove_aid The AID entry is not in the database
04-06 18:49:55.597  3391  3538 E BrcmNfcNfa: nfa_ee_api_remove_aid The AID entry is not in the database
04-06 18:49:55.597  3391  3538 E BrcmNfcNfa: nfa_ee_api_remove_aid The AID entry is not in the database
04-06 18:49:55.597  3391  3538 E BrcmNfcNfa: nfa_ee_api_remove_aid The AID entry is not in the database
04-06 18:49:55.597  3391  3538 E BrcmNfcNfa: nfa_ee_api_remove_aid The AID entry is not in the database
04-06 18:49:55.597  3391  3538 E BrcmNfcNfa: nfa_ee_api_remove_aid The AID entry is not in the database
04-06 18:49:55.597  3391  3538 E BrcmNfcNfa: nfa_ee_api_remove_aid The AID entry is not in the database
04-06 18:49:55.598  3391  3538 E BrcmNfcNfa: nfa_ee_api_remove_aid The AID entry is not in the database
04-06 18:49:55.598  3391  3538 E BrcmNfcNfa: nfa_ee_api_remove_aid The AID entry is not in the database
04-06 18:49:55.598  3391  3538 E BrcmNfcNfa: nfa_ee_api_remove_aid The AID entry is not in the database
04-06 18:49:55.598  3391  3538 E BrcmNfcNfa: nfa_ee_api_remove_aid The AID entry is not in the database
04-06 18:49:55.599  3391  3538 E BrcmNfcNfa: nfa_ee_api_remove_aid The AID entry is not in the database
04-06 18:49:55.599  3391  3538 E BrcmNfcNfa: nfa_ee_api_remove_aid The AID entry is not in the database
04-06 18:49:55.599  3391  3538 E BrcmNfcNfa: nfa_ee_api_remove_aid The AID entry is not in the database
04-06 18:49:55.599   410   777 I qdhwcomposer: handle_blank_event: dpy:0 panel power state: 1
04-06 18:49:55.599   410   410 D qdhwcomposer: hwc_setPowerMode: Done setting mode 2 on display 0
04-06 18:49:55.599   410   775 I qdhwcomposer: dcabc_loop: OFF -> UI
04-06 18:49:55.599   410   775 I qdhwcomposer: dcabc_loop: Done updating UI mode
04-06 18:49:55.601  1171  2837 D SurfaceControl: Excessive delay in setPowerMode(): 166ms
04-06 18:49:55.601  1171  1193 V KeyguardServiceDelegate: onScreenTurnedOn()
04-06 18:49:55.606  1171  3470 E MotoSensors: Sensorhub hal setdelay: 16 - 66667000
04-06 18:49:55.606  1171  3470 E MotoSensors: Sensorhub hal enable: 16 - 1
04-06 18:49:55.607   410   781 I SFPerfTracer:      triggers: (rate: 1:213) (866037 sw vsyncs) (0 skipped) (0:1259881 vsyncs) (17588:2245287)
04-06 18:49:55.628 29655 29655 I DeviceScanner: [MDNS] Screen is ON
04-06 18:49:55.629 29655 29655 I DeviceScanner: [CastNearby] Screen is ON
04-06 18:49:55.662  3558 29736 E ctxmgr  : [ProducerActiveIntervalImpl]addNewAppInterval: already contained:appKey=cdv@71c1b10a,appInterval=cdt@139a5ad,record=cjv{key=cjx{com.google.android.googlequicksearchbox, 10049, account#1973327458#, com.google.android.apps.gsa.staticplugins.proactive.GmsContextManagerClientHelper, dbdfd72f-4e01-4b17-820a-91fcb06e4627}, t=1491527139203, name=1, lifetime=2, production=null, retention=null, dispatch=1, consumer=cfn@8825d541-171483091}
04-06 18:49:55.751  3558 29736 E ctxmgr  : [ProducerActiveIntervalImpl]addNewAppInterval: already contained:appKey=cdv@71c1b10a,appInterval=cdt@b5dc48,record=cjv{key=cjx{com.google.android.googlequicksearchbox, 10049, account#1973327458#, com.google.android.apps.gsa.staticplugins.proactive.GmsContextManagerClientHelper, 8b992f70-1ccf-4412-b2a5-2acfaf7712b5}, t=1491527139203, name=6, lifetime=2, production=null, retention=null, dispatch=1, consumer=cfn@8825d541-171483091}
04-06 18:49:56.621  1171  2713 D MotoSensors: ALS 310
04-06 18:49:56.729 29655 29794 W MdnsClient_Cast: #acquireLock. Multicast lock not held. Acquiring. Subtypes:"C1EB68AE"
04-06 18:49:57.070   410   410 I SFPerfTracer:       trigger: post       (22.079 ms)	(5.412 ms off for 6 triggers)	(6 triggers)	(6 posts)
04-06 18:49:57.449   410   410 I SFPerfTracer:       trigger: post       (18.138 ms)	(1.471 ms off for 7 triggers)	(14 triggers)	(21 posts)
04-06 18:49:57.658   410   410 I SFPerfTracer:       trigger: post       (17.671 ms)	(1.004 ms off for 8 triggers)	(23 triggers)	(32 posts)
04-06 18:49:57.692  2892  2892 D KeyguardViewMediator: keyguardDone(true, true)
04-06 18:49:57.692  2892  2892 D PhoneStatusBar: disable: < expand ICONS alerts SYSTEM_INFO back HOME RECENT clock SEARCH quick_settings >
04-06 18:49:57.696  2892  2892 D KeyguardViewMediator: handleKeyguardDone(true, true)
04-06 18:49:57.696  2892  2892 D KeyguardViewMediator: in handleHide(), mShowing = true mOccluded = false  mHideAnimationRun = false
04-06 18:49:57.696  2892  2892 D KeyguardViewMediator: Call PhoneWindowManager's keyguardGoingAway, expect PhoneWindowManager to call startKeyguardExitAnimation
04-06 18:49:57.738  2892  2892 D KeyguardViewMediator: handleStartKeyguardExitAnimation(159243629, 400)
04-06 18:49:57.746  2892  2892 D PhoneStatusBar: disable: < expand icons* alerts system_info* back HOME RECENT clock SEARCH quick_settings >
04-06 18:49:57.760   410   410 I SFPerfTracer:      triggers: (rate: 1440:48996) (compose: 11:390) (post: 3:34) (render: 0:3036) (34:661715 frames) (35:730862)
04-06 18:49:57.760   410   410 D SFPerfTracer:        layers: (2:10) (FocusedStackFrame (0x7f9af45800): 0:5277)* (DimLayer (0x7f9af6e800): 0:38)* (DimLayer (0x7f9af72000): 0:12)* (StatusBar (0x7f96ef1800): 35:94903) (com.android.systemui.ImageWallpaper (0x7f97064000): 0:2485) (DimLayer (0x7f97065c00): 0:2830)* (DimLayer (0x7f97069400): 0:757)* (NavigationBar (0x7f96e87400): 0:193)- (com.google.android.googlequicksearchbox/com.google.android.launcher.GEL (0x7f96e83c00): 0:53)* (ColorFade (0x7f96e82000): 0:31)- 
04-06 18:49:57.773  3391  3391 D NativeNfcManager: power state=4
04-06 18:49:57.794  2892  2892 D PhoneStatusBar: disable: < expand icons alerts system_info back home* recent* clock search* quick_settings >
04-06 18:49:57.820  3391  3538 E BrcmNfcJni: nfaConnectionCallback: unknown event ????
04-06 18:49:57.821  2892  3051 I NetworkController.MotorolaMobileSignalController(1): MotorolaMobilePhoneStateListener.onSignalStrengthsChanged: Entered: signalStrength=SignalStrength: 99 0 -120 -160 -120 -1 -1 15 -115 -10 78 2147483647 2147483647 gsm|lte level=2
04-06 18:49:57.823  2892  2892 V QSTileView: setDual true
04-06 18:49:57.823  2892  2892 V QSTileView: setDual true
04-06 18:49:57.823  2892  2892 V QSTileView: setDual false
04-06 18:49:57.823  2892  2892 V QSTileView: setDual false
04-06 18:49:57.823  2892  2892 V QSTileView: setDual false
04-06 18:49:57.823  2892  2892 V QSTileView: setDual false
04-06 18:49:57.823  2892  2892 V QSTileView: setDual false
04-06 18:49:57.823  2892  2892 V QSTileView: setDual false
04-06 18:49:57.823  2892  2892 V QSTileView: setDual false
04-06 18:49:57.824  2892  2892 V QSTileView: setDual false
04-06 18:49:57.824  2892  2892 V QSTileView: setDual false
04-06 18:49:57.824  2892  2892 V QSTileView: setDual true
04-06 18:49:57.824  2892  2892 V QSTileView: setDual true
04-06 18:49:57.824  2892  2892 V QSTileView: setDual false
04-06 18:49:57.824  2892  2892 V QSTileView: setDual false
04-06 18:49:57.824  2892  2892 V QSTileView: setDual false
04-06 18:49:57.824  2892  2892 V QSTileView: setDual false
04-06 18:49:57.824  2892  2892 V QSTileView: setDual false
04-06 18:49:57.824  2892  2892 V QSTileView: setDual false
04-06 18:49:57.824  2892  2892 V QSTileView: setDual false
04-06 18:49:57.824  2892  2892 V QSTileView: setDual false
04-06 18:49:57.824  2892  2892 V QSTileView: setDual false
04-06 18:49:57.844  3391  3538 E BrcmNfcNfa: nfa_ee_api_remove_aid The AID entry is not in the database
04-06 18:49:57.844  3391  3538 E BrcmNfcNfa: nfa_ee_api_remove_aid The AID entry is not in the database
04-06 18:49:57.848  3391  3538 E BrcmNfcNfa: nfa_ee_api_remove_aid The AID entry is not in the database
04-06 18:49:57.848  3391  3538 E BrcmNfcNfa: nfa_ee_api_remove_aid The AID entry is not in the database
04-06 18:49:57.849  3391  3538 E BrcmNfcNfa: nfa_ee_api_remove_aid The AID entry is not in the database
04-06 18:49:57.849  3391  3538 E BrcmNfcNfa: nfa_ee_api_remove_aid The AID entry is not in the database
04-06 18:49:57.850  3391  3538 E BrcmNfcNfa: nfa_ee_api_remove_aid The AID entry is not in the database
04-06 18:49:57.850  3391  3538 E BrcmNfcNfa: nfa_ee_api_remove_aid The AID entry is not in the database
04-06 18:49:57.851  3391  3538 E BrcmNfcNfa: nfa_ee_api_remove_aid The AID entry is not in the database
04-06 18:49:57.851  3391  3538 E BrcmNfcNfa: nfa_ee_api_remove_aid The AID entry is not in the database
04-06 18:49:57.851  3391  3538 E BrcmNfcNfa: nfa_ee_api_remove_aid The AID entry is not in the database
04-06 18:49:57.851  3391  3538 E BrcmNfcNfa: nfa_ee_api_remove_aid The AID entry is not in the database
04-06 18:49:57.851  3391  3538 E BrcmNfcNfa: nfa_ee_api_remove_aid The AID entry is not in the database
04-06 18:49:57.851  3391  3538 E BrcmNfcNfa: nfa_ee_api_remove_aid The AID entry is not in the database
04-06 18:49:57.851  3391  3538 E BrcmNfcNfa: nfa_ee_api_remove_aid The AID entry is not in the database
04-06 18:49:57.852  3391  3538 E BrcmNfcNfa: nfa_ee_api_remove_aid The AID entry is not in the database
04-06 18:49:57.852  3391  3538 E BrcmNfcNfa: nfa_ee_api_remove_aid The AID entry is not in the database
04-06 18:49:57.852  3391  3538 E BrcmNfcNfa: nfa_ee_api_remove_aid The AID entry is not in the database
04-06 18:49:57.852  3391  3538 E BrcmNfcNfa: nfa_ee_api_remove_aid The AID entry is not in the database
04-06 18:49:57.852  3391  3538 E BrcmNfcNfa: nfa_ee_api_remove_aid The AID entry is not in the database
04-06 18:49:57.852  3391  3538 E BrcmNfcNfa: nfa_ee_api_remove_aid The AID entry is not in the database
04-06 18:49:57.852  3391  3538 E BrcmNfcNfa: nfa_ee_api_remove_aid The AID entry is not in the database
04-06 18:49:57.938 29655 30079 I Authzen : [DeviceStateSyncManager] The server is in sync with current state. Nothing to do
04-06 18:49:57.976 29655 29655 I DeviceCache: Unable to convert the the network interface's MAC Address to string. MAC address cannot be null.
04-06 18:49:57.977 29655 29655 I DeviceCache: Unable to convert the the network interface's MAC Address to string. MAC address cannot be null.
04-06 18:49:57.978 29655 29655 I DeviceCache: Unable to convert the the network interface's MAC Address to string. MAC address cannot be null.
04-06 18:49:57.978 29655 29655 I DeviceCache: Unable to convert the the network interface's MAC Address to string. MAC address cannot be null.
04-06 18:49:57.978 29655 29655 I DeviceCache: Unable to convert the the network interface's MAC Address to string. MAC address cannot be null.
04-06 18:49:57.979 29655 29655 I DeviceCache: Unable to convert the the network interface's MAC Address to string. MAC address cannot be null.
04-06 18:49:57.979 29655 29655 I DeviceCache: Unable to convert the the network interface's MAC Address to string. MAC address cannot be null.
04-06 18:49:57.979 29655 29655 I DeviceCache: Unable to convert the the network interface's MAC Address to string. MAC address cannot be null.
04-06 18:49:57.980 29655 29655 I DeviceCache: Unable to convert the the network interface's MAC Address to string. MAC address cannot be null.
04-06 18:49:57.980 29655 29655 I DeviceCache: Unable to convert the the network interface's MAC Address to string. MAC address cannot be null.
04-06 18:49:57.980 29655 29655 I DeviceCache: Unable to convert the the network interface's MAC Address to string. MAC address cannot be null.
04-06 18:49:57.981 29655 29655 I DeviceCache: Unable to convert the the network interface's MAC Address to string. MAC address cannot be null.
04-06 18:49:57.981 29655 29655 I DeviceCache: Unable to convert the the network interface's MAC Address to string. MAC address cannot be null.
04-06 18:49:57.981 29655 29655 I DeviceCache: Unable to convert the the network interface's MAC Address to string. MAC address cannot be null.
04-06 18:49:57.981 29655 29655 I DeviceCache: Unable to convert the the network interface's MAC Address to string. MAC address cannot be null.
04-06 18:49:57.982 29655 29655 I DeviceCache: Unable to convert the the network interface's MAC Address to string. MAC address cannot be null.
04-06 18:49:57.982 29655 29655 I DeviceCache: Unable to convert the the network interface's MAC Address to string. MAC address cannot be null.
04-06 18:49:57.982 29655 29655 I DeviceCache: Unable to convert the the network interface's MAC Address to string. MAC address cannot be null.
04-06 18:49:57.984 29655 29655 I DeviceCache: Unable to convert the the network interface's MAC Address to string. MAC address cannot be null.
04-06 18:49:57.984 29655 29655 I DeviceCache: Unable to convert the the network interface's MAC Address to string. MAC address cannot be null.
04-06 18:49:58.040  1171  3080 I ActivityManager: Start proc 30086:com.instagram.android/u0a105 for broadcast com.instagram.android/com.instagram.push.fbns.FbnsInitBroadcastReceiver
04-06 18:49:58.050  1171  6495 W InputMethodManagerService: Window already focused, ignoring focus gain of: com.android.internal.view.IInputMethodClient$Stub$Proxy@92391e5 attribute=android.view.inputmethod.EditorInfo@6b714ba, token = android.os.BinderProxy@148a30e
04-06 18:49:58.053  1171  1180 I art     : Background partial concurrent mark sweep GC freed 42718(2MB) AllocSpace objects, 4(380KB) LOS objects, 21% free, 58MB/74MB, paused 1.471ms total 206.509ms
04-06 18:49:58.127  3558  3567 I art     : Background partial concurrent mark sweep GC freed 149853(11MB) AllocSpace objects, 133(3MB) LOS objects, 28% free, 39MB/55MB, paused 914us total 123.203ms
04-06 18:49:58.215 30086 30086 E linker  : readlink('') failed: No such file or directory [fd=15]
04-06 18:49:58.215 30086 30086 E linker  : warning: unable to get realpath for the library "/data/dalvik-cache/arm/system@framework@com.google.android.maps.jar@classes.dex". Will use given name.
04-06 18:49:58.221  1251  1262 I AttachedClient: Adding client event 2 to pending list.
04-06 18:49:58.222  1251  1262 I AttachedClient: Adding client event 2 to pending list.
04-06 18:49:58.222 30086 30086 E linker  : readlink('') failed: No such file or directory [fd=15]
04-06 18:49:58.222 30086 30086 E linker  : warning: unable to get realpath for the library "/data/app/com.instagram.android-1/oat/arm/base.odex". Will use given name.
04-06 18:49:58.225   657   657 I MSM-irqbalance: Decided to move IRQ76 from CPU0 to CPU3
04-06 18:49:58.226  2892  2892 V QSTileView: setDual true
04-06 18:49:58.226  2892  2892 V QSTileView: setDual true
04-06 18:49:58.226  2892  2892 V QSTileView: setDual false
04-06 18:49:58.226  2892  2892 V QSTileView: setDual false
04-06 18:49:58.226  2892  2892 V QSTileView: setDual false
04-06 18:49:58.226  2892  2892 V QSTileView: setDual false
04-06 18:49:58.226  2892  2892 V QSTileView: setDual false
04-06 18:49:58.226  2892  2892 V QSTileView: setDual false
04-06 18:49:58.227  2892  2892 V QSTileView: setDual false
04-06 18:49:58.227  2892  2892 V QSTileView: setDual false
04-06 18:49:58.227  2892  2892 V QSTileView: setDual false
04-06 18:49:58.266  1251  1251 I OptInState: There is a new client and it does not support opt-in. Dropping request.
04-06 18:49:58.307  1251  1251 I MicroDetectionWorker: Micro detection mode: [mDetectionMode: [1]].
04-06 18:49:58.313  1251 30083 V ConnectivityManager: isActiveNetworkMetered() returns:false
04-06 18:49:58.349  1251 30101 V ConnectivityManager: isActiveNetworkMetered() returns:false
04-06 18:49:58.366  1251  1251 I MicroDetectionWorker: onReady
04-06 18:49:58.385  1251 30107 I MicroRecognitionRunner: Starting detection.
04-06 18:49:58.385  1251 30101 I MicrophoneInputStream: mic_starting com.google.android.apps.gsa.speech.audio.ag@53fb282
04-06 18:49:58.397   440 30109 I AudioFlinger: AudioFlinger's thread 0xe6640000 ready to run
04-06 18:49:58.423   410   410 I SFPerfTracer:       trigger: render     (31.637 ms)	(6.637 ms off for 16 triggers)	(16 triggers)	(17 renders)
04-06 18:49:58.425  1251 30101 I MicrophoneInputStream: mic_started com.google.android.apps.gsa.speech.audio.ag@53fb282
04-06 18:49:58.435   440 30109 D audio_hw_primary: select_devices: out_snd_device(0: none) in_snd_device(70: voice-rec-mic)
04-06 18:49:58.435   440 30109 D msm8974_platform: platform_send_audio_calibration: sending audio calibration for snd_device(70) acdb_id(62)
04-06 18:49:58.436   440 30109 D ACDB-LOADER: ACDB -> send_audio_cal, acdb_id = 62, path =  1
04-06 18:49:58.436   440 30109 D ACDB-LOADER: ACDB -> send_asm_topology
04-06 18:49:58.436   440 30109 D ACDB-LOADER: ACDB -> ACDB_CMD_GET_AUDPROC_STREAM_TOPOLOGY_ID
04-06 18:49:58.437   440 30109 D ACDB-LOADER: ACDB -> send_adm_topology
04-06 18:49:58.437   440 30109 D ACDB-LOADER: ACDB -> ACDB_CMD_GET_AUDPROC_COMMON_TOPOLOGY_ID
04-06 18:49:58.437   440 30109 D ACDB-LOADER: ACDB -> send_audtable
04-06 18:49:58.437   440 30109 D ACDB-LOADER: ACDB -> ACDB_CMD_GET_AUDPROC_COMMON_TABLE
04-06 18:49:58.438   440 30109 D ACDB-LOADER: ACDB -> AUDIO_SET_AUDPROC_CAL
04-06 18:49:58.438   440 30109 D ACDB-LOADER: ACDB -> send_audvoltable
04-06 18:49:58.438   440 30109 D ACDB-LOADER: ACDB -> ACDB_CMD_GET_AUDPROC_GAIN_DEP_STEP_TABLE
04-06 18:49:58.438   440 30109 D         : Failed to fetch the lookup information of the device 0000003E 
04-06 18:49:58.438   440 30109 E ACDB-LOADER: Error: ACDB AudProc vol returned = -19
04-06 18:49:58.438   440 30109 D ACDB-LOADER: ACDB -> AUDIO_SET_AUDPROC_VOL_CAL
04-06 18:49:58.438   440 30109 D ACDB-LOADER: ACDB -> send_afe_cal
04-06 18:49:58.438   440 30109 D ACDB-LOADER: ACDB -> ACDB_CMD_GET_AFE_COMMON_TABLE
04-06 18:49:58.438   440 30109 D         : Failed to fetch the lookup information of the device 0000003E 
04-06 18:49:58.438   440 30109 D ACDB-LOADER: ACDB -> AUDIO_SET_AFE_CAL
04-06 18:49:58.438   440 30109 D ACDB-LOADER: ACDB -> send_hw_delay : acdb_id = 62 path = 1
04-06 18:49:58.438   440 30109 D ACDB-LOADER: ACDB -> ACDB_AVSYNC_INFO: ACDB_CMD_GET_DEVICE_PROPERTY
04-06 18:49:58.438   440 30109 D audio_hw_primary: enable_snd_device: snd_device(70: voice-rec-mic)
04-06 18:49:58.456   440 30109 D audio_hw_primary: enable_audio_route: apply and update mixer path: audio-record
04-06 18:49:58.457  3558 29769 W ctxmgr  : [AclManager]No 3 for (accnt=account#-517948760#, com.google.android.googlequicksearchbox(10049):com.google.android.googlequicksearchbox, vrsn=10084000, 1, 3pPkg = null ,  3pMdlId = null). Was: 3 for 6, account#-517948760#
04-06 18:49:58.483  3558 29876 E ctxmgr  : [ProducerActiveIntervalImpl]addNewAppInterval: already contained:appKey=cdv@68c04681,appInterval=cdt@2731ac0,record=cjv{key=cjx{com.google.android.googlequicksearchbox, 10049, account#-517948760#, com.google.android.googlequicksearchbox, AgsaForegroundInterestKey}, t=1491529798479, name=18, lifetime=1 durn=3600000, production=3 intvl=360000 pri=102, retention=2 cnt=1, dispatch=null, consumer=null}
04-06 18:49:58.484  3558 29876 W ctxmgr  : [PlacesProducer]Not handling added production policy type=3
04-06 18:49:58.496  2892  3051 D MotoNetwCtrlr: onReceive: intent=Intent { act=android.net.wifi.RSSI_CHANGED flg=0x4000010 (has extras) }
04-06 18:49:58.497  2892  3051 I MotoNetwCtrlr.MotoWifiSignalCtrlr: handleBroadcast: Entered: Intent=Intent { act=android.net.wifi.RSSI_CHANGED flg=0x4000010 (has extras) } Action=android.net.wifi.RSSI_CHANGED
04-06 18:49:58.524 30086 30086 E linker  : readlink('') failed: No such file or directory [fd=15]
04-06 18:49:58.524 30086 30086 E linker  : warning: unable to get realpath for the library "/data/app/com.instagram.android-1/lib/arm/libgnustl_shared.so". Will use given name.
04-06 18:49:58.534 30086 30086 E linker  : readlink('') failed: No such file or directory [fd=15]
04-06 18:49:58.534 30086 30086 E linker  : warning: unable to get realpath for the library "/data/app/com.instagram.android-1/lib/arm/libbreakpad.so". Will use given name.
04-06 18:49:58.535 30086 30086 E linker  : readlink('') failed: No such file or directory [fd=15]
04-06 18:49:58.535 30086 30086 E linker  : warning: unable to get realpath for the library "libsigmux.so". Will use given name.
04-06 18:49:58.541 30086 30086 E linker  : readlink('') failed: No such file or directory [fd=21]
04-06 18:49:58.541  1251  1251 I MicroDetectionWorker: onReady
04-06 18:49:58.541 30086 30086 E linker  : warning: unable to get realpath for the library "/data/app/com.instagram.android-1/lib/arm/libcpp_helper.so". Will use given name.
04-06 18:49:58.545   410   410 I SFPerfTracer:       trigger: frame rate (-48.146%)	(31.113 fps)	(32.141 ms) 	(3 drops)	(16 frames)
04-06 18:49:58.545   410   410 I SFPerfTracer:       trigger: post       (26.524 ms)	(9.857 ms off for 17 triggers)	(17 triggers)	(17 posts)
04-06 18:49:58.545   410   410 I SFPerfTracer:      triggers: (rate: 1441:48999) (compose: 11:390) (post: 4:56) (render: 1:3056) (16:661732 frames) (17:730884)
04-06 18:49:58.545   410   410 D SFPerfTracer:        layers: (4:9) (FocusedStackFrame (0x7f9af45800): 0:5279)* (DimLayer (0x7f9af6e800): 0:38)* (DimLayer (0x7f9af72000): 0:12)* (StatusBar (0x7f96ef1800): 16:94922) (com.android.systemui.ImageWallpaper (0x7f97064000): 0:2486) (DimLayer (0x7f97065c00): 0:2830)* (DimLayer (0x7f97069400): 0:757)* (com.google.android.googlequicksearchbox/com.google.android.launcher.GEL (0x7f96e83c00): 16:71) (NavigationBar (0x7f96e82000): 9:12) 
04-06 18:49:58.595  3558  4921 I Places  : ?: PlacesBleScanner start() with priority 2
04-06 18:49:58.596  3558  4921 I PlaceInferenceEngine: [anon] Setup for configuration 102:[BeaconScoring, CategoryScoring, DistanceScoring, GeoJournalScoring, HomeWorkScoring, HulkPersonaScoring, PopularityScoring, SpotterScoring, TimeBasedScoring, WifiScoring]
04-06 18:49:58.596  3558  4921 I PlaceInferenceEngine: [anon] Active modules after start(): 10
04-06 18:49:58.624 30086 30086 E linker  : readlink('') failed: No such file or directory [fd=21]
04-06 18:49:58.625 30086 30086 E linker  : warning: unable to get realpath for the library "/data/app/com.instagram.android-1/lib/arm/libscrambler.so". Will use given name.
04-06 18:49:58.628 30086 30086 E linker  : readlink('') failed: No such file or directory [fd=21]
04-06 18:49:58.628 30086 30086 E linker  : warning: unable to get realpath for the library "/data/app/com.instagram.android-1/lib/arm/libstrings.so". Will use given name.
04-06 18:49:58.675  3558 29769 I PlaceInferenceEngine: No beacon scan available - ignoring candidates.
04-06 18:49:58.722  1251  1251 I MicroDetector: Keeping mic open: false
04-06 18:49:58.722  1251 30083 I AudioController: internalShutdown
04-06 18:49:58.722  1251 30083 I MicrophoneInputStream: mic_close com.google.android.apps.gsa.speech.audio.ag@53fb282
04-06 18:49:58.722  1251 30101 E AudioRecord-JNI: Error -4 during AudioRecord native read
04-06 18:49:58.723  1251  1398 I MicroRecognitionRunner: Stopping hotword detection.
04-06 18:49:58.727  1251 30068 I DeviceStateChecker: DeviceStateChecker cancelled
04-06 18:49:58.760  3558  3558 E ctxmgr  : [PlaceFenceHelper]NearbyBuffer is null!
04-06 18:49:58.783   440 30109 D audio_hw_primary: disable_audio_route: reset and update mixer path: audio-record
04-06 18:49:58.784   440 30109 D audio_hw_primary: disable_snd_device: snd_device(70: voice-rec-mic)
04-06 18:49:58.788  3558 29736 W ctxmgr  : [AclManager]No 2 for (accnt=account#-517948760#, com.google.android.gms(10019):PlacesProducer, vrsn=10298000, 0, 3pPkg = null ,  3pMdlId = null). Was: 3 for 18, account#-517948760#
04-06 18:49:58.815  1251 30107 I MicroRecognitionRunner: Detection finished
04-06 18:49:58.824 30086 30086 E linker  : readlink('') failed: No such file or directory [fd=23]
04-06 18:49:58.824 30086 30086 E linker  : warning: unable to get realpath for the library "/data/app/com.instagram.android-1/lib/arm/libigbitmap_runtime_for_v23.so". Will use given name.
04-06 18:49:58.832 30086 30086 I IgDiscardableRuntime: JNI_OnLoad
04-06 18:49:58.916 30086 30086 W ColdStartPerformanceTracer: .                   TOTAL   THREAD
04-06 18:49:58.916 30086 30086 W ColdStartPerformanceTracer: ____0 00.000 Start    ...     ...   ColdStartPerformanceTracer
04-06 18:49:58.916 30086 30086 W ColdStartPerformanceTracer: __297 00.297 Comment  ...     ...   |  init_to_user_info_loaded
04-06 18:49:58.916 30086 30086 W ColdStartPerformanceTracer: ___76 00.373 Comment  ...     ...   |  init_to_app_created
04-06 18:49:58.916 30086 30086 W ColdStartPerformanceTracer: -159244691 -159244.312 Done -159244318 ms __-87 ms ColdStartPerformanceTracer
04-06 18:49:59.086 30086 30123 E linker  : readlink('/proc/self/fd/24') failed: Permission denied [fd=24]
04-06 18:49:59.086 30086 30123 E linker  : warning: unable to get realpath for the library "/data/app/com.instagram.android-1/lib/arm/libfb.so". Will use given name.
04-06 18:49:59.089 30086 30123 E linker  : readlink('/proc/self/fd/24') failed: Permission denied [fd=24]
04-06 18:49:59.089 30086 30123 E linker  : warning: unable to get realpath for the library "libfbgloginit.so". Will use given name.
04-06 18:49:59.090 30086 30123 E linker  : readlink('/proc/self/fd/24') failed: Permission denied [fd=24]
04-06 18:49:59.090 30086 30123 E linker  : warning: unable to get realpath for the library "libglog.so". Will use given name.
04-06 18:49:59.098 30086 30123 I art     : Thread[13,tid=30123,Native,Thread*=0xed437c00,peer=0x12cd3b20,"IgExecutor #4"] recursive attempt to load library "/data/app/com.instagram.android-1/lib/arm/libfb.so"
04-06 18:49:59.100 30086 30123 E linker  : readlink('/proc/self/fd/24') failed: Permission denied [fd=24]
04-06 18:49:59.100 30086 30123 E linker  : warning: unable to get realpath for the library "/data/app/com.instagram.android-1/lib/arm/libxliger.so". Will use given name.
04-06 18:49:59.102 30086 30123 E linker  : readlink('/proc/self/fd/24') failed: Permission denied [fd=24]
04-06 18:49:59.102 30086 30123 E linker  : warning: unable to get realpath for the library "libsslx.so". Will use given name.
04-06 18:49:59.104 30086 30123 E linker  : readlink('/proc/self/fd/24') failed: Permission denied [fd=24]
04-06 18:49:59.104 30086 30123 E linker  : warning: unable to get realpath for the library "libthird-party_zstd_zstd_mobileAndroid.so". Will use given name.
04-06 18:49:59.105 30086 30123 E linker  : readlink('/proc/self/fd/24') failed: Permission denied [fd=24]
04-06 18:49:59.105 30086 30123 E linker  : warning: unable to get realpath for the library "libdouble-conversion.so". Will use given name.
04-06 18:49:59.106 30086 30123 E linker  : readlink('/proc/self/fd/24') failed: Permission denied [fd=24]
04-06 18:49:59.106 30086 30123 E linker  : warning: unable to get realpath for the library "libthird-party_brotli_brotliAndroid.so". Will use given name.
04-06 18:49:59.209   410   410 I SFPerfTracer:       trigger: render     (26.410 ms)	(1.410 ms off for 11 triggers)	(14 triggers)	(16 renders)
04-06 18:49:59.365  1171  2717 V AlarmManager: