04-06 18:39:38.401  1171  2764 E BackupManagerService: Required metadata but got 
04-06 18:39:38.450  1171  2764 I BackupRestoreController: restoreFinished for 0
04-06 18:39:38.450  1171  2764 I BackupManagerService: Restore complete.
04-06 18:39:38.704  1171  1185 I ActivityManager: Start proc 29485:com.gaana/u0a106 for broadcast com.gaana/com.til.colombia.dmp.android.PersonaListener
04-06 18:39:39.352  1171  3437 I ActivityManager: Start proc 29527:com.google.android.partnersetup/u0a23 for broadcast com.google.android.partnersetup/.RlzPingBroadcastReceiver
04-06 18:39:39.358  1171  2867 W ActivityManager: Permission Denial: Accessing service ComponentInfo{com.google.android.music/com.google.android.music.dial.DialMediaRouteProviderService} from pid=29485, uid=10106 that is not exported from uid 10091
04-06 18:39:39.586  1171  1181 I ActivityManager: Start proc 29557:com.google.android.apps.docs/u0a65 for broadcast com.google.android.apps.docs/.receivers.AppPackageAddRemoveReceiver
04-06 18:39:39.864  1171  2714 D BatteryService: uevent={POWER_SUPPLY_TEMP=310, POWER_SUPPLY_STATUS=Charging, POWER_SUPPLY_CAPACITY=92, ACTION=change, DEVPATH=/devices/soc.0/qpnp-smbcharger-18/power_supply/battery, POWER_SUPPLY_AGE=97, POWER_SUPPLY_VOLTAGE_MAX=4440, SUBSYSTEM=power_supply, POWER_SUPPLY_NUM_SYSTEM_TEMP_LEVELS=12, POWER_SUPPLY_INPUT_CURRENT_MAX=1500000, POWER_SUPPLY_VOLTAGE_MAX_DESIGN=4400000, POWER_SUPPLY_CHARGE_FULL=2953457, POWER_SUPPLY_NAME=battery, POWER_SUPPLY_FLASH_CURRENT_MAX=3322474, POWER_SUPPLY_HEALTH=Good, POWER_SUPPLY_CYCLE_COUNT=5, POWER_SUPPLY_TECHNOLOGY=Li-ion, POWER_SUPPLY_CHARGE_TYPE=Fast, POWER_SUPPLY_CONSTANT_CHARGE_CURRENT_MAX=2000000, POWER_SUPPLY_PRESENT=1, POWER_SUPPLY_TEMP_HOTSPOT=29200, POWER_SUPPLY_INPUT_CURRENT_SETTLED=0, POWER_SUPPLY_SAFETY_TIMER_ENABLED=0, POWER_SUPPLY_VOLTAGE_NOW=4281591, SEQNUM=40658, POWER_SUPPLY_CHARGE_FULL_DESIGN=3034000, POWER_SUPPLY_CURRENT_NOW=204619, POWER_SUPPLY_CHARGE_COUNTER=2779471, POWER_SUPPLY_SYSTEM_TEMP_LEVEL=0, POWER_SUPPLY_CHARGE_RATE=Normal, POWER_SUPPLY_CHARGING_ENABLED=1, POWER_SUPPLY_BATTERY_CHARGING_ENABLED=1}
04-06 18:39:40.275  1171  3464 I ActivityManager: Start proc 29590:com.pandora.android/u0a121 for broadcast com.pandora.android/.util.UpgradeBroadcastReceiver
04-06 18:39:41.812   410   781 I SFPerfTracer:      triggers: (rate: 1:213) (848448 sw vsyncs) (0 skipped) (960:1242205 vsyncs) (962:2209985)
04-06 18:39:44.457   410   781 I SFPerfTracer:      triggers: (rate: 1:213) (848448 sw vsyncs) (0 skipped) (157:1242362 vsyncs) (159:2210144)
04-06 18:39:44.470  1171  3471 D WifiService: acquireWifiLockLocked: WifiLock{NlpWifiLock type=2 binder=android.os.BinderProxy@909a3e7}
04-06 18:39:44.480  1171  3071 D WifiService: acquireWifiLockLocked: WifiLock{NlpWifiLock type=2 binder=android.os.BinderProxy@4b55b94}
04-06 18:39:44.651  1171  3070 D WifiService: releaseWifiLockLocked: WifiLock{NlpWifiLock type=2 binder=android.os.BinderProxy@4b55b94}
04-06 18:39:44.657  1171  6495 D WifiService: releaseWifiLockLocked: WifiLock{NlpWifiLock type=2 binder=android.os.BinderProxy@909a3e7}
04-06 18:39:46.606   410   781 I SFPerfTracer:      triggers: (rate: 1:213) (848448 sw vsyncs) (0 skipped) (127:1242489 vsyncs) (129:2210273)
04-06 18:39:46.766  1171  1182 D WifiService: acquireWifiLockLocked: WifiLock{NlpWifiLock type=2 binder=android.os.BinderProxy@ecb38ad}
04-06 18:39:46.907  1171 10995 D WifiService: acquireWifiLockLocked: WifiLock{NlpWifiLock type=2 binder=android.os.BinderProxy@3a69cd5}
04-06 18:39:46.937  1171  3474 D WifiService: releaseWifiLockLocked: WifiLock{NlpWifiLock type=2 binder=android.os.BinderProxy@ecb38ad}
04-06 18:39:46.972  1171  6495 D WifiService: acquireWifiLockLocked: WifiLock{NlpWifiLock type=2 binder=android.os.BinderProxy@ecb38ad}
04-06 18:39:47.139  1171  6495 D WifiService: releaseWifiLockLocked: WifiLock{NlpWifiLock type=2 binder=android.os.BinderProxy@3a69cd5}
04-06 18:39:47.789  1171  3259 W ContextImpl: Calling a method in the system process without a qualified user: android.app.ContextImpl.sendBroadcast:778 com.android.server.location.GpsLocationProvider.reportStatus:1908 <bottom of call stack> <bottom of call stack> <bottom of call stack> 
04-06 18:39:51.974  1171  2717 V AlarmManager: sending alarm {d95a30f type 2 *walarm*:com.google.android.location.ALARM_WAKEUP_LOCATOR}
04-06 18:39:51.979  1171  1171 V AlarmManager: done {d95a30f, *walarm*:com.google.android.location.ALARM_WAKEUP_LOCATOR} [5ms]
04-06 18:39:52.051  1171  1182 D WifiService: releaseWifiLockLocked: WifiLock{NlpWifiLock type=2 binder=android.os.BinderProxy@ecb38ad}
04-06 18:39:54.462  1171  2717 V AlarmManager: sending alarm {d1cff43 type 0 *walarm*:com.android.vending/com.google.android.finsky.services.ContentSyncService}
04-06 18:39:54.475  1171  1171 V AlarmManager: done {d1cff43, *walarm*:com.android.vending/com.google.android.finsky.services.ContentSyncService} [13ms]
04-06 18:39:57.931  1171  2717 V AlarmManager: sending alarm {bb0d63e type 3 *alarm*:com.google.android.location.fused.LOCATION_STATUS_ALARM_ACTION_3}
04-06 18:39:57.960  1171  1171 V AlarmManager: done {bb0d63e, *alarm*:com.google.android.location.fused.LOCATION_STATUS_ALARM_ACTION_3} [29ms]
04-06 18:40:00.000  1171  2717 V AlarmManager: sending alarm {83f9c1d type 3 *alarm*:android.intent.action.TIME_TICK}
04-06 18:40:00.103  1171  1171 V AlarmManager: done {83f9c1d, *alarm*:android.intent.action.TIME_TICK} [103ms]
04-06 18:40:12.675  1171  2717 V AlarmManager: sending alarm {91b20fc type 2 *walarm*:com.motorola.slpc.ALARM_STOWED}
04-06 18:40:12.685  1171  1171 V AlarmManager: done {91b20fc, *walarm*:com.motorola.slpc.ALARM_STOWED} [10ms]
04-06 18:40:23.205   410   781 I SFPerfTracer:      triggers: (rate: 1:213) (848448 sw vsyncs) (0 skipped) (2196:1244693 vsyncs) (2198:2212482)
04-06 18:40:27.222  1171  2717 V AlarmManager: sending alarm {e7e17a type 3 *alarm*:com.facebook.messaging.app.init.DexWarmup.ACTION_DEX_WARMUP}
04-06 18:40:27.230  1171  2717 V AlarmManager: sending alarm {7914524 type 2 *walarm*:X.08u.ACTION_INEXACT_ALARM.FBNS.com.facebook.katana}
04-06 18:40:27.233  1171  2717 V AlarmManager: sending alarm {c353c7 type 2 *walarm*:X.05R.ACTION_INEXACT_ALARM.MqttLite.com.facebook.orca}
04-06 18:40:27.236  1171  2717 V AlarmManager: sending alarm {81ea5df type 2 *walarm*:com.facebook.rti.mqtt.e.e.ACTION_INEXACT_ALARM.FBNS.com.instagram.android}
04-06 18:40:27.237  1171  2717 V AlarmManager: sending alarm {3c77938 type 3 *alarm*:com.google.android.gms/.lockbox.LockboxAlarmReceiver}
04-06 18:40:27.255  1171  1171 V AlarmManager: done {e7e17a, *alarm*:com.facebook.messaging.app.init.DexWarmup.ACTION_DEX_WARMUP} [36ms]
04-06 18:40:27.280  1171  1171 V AlarmManager: done {7914524, *walarm*:X.08u.ACTION_INEXACT_ALARM.FBNS.com.facebook.katana} [60ms]
04-06 18:40:27.300  1171  1171 V AlarmManager: done {c353c7, *walarm*:X.05R.ACTION_INEXACT_ALARM.MqttLite.com.facebook.orca} [81ms]
04-06 18:40:27.320  1171  1171 V AlarmManager: done {81ea5df, *walarm*:com.facebook.rti.mqtt.e.e.ACTION_INEXACT_ALARM.FBNS.com.instagram.android} [101ms]
04-06 18:40:27.329  1171  1171 V AlarmManager: done {3c77938, *alarm*:com.google.android.gms/.lockbox.LockboxAlarmReceiver} [110ms]
04-06 18:40:30.381   410   410 I SFPerfTracer:      triggers: (rate: 1440:48973) (compose: 11:389) (post: 0:1) (render: 0:3030) (0:661088 frames) (1:729925)
04-06 18:40:30.381   410   410 D SFPerfTracer:        layers: (4:9) (FocusedStackFrame (0x7f9af45800): 0:5276)* (DimLayer (0x7f9af6e800): 0:38)* (DimLayer (0x7f9af72000): 0:12)* (StatusBar (0x7f96ef1800): 1:94131) (com.android.systemui.ImageWallpaper (0x7f97064000): 0:2484) (DimLayer (0x7f97065c00): 0:2830)* (DimLayer (0x7f97069400): 0:757)* (NavigationBar (0x7f96e87400): 0:193) (com.google.android.googlequicksearchbox/com.google.android.launcher.GEL (0x7f96e83c00): 0:13) 
04-06 18:40:40.847  1171  2714 D BatteryService: uevent={POWER_SUPPLY_TEMP=312, POWER_SUPPLY_STATUS=Charging, POWER_SUPPLY_CAPACITY=92, ACTION=change, DEVPATH=/devices/soc.0/qpnp-smbcharger-18/power_supply/battery, POWER_SUPPLY_AGE=97, POWER_SUPPLY_VOLTAGE_MAX=4440, SUBSYSTEM=power_supply, POWER_SUPPLY_NUM_SYSTEM_TEMP_LEVELS=12, POWER_SUPPLY_INPUT_CURRENT_MAX=1500000, POWER_SUPPLY_VOLTAGE_MAX_DESIGN=4400000, POWER_SUPPLY_CHARGE_FULL=2953457, POWER_SUPPLY_NAME=battery, POWER_SUPPLY_FLASH_CURRENT_MAX=3664741, POWER_SUPPLY_HEALTH=Good, POWER_SUPPLY_CYCLE_COUNT=5, POWER_SUPPLY_TECHNOLOGY=Li-ion, POWER_SUPPLY_CHARGE_TYPE=Fast, POWER_SUPPLY_CONSTANT_CHARGE_CURRENT_MAX=2000000, POWER_SUPPLY_PRESENT=1, POWER_SUPPLY_TEMP_HOTSPOT=29200, POWER_SUPPLY_INPUT_CURRENT_SETTLED=0, POWER_SUPPLY_SAFETY_TIMER_ENABLED=0, POWER_SUPPLY_VOLTAGE_NOW=4321874, SEQNUM=40659, POWER_SUPPLY_CHARGE_FULL_DESIGN=3034000, POWER_SUPPLY_CURRENT_NOW=-308836, POWER_SUPPLY_CHARGE_COUNTER=2783590, POWER_SUPPLY_SYSTEM_TEMP_LEVEL=0, POWER_SUPPLY_CHARGE_RATE=Normal, POWER_SUPPLY_CHARGING_ENABLED=1, POWER_SUPPLY_BATTERY_CHARGING_ENABLED=1}
04-06 18:40:52.062  1171  2717 V AlarmManager: sending alarm {a67c645 type 3 *alarm*:com.google.android.gms.location.fused.SEND_LOCATION_IN_SMD_MODE}
04-06 18:40:52.134  1171  1171 V AlarmManager: done {a67c645, *alarm*:com.google.android.gms.location.fused.SEND_LOCATION_IN_SMD_MODE} [73ms]
04-06 18:40:53.093  1171  2717 V AlarmManager: sending alarm {c680268 type 2 *walarm*:CONTEXT_MANAGER_ALARM_WAKEUP_77841}
04-06 18:40:53.113  1171  1171 V AlarmManager: done {c680268, *walarm*:CONTEXT_MANAGER_ALARM_WAKEUP_77841} [21ms]
04-06 18:40:59.261   410   781 I SFPerfTracer:      triggers: (rate: 1:213) (848448 sw vsyncs) (0 skipped) (2178:1246871 vsyncs) (2180:2214662)
04-06 18:41:00.000  1171  2717 V AlarmManager: sending alarm {83f9c1d type 3 *alarm*:android.intent.action.TIME_TICK}
04-06 18:41:00.095  1171  1171 V AlarmManager: done {83f9c1d, *alarm*:android.intent.action.TIME_TICK} [92ms]
04-06 18:41:10.702   410   781 I SFPerfTracer:      triggers: (rate: 1:213) (848448 sw vsyncs) (0 skipped) (689:1247560 vsyncs) (691:2215353)
04-06 18:41:16.884   410   781 I SFPerfTracer:      triggers: (rate: 1:213) (848448 sw vsyncs) (0 skipped) (371:1247931 vsyncs) (373:2215726)
04-06 18:41:28.357  1171  2717 V AlarmManager: sending alarm {3c77938 type 3 *alarm*:com.google.android.gms/.lockbox.LockboxAlarmReceiver}
04-06 18:41:28.361  1171  2717 V AlarmManager: sending alarm {f0ef070 type 3 *alarm*:com.android.server.action.NETWORK_STATS_POLL}
04-06 18:41:28.379  1171  1171 V AlarmManager: done {3c77938, *alarm*:com.google.android.gms/.lockbox.LockboxAlarmReceiver} [24ms]
04-06 18:41:28.464  1171  1171 V AlarmManager: done {f0ef070, *alarm*:com.android.server.action.NETWORK_STATS_POLL} [108ms]
04-06 18:41:33.905  1171  2717 V AlarmManager: sending alarm {91b20fc type 2 *walarm*:com.motorola.slpc.ALARM_STOWED}
04-06 18:41:33.915  1171  1171 V AlarmManager: done {91b20fc, *walarm*:com.motorola.slpc.ALARM_STOWED} [10ms]
04-06 18:41:41.815  1171  2714 D BatteryService: uevent={POWER_SUPPLY_TEMP=312, POWER_SUPPLY_STATUS=Charging, POWER_SUPPLY_CAPACITY=92, ACTION=change, DEVPATH=/devices/soc.0/qpnp-smbcharger-18/power_supply/battery, POWER_SUPPLY_AGE=97, POWER_SUPPLY_VOLTAGE_MAX=4440, SUBSYSTEM=power_supply, POWER_SUPPLY_NUM_SYSTEM_TEMP_LEVELS=12, POWER_SUPPLY_INPUT_CURRENT_MAX=1500000, POWER_SUPPLY_VOLTAGE_MAX_DESIGN=4400000, POWER_SUPPLY_CHARGE_FULL=2953457, POWER_SUPPLY_NAME=battery, POWER_SUPPLY_FLASH_CURRENT_MAX=3615867, POWER_SUPPLY_HEALTH=Good, POWER_SUPPLY_CYCLE_COUNT=5, POWER_SUPPLY_TECHNOLOGY=Li-ion, POWER_SUPPLY_CHARGE_TYPE=Fast, POWER_SUPPLY_CONSTANT_CHARGE_CURRENT_MAX=2000000, POWER_SUPPLY_PRESENT=1, POWER_SUPPLY_TEMP_HOTSPOT=29200, POWER_SUPPLY_INPUT_CURRENT_SETTLED=0, POWER_SUPPLY_SAFETY_TIMER_ENABLED=0, POWER_SUPPLY_VOLTAGE_NOW=4319280, SEQNUM=40660, POWER_SUPPLY_CHARGE_FULL_DESIGN=3034000, POWER_SUPPLY_CURRENT_NOW=-221403, POWER_SUPPLY_CHARGE_COUNTER=2788421, POWER_SUPPLY_SYSTEM_TEMP_LEVEL=0, POWER_SUPPLY_CHARGE_RATE=Normal, POWER_SUPPLY_CHARGING_ENABLED=1, POWER_SUPPLY_BATTERY_CHARGING_ENABLED=1}
04-06 18:41:44.509   410   410 I SFPerfTracer:      triggers: (rate: 1440:48975) (compose: 11:389) (post: 0:1) (render: 0:3030) (0:661094 frames) (1:730025)
04-06 18:41:44.509   410   410 D SFPerfTracer:        layers: (4:9) (FocusedStackFrame (0x7f9af45800): 0:5276)* (DimLayer (0x7f9af6e800): 0:38)* (DimLayer (0x7f9af72000): 0:12)* (StatusBar (0x7f96ef1800): 0:94229) (com.android.systemui.ImageWallpaper (0x7f97064000): 0:2484) (DimLayer (0x7f97065c00): 0:2830)* (DimLayer (0x7f97069400): 0:757)* (NavigationBar (0x7f96e87400): 0:193) (com.google.android.googlequicksearchbox/com.google.android.launcher.GEL (0x7f96e83c00): 1:15) 
04-06 18:41:52.110  1171  2717 V AlarmManager: sending alarm {a67c645 type 3 *alarm*:com.google.android.gms.location.fused.SEND_LOCATION_IN_SMD_MODE}
04-06 18:41:52.189  1171  1171 V AlarmManager: done {a67c645, *alarm*:com.google.android.gms.location.fused.SEND_LOCATION_IN_SMD_MODE} [80ms]
04-06 18:42:00.001  1171  2717 V AlarmManager: sending alarm {83f9c1d type 3 *alarm*:android.intent.action.TIME_TICK}
04-06 18:42:00.104  1171  1171 V AlarmManager: done {83f9c1d, *alarm*:android.intent.action.TIME_TICK} [103ms]
04-06 18:42:15.885   410   410 I SFPerfTracer:      triggers: (rate: 1440:48978) (compose: 11:389) (post: 0:1) (render: 0:3030) (16:661159 frames) (17:730125)
04-06 18:42:15.885   410   410 D SFPerfTracer:        layers: (5:10) (FocusedStackFrame (0x7f9af45800): 0:5276)* (DimLayer (0x7f9af6e800): 0:38)* (DimLayer (0x7f9af72000): 0:12)* (StatusBar (0x7f96ef1800): 0:94266) (com.android.systemui.ImageWallpaper (0x7f97064000): 0:2484) (DimLayer (0x7f97065c00): 0:2830)* (DimLayer (0x7f97069400): 0:757)* (NavigationBar (0x7f96e87400): 0:193) (com.google.android.googlequicksearchbox/com.google.android.launcher.GEL (0x7f96e83c00): 0:38) (VolumeDialog (0x7f96e82000): 17:44) 
04-06 18:42:17.682   410   781 I SFPerfTracer:      triggers: (rate: 1:213) (848448 sw vsyncs) (0 skipped) (3646:1251602 vsyncs) (3648:2219401)
04-06 18:42:18.692  1171  1186 I ActivityManager: Start proc 29783:com.android.systemui:screenshot/u0a47 for service com.android.systemui/.screenshot.TakeScreenshotService
04-06 18:42:18.755  1171  3464 I ActivityManager: Killing 25524:com.google.android.apps.plus/u0a113 (adj 15): empty for 1808s
04-06 18:42:18.783  1171 10995 D ConnectivityService: ConnectivityService NetworkRequestInfo binderDied(NetworkRequest [ id=288, legacyType=-1, [ Capabilities: INTERNET&NOT_RESTRICTED&TRUSTED] ], android.os.BinderProxy@4f9d610)
04-06 18:42:18.784  1171  2740 D ConnectivityService: releasing NetworkRequest NetworkRequest [ id=288, legacyType=-1, [ Capabilities: INTERNET&NOT_RESTRICTED&TRUSTED] ]
04-06 18:42:18.789  1171  3464 I ActivityManager: Killing 26385:com.android.chrome/u0a59 (adj 15): empty for 1808s
04-06 18:42:18.794  1171  2740 E ConnectivityService: RemoteException caught trying to send a callback msg for NetworkRequest [ id=288, legacyType=-1, [ Capabilities: INTERNET&NOT_RESTRICTED&TRUSTED] ]
04-06 18:42:18.811  1171  3464 I ActivityManager: Killing 27871:com.motorola.genie/u0a24 (adj 15): empty for 1808s
04-06 18:42:18.840  1171  3437 D ActivityManager: cleanUpApplicationRecord -- 26385
04-06 18:42:18.842  1171  2867 D ActivityManager: cleanUpApplicationRecord -- 27871
04-06 18:42:18.844  1171  3070 D ActivityManager: cleanUpApplicationRecord -- 25524
04-06 18:42:20.971  1171  1171 V NotificationService: pkg=com.android.systemui canInterrupt=false intercept=true
04-06 18:42:21.946  1171  1171 V NotificationService: pkg=com.android.systemui canInterrupt=false intercept=true
04-06 18:42:28.435  1171  2717 V AlarmManager: sending alarm {3c77938 type 3 *alarm*:com.google.android.gms/.lockbox.LockboxAlarmReceiver}
04-06 18:42:28.478  1171  1171 V AlarmManager: done {3c77938, *alarm*:com.google.android.gms/.lockbox.LockboxAlarmReceiver} [43ms]
04-06 18:42:29.750   410   781 I SFPerfTracer:      triggers: (rate: 1:213) (848448 sw vsyncs) (0 skipped) (727:1252329 vsyncs) (729:2220130)
04-06 18:42:32.411   410   781 I SFPerfTracer:      triggers: (rate: 1:213) (848448 sw vsyncs) (0 skipped) (158:1252487 vsyncs) (160:2220290)
04-06 18:42:33.030  1171  2717 V AlarmManager: sending alarm {a5da58 type 2 *walarm*:CONTEXT_MANAGER_ALARM_WAKEUP_77841}
04-06 18:42:33.041  1171  1171 V AlarmManager: done {a5da58, *walarm*:CONTEXT_MANAGER_ALARM_WAKEUP_77841} [11ms]
--------- beginning of main
04-06 18:42:33.184  3558 29736 E ctxmgr  : [AppIntervalImpl]closeInterval: ongoing
04-06 18:42:33.200  3558  5420 V ConnectivityManager: isActiveNetworkMetered() returns:false
04-06 18:42:33.227   657   657 I MSM-irqbalance: Decided to move IRQ131 from CPU1 to CPU2
04-06 18:42:33.331  3558  4921 I PlaceInferenceEngine: [anon] Setup for configuration 105:[]
04-06 18:42:33.331  3558  4921 I PlaceInferenceEngine: [anon] Active modules after start(): 0
04-06 18:42:33.535  1251 29824 V ConnectivityManager: isActiveNetworkMetered() returns:false
04-06 18:42:33.540  1251 29294 V ConnectivityManager: isActiveNetworkMetered() returns:false
04-06 18:42:35.070  1251 29818 I TrainingQuestionManager: updateFromServerResponse: no new training mode data and no pending answered questions to clear
04-06 18:42:35.107  1251  1260 I art     : Background partial concurrent mark sweep GC freed 56639(3MB) AllocSpace objects, 42(12MB) LOS objects, 24% free, 49MB/65MB, paused 7.911ms total 110.127ms
04-06 18:42:35.116  3558  5420 V ConnectivityManager: isActiveNetworkMetered() returns:false
04-06 18:42:35.137  3558 29736 E ctxmgr  : [AppIntervalImpl]closeInterval: ongoing
04-06 18:42:35.189  3558 29736 W ctxmgr  : [AclManager]null policy map (0) -1, clientInfo=(accnt=account#1973327458#, com.google.android.gms(10019):com.google.android.googlequicksearchbox, vrsn=10298440, 0, 3pPkg = null ,  3pMdlId = null)
04-06 18:42:35.190  1171  3080 I AccountManagerService: getTypesVisibleToCaller: isPermitted? true
04-06 18:42:35.193  3558 29736 W ctxmgr  : [AclManager]null policy map (0) -1, clientInfo=(accnt=account#1973327458#, com.google.android.gms(10019):com.google.android.googlequicksearchbox, vrsn=10298440, 0, 3pPkg = null ,  3pMdlId = null)
04-06 18:42:35.195  1171  3081 I AccountManagerService: getTypesVisibleToCaller: isPermitted? true
04-06 18:42:35.199  3558 29736 W ctxmgr  : [AclManager]null policy map (0) -1, clientInfo=(accnt=account#1973327458#, com.google.android.gms(10019):com.google.android.googlequicksearchbox, vrsn=10298440, 0, 3pPkg = null ,  3pMdlId = null)
04-06 18:42:35.200  1171  2867 I AccountManagerService: getTypesVisibleToCaller: isPermitted? true
04-06 18:42:35.334  1251 29294 V ConnectivityManager: isActiveNetworkMetered() returns:false
04-06 18:42:35.338  1251 29825 V ConnectivityManager: isActiveNetworkMetered() returns:false
04-06 18:42:35.712 17780 17780 I chatty  : uid=1010(wifi) /system/bin/wpa_supplicant expire 54 lines
04-06 18:42:38.232   657   657 I MSM-irqbalance: Decided to move IRQ57 from CPU1 to CPU2
04-06 18:42:38.495  1171  2734 D WifiStateMachine: CMD_START_SCAN source -2 txSuccessRate=26.02 rxSuccessRate=18.57 targetRoamBSSID=any RSSI=-46
04-06 18:42:38.496  1171  2734 D WifiStateMachine: startDelayedScan send -> 2994 milli 20000
04-06 18:42:38.496  1171  2734 D WifiStateMachine: CMD_START_SCAN with age=80019 interval=341718 maxinterval=300000
04-06 18:42:38.496  1171  2734 D WifiStateMachine: CMD_START_SCAN prevent full band scan due to pkt rate
04-06 18:42:38.496  1171  2734 D WifiStateMachine: CMD_START_SCAN full=false
04-06 18:42:38.737  2892  3051 I chatty  : uid=10047(com.android.systemui) PhoneStatusBar expire 10 lines
04-06 18:42:42.001   410   410 I SFPerfTracer:      triggers: (rate: 1440:48980) (compose: 11:389) (post: 0:1) (render: 0:3030) (0:661219 frames) (1:730225)
04-06 18:42:42.002   410   410 D SFPerfTracer:        layers: (4:10) (FocusedStackFrame (0x7f9af45800): 0:5276)* (DimLayer (0x7f9af6e800): 0:38)* (DimLayer (0x7f9af72000): 0:12)* (StatusBar (0x7f96ef1800): 1:94303) (com.android.systemui.ImageWallpaper (0x7f97064000): 0:2484) (DimLayer (0x7f97065c00): 0:2830)* (DimLayer (0x7f97069400): 0:757)* (NavigationBar (0x7f96e87400): 0:193) (com.google.android.googlequicksearchbox/com.google.android.launcher.GEL (0x7f96e83c00): 0:46) (ScreenshotAnimation (0x7f96e82000): 0:55)- 
04-06 18:42:42.777  1171  2714 D BatteryService: uevent={POWER_SUPPLY_TEMP=312, POWER_SUPPLY_STATUS=Charging, POWER_SUPPLY_CAPACITY=92, ACTION=change, DEVPATH=/devices/soc.0/qpnp-smbcharger-18/power_supply/battery, POWER_SUPPLY_AGE=97, POWER_SUPPLY_VOLTAGE_MAX=4440, SUBSYSTEM=power_supply, POWER_SUPPLY_NUM_SYSTEM_TEMP_LEVELS=12, POWER_SUPPLY_INPUT_CURRENT_MAX=1500000, POWER_SUPPLY_VOLTAGE_MAX_DESIGN=4400000, POWER_SUPPLY_CHARGE_FULL=2953457, POWER_SUPPLY_NAME=battery, POWER_SUPPLY_FLASH_CURRENT_MAX=3570318, POWER_SUPPLY_HEALTH=Good, POWER_SUPPLY_CYCLE_COUNT=5, POWER_SUPPLY_TECHNOLOGY=Li-ion, POWER_SUPPLY_CHARGE_TYPE=Fast, POWER_SUPPLY_CONSTANT_CHARGE_CURRENT_MAX=2000000, POWER_SUPPLY_PRESENT=1, POWER_SUPPLY_TEMP_HOTSPOT=29200, POWER_SUPPLY_INPUT_CURRENT_SETTLED=0, POWER_SUPPLY_SAFETY_TIMER_ENABLED=0, POWER_SUPPLY_VOLTAGE_NOW=4320500, SEQNUM=40661, POWER_SUPPLY_CHARGE_FULL_DESIGN=3034000, POWER_SUPPLY_CURRENT_NOW=-249632, POWER_SUPPLY_CHARGE_COUNTER=2791897, POWER_SUPPLY_SYSTEM_TEMP_LEVEL=0, POWER_SUPPLY_CHARGE_RATE=Normal, POWER_SUPPLY_CHARGING_ENABLED=1, POWER_SUPPLY_BATTERY_CHARGING_ENABLED=1}
04-06 18:42:43.237   657   657 I MSM-irqbalance: Decided to move IRQ48 from CPU1 to CPU2
04-06 18:42:50.033   410   781 I SFPerfTracer:      triggers: (rate: 1:213) (848448 sw vsyncs) (0 skipped) (1063:1253550 vsyncs) (1065:2221355)
04-06 18:42:51.306  1171  2713 D MotoSensors: ALS 156
04-06 18:42:52.174  1171  2717 V AlarmManager: sending alarm {a67c645 type 3 *alarm*:com.google.android.gms.location.fused.SEND_LOCATION_IN_SMD_MODE}
04-06 18:42:52.248  1171  1171 V AlarmManager: done {a67c645, *alarm*:com.google.android.gms.location.fused.SEND_LOCATION_IN_SMD_MODE} [75ms]
04-06 18:42:52.283  3558 29736 I GCoreUlr: Successfully inserted 1 locations
04-06 18:42:52.508  1171  2713 D MotoSensors: ALS 202
04-06 18:42:52.870  2892  3051 I chatty  : uid=10047(com.android.systemui) PhoneStatusBar expire 11 lines
04-06 18:42:54.539  1171  2713 D MotoSensors: ALS 301
04-06 18:42:54.846  2892  2892 I chatty  : uid=10047(com.android.systemui) expire 38 lines
04-06 18:42:54.909  1251 29294 V ConnectivityManager: isActiveNetworkMetered() returns:false
04-06 18:42:57.583  1171  2713 D MotoSensors: ALS 238
04-06 18:42:58.232   657   657 I MSM-irqbalance: Decided to move IRQ131 from CPU2 to CPU1
04-06 18:42:58.501  1171  2734 D WifiStateMachine: CMD_START_SCAN source -2 txSuccessRate=1.09 rxSuccessRate=1.81 targetRoamBSSID=any RSSI=-49
04-06 18:42:58.501  1171  2734 D WifiStateMachine: startDelayedScan send -> 2995 milli 20000
04-06 18:42:58.501  1171  2734 D WifiStateMachine: CMD_START_SCAN with age=100024 interval=341718 maxinterval=300000
04-06 18:42:58.501  1171  2734 D WifiStateMachine: CMD_START_SCAN full=false
04-06 18:42:58.683   410   410 I SFPerfTracer:      triggers: (rate: 1440:48984) (compose: 11:389) (post: 0:1) (render: 0:3030) (21:661314 frames) (22:730341)
04-06 18:42:58.684   410   410 D SFPerfTracer:        layers: (4:9) (FocusedStackFrame (0x7f9af45800): 0:5276)* (DimLayer (0x7f9af6e800): 0:38)* (DimLayer (0x7f9af72000): 0:12)* (StatusBar (0x7f96ef1800): 22:94419) (com.android.systemui.ImageWallpaper (0x7f97064000): 0:2484) (DimLayer (0x7f97065c00): 0:2830)* (DimLayer (0x7f97069400): 0:757)* (NavigationBar (0x7f96e87400): 0:193) (com.google.android.googlequicksearchbox/com.google.android.launcher.GEL (0x7f96e83c00): 0:46) 
04-06 18:42:58.815 17780 17780 I chatty  : uid=1010(wifi) /system/bin/wpa_supplicant expire 96 lines
04-06 18:42:58.876  1171  3470 W InputMethodManagerService: Window already focused, ignoring focus gain of: com.android.internal.view.IInputMethodClient$Stub$Proxy@b68e8a6 attribute=null, token = android.os.BinderProxy@148a30e
04-06 18:42:58.884  1251 29823 V ConnectivityManager: isActiveNetworkMetered() returns:false
04-06 18:42:59.265  1171  2713 D MotoSensors: ALS 346
04-06 18:43:00.001  1171  2717 V AlarmManager: sending alarm {83f9c1d type 3 *alarm*:android.intent.action.TIME_TICK}
04-06 18:43:00.092  1171  1171 V AlarmManager: done {83f9c1d, *alarm*:android.intent.action.TIME_TICK} [91ms]
04-06 18:43:03.236   657   657 I MSM-irqbalance: Decided to move IRQ240 from CPU2 to CPU1
04-06 18:43:04.316  3558  5420 V ConnectivityManager: isActiveNetworkMetered() returns:false
04-06 18:43:04.546  3558  5420 V ConnectivityManager: isActiveNetworkMetered() returns:false
04-06 18:43:04.942  1171  1180 I art     : Background partial concurrent mark sweep GC freed 53500(3MB) AllocSpace objects, 0(0B) LOS objects, 21% free, 58MB/74MB, paused 1.407ms total 198.149ms
04-06 18:43:05.173  1171  1171 V NotificationService: pkg=com.whatsapp canInterrupt=false intercept=true
04-06 18:43:05.195  1171  3081 I AccountManagerService: getTypesVisibleToCaller: isPermitted? true
04-06 18:43:05.196  1171  3464 I AccountManagerService: getTypesVisibleToCaller: isPermitted? true
04-06 18:43:05.203  1171  3470 I AccountManagerService: getTypesVisibleToCaller: isPermitted? true
04-06 18:43:05.391  1171  1180 I art     : Background partial concurrent mark sweep GC freed 5374(254KB) AllocSpace objects, 0(0B) LOS objects, 21% free, 58MB/74MB, paused 1.253ms total 115.659ms
04-06 18:43:05.867  2892  3051 I chatty  : uid=10047(com.android.systemui) PhoneStatusBar expire 11 lines
04-06 18:43:05.925  1171  1180 I art     : Background partial concurrent mark sweep GC freed 5005(247KB) AllocSpace objects, 0(0B) LOS objects, 21% free, 57MB/73MB, paused 1.373ms total 159.394ms
04-06 18:43:06.428  1171  1180 I art     : Background partial concurrent mark sweep GC freed 3291(133KB) AllocSpace objects, 0(0B) LOS objects, 21% free, 57MB/73MB, paused 1.318ms total 152.222ms
04-06 18:43:06.749  3558  5420 V ConnectivityManager: isActiveNetworkMetered() returns:false
04-06 18:43:08.226   657   657 I MSM-irqbalance: Decided to move IRQ65 from CPU2 to CPU1
04-06 18:43:12.436  1171  2713 D MotoSensors: ALS 283
04-06 18:43:13.108   410   781 I SFPerfTracer:      triggers: (rate: 1:213) (848448 sw vsyncs) (0 skipped) (1393:1254943 vsyncs) (1395:2222750)
04-06 18:43:13.231   657   657 I MSM-irqbalance: Decided to move IRQ216 from CPU2 to CPU1
04-06 18:43:13.774  1171  2713 D MotoSensors: ALS 346
04-06 18:43:18.231   657   657 I MSM-irqbalance: Decided to move IRQ222 from CPU2 to CPU1
04-06 18:43:18.506  1171  2734 D WifiStateMachine: CMD_START_SCAN source -2 txSuccessRate=1.24 rxSuccessRate=1.74 targetRoamBSSID=any RSSI=-46
04-06 18:43:18.506  1171  2734 D WifiStateMachine: startDelayedScan send -> 2996 milli 20000
04-06 18:43:18.506  1171  2734 D WifiStateMachine: CMD_START_SCAN with age=120029 interval=341718 maxinterval=300000
04-06 18:43:18.506  1171  2734 D WifiStateMachine: CMD_START_SCAN full=false
04-06 18:43:19.338  1171  2713 D MotoSensors: ALS 18
04-06 18:43:19.401  2892  2892 I chatty  : uid=10047(com.android.systemui) expire 24 lines
04-06 18:43:19.505  1251 29294 V ConnectivityManager: isActiveNetworkMetered() returns:false
04-06 18:43:19.806  1171  1185 I ActivityManager: Waited long enough for: ServiceRecord{d726c8a u0 com.whatsapp/.messaging.MessageService}
04-06 18:43:20.680   410   410 I SFPerfTracer:      triggers: (rate: 1440:48986) (compose: 11:389) (post: 0:1) (render: 0:3030) (59:661414 frames) (60:730471)
04-06 18:43:20.680   410   410 D SFPerfTracer:        layers: (4:9) (FocusedStackFrame (0x7f9af45800): 0:5276)* (DimLayer (0x7f9af6e800): 0:38)* (DimLayer (0x7f9af72000): 0:12)* (StatusBar (0x7f96ef1800): 60:94549) (com.android.systemui.ImageWallpaper (0x7f97064000): 0:2484) (DimLayer (0x7f97065c00): 0:2830)* (DimLayer (0x7f97069400): 0:757)* (NavigationBar (0x7f96e87400): 0:193) (com.google.android.googlequicksearchbox/com.google.android.launcher.GEL (0x7f96e83c00): 0:46) 
04-06 18:43:20.923  2892  3051 I chatty  : uid=10047(com.android.systemui) PhoneStatusBar expire 15 lines
04-06 18:43:21.265  9137 29864 E fb4a.GRAPHQL_QUERY_STRING: Trying to set unknown parameter 'first_notification_stories' on query 'DeltaNotificationsQuery'
04-06 18:43:21.270  9137 29864 E fb4a.GRAPHQL_QUERY_STRING: Trying to set unknown parameter 'first_notification_stories' on query 'DeltaNotificationsQuery'
04-06 18:43:21.317  9137  9269 V ConnectivityManager: isActiveNetworkMetered() returns:false
04-06 18:43:21.433  9137 29866 E fb4a.GRAPHQL_QUERY_STRING: Trying to set unknown parameter 'first_notification_stories' on query 'DeltaNotificationsQuery'
04-06 18:43:21.453  1171  3474 W InputMethodManagerService: Window already focused, ignoring focus gain of: com.android.internal.view.IInputMethodClient$Stub$Proxy@bf8d6cf attribute=null, token = android.os.BinderProxy@148a30e
04-06 18:43:21.459  1251 29823 V ConnectivityManager: isActiveNetworkMetered() returns:false
04-06 18:43:21.577  1171  2713 D MotoSensors: ALS 338
04-06 18:43:21.852 17780 17780 I chatty  : uid=1010(wifi) /system/bin/wpa_supplicant expire 56 lines
04-06 18:43:23.231   657   657 I MSM-irqbalance: Decided to move IRQ51 from CPU2 to CPU1
04-06 18:43:24.864  1171  2717 V AlarmManager: sending alarm {ec70c3a type 2 *walarm*:com.whatsapp.alarm.WEB_RENOTIFY}
04-06 18:43:24.881  1171  1171 V AlarmManager: done {ec70c3a, *walarm*:com.whatsapp.alarm.WEB_RENOTIFY} [17ms]
04-06 18:43:24.997  1171  1171 V NotificationService: pkg=com.whatsapp canInterrupt=false intercept=true
04-06 18:43:28.231   657   657 I MSM-irqbalance: Decided to move IRQ57 from CPU2 to CPU1
04-06 18:43:37.210   410   781 I SFPerfTracer:      triggers: (rate: 1:213) (848448 sw vsyncs) (0 skipped) (1455:1256398 vsyncs) (1457:2224207)
04-06 18:43:38.510  1171  2734 D WifiStateMachine: CMD_START_SCAN source -2 txSuccessRate=0.71 rxSuccessRate=1.23 targetRoamBSSID=any RSSI=-46
04-06 18:43:38.511  1171  2734 D WifiStateMachine: startDelayedScan send -> 2997 milli 20000
04-06 18:43:38.511  1171  2734 D WifiStateMachine: CMD_START_SCAN with age=140034 interval=341718 maxinterval=300000
04-06 18:43:38.511  1171  2734 D WifiStateMachine: CMD_START_SCAN full=false
04-06 18:43:39.015  2892  3051 I chatty  : uid=10047(com.android.systemui) PhoneStatusBar expire 11 lines
04-06 18:43:43.757  1171  2714 D BatteryService: uevent={POWER_SUPPLY_TEMP=317, POWER_SUPPLY_STATUS=Charging, POWER_SUPPLY_CAPACITY=92, ACTION=change, DEVPATH=/devices/soc.0/qpnp-smbcharger-18/power_supply/battery, POWER_SUPPLY_AGE=97, POWER_SUPPLY_VOLTAGE_MAX=4440, SUBSYSTEM=power_supply, POWER_SUPPLY_NUM_SYSTEM_TEMP_LEVELS=12, POWER_SUPPLY_INPUT_CURRENT_MAX=1500000, POWER_SUPPLY_VOLTAGE_MAX_DESIGN=4400000, POWER_SUPPLY_CHARGE_FULL=2953457, POWER_SUPPLY_NAME=battery, POWER_SUPPLY_FLASH_CURRENT_MAX=3625533, POWER_SUPPLY_HEALTH=Good, POWER_SUPPLY_CYCLE_COUNT=5, POWER_SUPPLY_TECHNOLOGY=Li-ion, POWER_SUPPLY_CHARGE_TYPE=Fast, POWER_SUPPLY_CONSTANT_CHARGE_CURRENT_MAX=2000000, POWER_SUPPLY_PRESENT=1, POWER_SUPPLY_TEMP_HOTSPOT=29200, POWER_SUPPLY_INPUT_CURRENT_SETTLED=0, POWER_SUPPLY_SAFETY_TIMER_ENABLED=0, POWER_SUPPLY_VOLTAGE_NOW=4322789, SEQNUM=40662, POWER_SUPPLY_CHARGE_FULL_DESIGN=3034000, POWER_SUPPLY_CURRENT_NOW=-286863, POWER_SUPPLY_CHARGE_COUNTER=2794643, POWER_SUPPLY_SYSTEM_TEMP_LEVEL=0, POWER_SUPPLY_CHARGE_RATE=Normal, POWER_SUPPLY_CHARGING_ENABLED=1, POWER_SUPPLY_BATTERY_CHARGING_ENABLED=1}
04-06 18:43:45.889 17780 17780 I chatty  : uid=1010(wifi) /system/bin/wpa_supplicant expire 25 lines
04-06 18:43:47.758  1171 26203 D NetlinkSocketObserver: NeighborEvent{elapsedMs=459171544, 10.250.255.254, [442B03D7F680], RTM_NEWNEIGH, NUD_STALE}
04-06 18:43:48.240   657   657 I MSM-irqbalance: Decided to move IRQ130 from CPU2 to CPU1
04-06 18:43:48.255   410   410 I SFPerfTracer:      triggers: (rate: 1440:48989) (compose: 11:389) (post: 0:1) (render: 0:3030) (0:661483 frames) (1:730571)
04-06 18:43:48.256   410   410 D SFPerfTracer:        layers: (4:9) (FocusedStackFrame (0x7f9af45800): 0:5276)* (DimLayer (0x7f9af6e800): 0:38)* (DimLayer (0x7f9af72000): 0:12)* (StatusBar (0x7f96ef1800): 1:94649) (com.android.systemui.ImageWallpaper (0x7f97064000): 0:2484) (DimLayer (0x7f97065c00): 0:2830)* (DimLayer (0x7f97069400): 0:757)* (NavigationBar (0x7f96e87400): 0:193) (com.google.android.googlequicksearchbox/com.google.android.launcher.GEL (0x7f96e83c00): 0:46) 
04-06 18:43:51.037  1171  2714 D BatteryService: uevent={POWER_SUPPLY_TEMP=317, POWER_SUPPLY_STATUS=Charging, POWER_SUPPLY_CAPACITY=92, ACTION=change, DEVPATH=/devices/soc.0/qpnp-smbcharger-18/power_supply/battery, POWER_SUPPLY_AGE=97, POWER_SUPPLY_VOLTAGE_MAX=4440, SUBSYSTEM=power_supply, POWER_SUPPLY_NUM_SYSTEM_TEMP_LEVELS=12, POWER_SUPPLY_INPUT_CURRENT_MAX=1500000, POWER_SUPPLY_VOLTAGE_MAX_DESIGN=4400000, POWER_SUPPLY_CHARGE_FULL=2953457, POWER_SUPPLY_NAME=battery, POWER_SUPPLY_FLASH_CURRENT_MAX=3607265, POWER_SUPPLY_HEALTH=Good, POWER_SUPPLY_CYCLE_COUNT=5, POWER_SUPPLY_TECHNOLOGY=Li-ion, POWER_SUPPLY_CHARGE_TYPE=Fast, POWER_SUPPLY_CONSTANT_CHARGE_CURRENT_MAX=2000000, POWER_SUPPLY_PRESENT=1, POWER_SUPPLY_TEMP_HOTSPOT=29200, POWER_SUPPLY_INPUT_CURRENT_SETTLED=0, POWER_SUPPLY_SAFETY_TIMER_ENABLED=0, POWER_SUPPLY_VOLTAGE_NOW=4325994, SEQNUM=40664, POWER_SUPPLY_CHARGE_FULL_DESIGN=3034000, POWER_SUPPLY_CURRENT_NOW=-325773, POWER_SUPPLY_CHARGE_COUNTER=2795259, POWER_SUPPLY_SYSTEM_TEMP_LEVEL=0, POWER_SUPPLY_CHARGE_RATE=Normal, POWER_SUPPLY_CHARGING_ENABLED=1, POWER_SUPPLY_BATTERY_CHARGING_ENABLED=1}
04-06 18:43:52.232  1171  2717 V AlarmManager: sending alarm {a67c645 type 3 *alarm*:com.google.android.gms.location.fused.SEND_LOCATION_IN_SMD_MODE}
04-06 18:43:52.319  1171  1171 V AlarmManager: done {a67c645, *alarm*:com.google.android.gms.location.fused.SEND_LOCATION_IN_SMD_MODE} [87ms]
04-06 18:43:52.342  3558 29736 I GCoreUlr: Successfully inserted 1 locations
04-06 18:43:52.454  1171  1180 I art     : Background partial concurrent mark sweep GC freed 46243(2MB) AllocSpace objects, 0(0B) LOS objects, 21% free, 58MB/74MB, paused 1.381ms total 190.342ms
04-06 18:43:52.794  1171  2713 D MotoSensors: ALS 193
04-06 18:43:52.961  2892  2892 I chatty  : uid=10047(com.android.systemui) expire 47 lines
04-06 18:43:53.023  2892  3051 I chatty  : uid=10047(com.android.systemui) PhoneStatusBar expire 23 lines
04-06 18:43:53.044  1251 29294 V ConnectivityManager: isActiveNetworkMetered() returns:false
04-06 18:43:53.226   657   657 I MSM-irqbalance: Decided to move IRQ48 from CPU2 to CPU1
04-06 18:43:54.097  1171  2717 V AlarmManager: sending alarm {c1a6a22 type 2 *walarm*:com.whatsapp.messaging.j.CLIENT_PINGER_ACTION}
04-06 18:43:54.101  1171  2717 V AlarmManager: sending alarm {3c77938 type 3 *alarm*:com.google.android.gms/.lockbox.LockboxAlarmReceiver}
04-06 18:43:54.104  1171  2717 V AlarmManager: sending alarm {30a67e9 type 2 *walarm*:com.google.android.location.internal.action.ULR_BLE_SCAN_ALARM}
04-06 18:43:54.105  1171  2717 V AlarmManager: sending alarm {5170a7b type 3 *alarm*:com.motorola.actions.PERIODIC}
04-06 18:43:54.109  1171  1171 V AlarmManager: done {30a67e9, *walarm*:com.google.android.location.internal.action.ULR_BLE_SCAN_ALARM} [13ms]
04-06 18:43:54.109  1171  1171 V AlarmManager: done {5170a7b, *alarm*:com.motorola.actions.PERIODIC} [14ms]
04-06 18:43:54.110  1171  1171 V AlarmManager: done {c1a6a22, *walarm*:com.whatsapp.messaging.j.CLIENT_PINGER_ACTION} [14ms]
04-06 18:43:54.124  1171  1171 V AlarmManager: done {3c77938, *alarm*:com.google.android.gms/.lockbox.LockboxAlarmReceiver} [28ms]
04-06 18:43:54.128  3558 29769 I GCoreUlr: Starting BLE scan: mode: 2
04-06 18:43:54.135  3558  3558 I BeaconBle: Client requested scan, settings=BleSettings [scanMode=LOW_LATENCY, callbackType=ALL_MATCHES, reportDelayMillis=0, 2 filters, 0 clients, callingClientName=ULR], listener=hjz@76d325a
04-06 18:43:54.167  3558  3558 I BeaconBle: 'L' hardware scan: 2 filters, scanMode=2, reportdelay=0, callback type=1, #clients=1
04-06 18:43:54.171  3558  3558 I BeaconBle: Starting scan on delegate scanner - BT state: 15
04-06 18:43:54.172  3558  3558 D BluetoothAdapter: STATE_BLE_ON
04-06 18:43:54.176 13177 13195 D BtGatt.GattService: registerClient() - UUID=3bc697cc-7231-4e61-b334-d02ba11980c5
04-06 18:43:54.180 13177 13193 D BtGatt.GattService: onClientRegistered() - UUID=3bc697cc-7231-4e61-b334-d02ba11980c5, clientIf=4
04-06 18:43:54.180  3558 11883 D BluetoothLeScanner: onClientRegistered() - status=0 clientIf=4
04-06 18:43:54.181 13177 13187 D BtGatt.GattService: start scan with filters
04-06 18:43:54.183 13177 13197 D BtGatt.ScanManager: handling starting scan
04-06 18:43:54.191 13200 13201 I WCNSS_FILTER: ibs_msm_serial_clock_vote: vote UART CLK ON using UART driver's ioctl()
04-06 18:43:54.197  1171  1181 I AccountManagerService: getTypesVisibleToCaller: isPermitted? true
04-06 18:43:54.201 13200 13201 I WCNSS_FILTER: do_write: IBS write: fd
04-06 18:43:54.205 13200 13200 I WCNSS_FILTER: do_write: IBS write: fc
04-06 18:43:54.207 13177 13193 D BtGatt.GattService: onScanFilterEnableDisabled() - clientIf=4, status=0, action=1
04-06 18:43:54.207 13177 13193 D BtGatt.ScanManager: callback done for clientIf - 4 status - 0
04-06 18:43:54.207 13177 13197 D BtGatt.ScanManager: addFilterToController: 5
04-06 18:43:54.220 13177 13193 D BtGatt.GattService: onScanFilterConfig() - clientIf=4, action = 0 status = 0, filterType=5, availableSpace=31
04-06 18:43:54.220 13177 13193 D BtGatt.ScanManager: callback done for clientIf - 4 status - 0
04-06 18:43:54.220 13177 13197 D BtGatt.ScanManager: configureFilterParamter 500 10000 1 0
04-06 18:43:54.234 13177 13193 D BtGatt.GattService: onScanFilterParamsConfigured() - clientIf=4, status=0, action=0, availableSpace=15
04-06 18:43:54.235 13177 13193 D BtGatt.ScanManager: callback done for clientIf - 4 status - 0
04-06 18:43:54.235 13177 13197 D BtGatt.ScanManager: addFilterToController: 2
04-06 18:43:54.247 13177 13193 D BtGatt.GattService: onScanFilterConfig() - clientIf=4, action = 0 status = 0, filterType=2, availableSpace=31
04-06 18:43:54.247 13177 13193 D BtGatt.ScanManager: callback done for clientIf - 4 status - 0
04-06 18:43:54.248 13177 13197 D BtGatt.ScanManager: configureFilterParamter 500 10000 1 0
04-06 18:43:54.262 13177 13193 D BtGatt.GattService: onScanFilterParamsConfigured() - clientIf=4, status=0, action=0, availableSpace=14
04-06 18:43:54.262 13177 13193 D BtGatt.ScanManager: callback done for clientIf - 4 status - 0
04-06 18:43:54.263 13177 13197 D BtGatt.ScanManager: configureRegularScanParams() - queue=1
04-06 18:43:54.263 13177 13197 D BtGatt.ScanManager: configureRegularScanParams() - ScanSetting Scan mode=2 mLastConfiguredScanSetting=-2147483648
04-06 18:43:54.263 13177 13197 D BtGatt.ScanManager: configureRegularScanParams - scanInterval = 8000configureRegularScanParams - scanWindow = 8000
04-06 18:43:54.263 13177 13193 D BtGatt.GattService: onScanParamSetupCompleted : 0
04-06 18:43:55.274  1171  2713 D MotoSensors: ALS 320
04-06 18:43:55.346 13200 13206 I WCNSS_FILTER: do_write: IBS write: fe
04-06 18:43:55.346 13200 13206 I WCNSS_FILTER: ibs_msm_serial_clock_vote: vote UART CLK OFF using UART driver's ioctl()
04-06 18:43:56.163  3558 29769 I GCoreUlr: Starting BLE scan: mode: 3
04-06 18:43:56.163  3558 29769 I GCoreUlr: BLE: collected 0 results
04-06 18:43:56.163  3558  3558 I BeaconBle: Client requested scan, settings=BleSettings [scanMode=ZERO_POWER, callbackType=ALL_MATCHES, reportDelayMillis=0, 2 filters, 0 clients, callingClientName=ULR], listener=hjz@76d325a
04-06 18:43:56.183  3558  3558 I BeaconBle: Stopping scan on delegate scanner - BT state: 15
04-06 18:43:56.190  3558  3558 D BluetoothAdapter: STATE_BLE_ON
04-06 18:43:56.191 13177 13195 D BtGatt.GattService: stopScan() - queue size =1
04-06 18:43:56.192 13177 13197 D BtGatt.ScanManager: stop scan
04-06 18:43:56.192 13177 13187 D BtGatt.GattService: unregisterClient() - clientIf=4
04-06 18:43:56.192 13200 13201 I WCNSS_FILTER: ibs_msm_serial_clock_vote: vote UART CLK ON using UART driver's ioctl()
04-06 18:43:56.196 13200 13201 I WCNSS_FILTER: do_write: IBS write: fd
04-06 18:43:56.200 13200 13200 I WCNSS_FILTER: do_write: IBS write: fc
04-06 18:43:56.202  3558  3558 I BeaconBle: Resetting - new scanner available: true
04-06 18:43:56.203  3558  3558 I BeaconBle: ZERO_POWER is disabled.
04-06 18:43:56.203  3558  3558 I BeaconBle: 'L' hardware scan: scan stopped, no powered clients
04-06 18:43:56.224 13177 13193 D BtGatt.GattService: onScanFilterParamsConfigured() - clientIf=4, status=0, action=1, availableSpace=15
04-06 18:43:56.224 13177 13193 D BtGatt.ScanManager: callback done for clientIf - 4 status - 0
04-06 18:43:56.236 13177 13193 D BtGatt.GattService: onScanFilterParamsConfigured() - clientIf=4, status=0, action=1, availableSpace=16
04-06 18:43:56.236 13177 13193 D BtGatt.ScanManager: callback done for clientIf - 4 status - 0
04-06 18:43:56.236 13177 13197 D BtGatt.ScanManager: configureRegularScanParams() - queue=0
04-06 18:43:56.236 13177 13197 D BtGatt.ScanManager: configureRegularScanParams() - ScanSetting Scan mode=-2147483648 mLastConfiguredScanSetting=2
04-06 18:43:56.236 13177 13197 D BtGatt.ScanManager: configureRegularScanParams() - queue emtpy, scan stopped
04-06 18:43:56.901 17780 17780 I chatty  : uid=1010(wifi) /system/bin/wpa_supplicant expire 59 lines
04-06 18:43:56.917   410   410 I SFPerfTracer:      triggers: (rate: 1440:48992) (compose: 11:389) (post: 0:1) (render: 0:3030) (52:661583 frames) (53:730681)
04-06 18:43:56.918   410   410 D SFPerfTracer:        layers: (4:9) (FocusedStackFrame (0x7f9af45800): 0:5276)* (DimLayer (0x7f9af6e800): 0:38)* (DimLayer (0x7f9af72000): 0:12)* (StatusBar (0x7f96ef1800): 53:94759) (com.android.systemui.ImageWallpaper (0x7f97064000): 0:2484) (DimLayer (0x7f97065c00): 0:2830)* (DimLayer (0x7f97069400): 0:757)* (NavigationBar (0x7f96e87400): 0:193) (com.google.android.googlequicksearchbox/com.google.android.launcher.GEL (0x7f96e83c00): 0:46) 
04-06 18:43:57.230 13200 13206 I WCNSS_FILTER: do_write: IBS write: fe
04-06 18:43:57.230 13200 13206 I WCNSS_FILTER: ibs_msm_serial_clock_vote: vote UART CLK OFF using UART driver's ioctl()
04-06 18:43:57.856   440 27838 D audio_hw_primary: disable_audio_route: reset and update mixer path: audio-record
04-06 18:43:57.862   440 27838 D audio_hw_primary: disable_snd_device: snd_device(35: handset-mic)
04-06 18:43:57.936  1171  1171 V NotificationService: pkg=com.coffeebeanventures.easyvoicerecorder canInterrupt=false intercept=true
04-06 18:43:57.937 27762 27762 I AudioManager: setRingerMode() = 1
04-06 18:43:57.955  1171  2867 I AccountManagerService: getTypesVisibleToCaller: isPermitted? true
04-06 18:43:57.957  1171  1182 I AccountManagerService: getTypesVisibleToCaller: isPermitted? true
04-06 18:43:57.959  1171  3071 I AccountManagerService: getTypesVisibleToCaller: isPermitted? true
04-06 18:43:57.963  1171  3437 I AccountManagerService: getTypesVisibleToCaller: isPermitted? true
04-06 18:43:58.070 12067 12082 D Checkin : publish the event [tag = MOT_DEVICE_STATS_L1 event name = SettingLogs]
04-06 18:43:58.098 12067 12082 D Checkin : publish the event [tag = MOT_DEVICE_STATS_L1 event name = SettingLogs]
04-06 18:43:58.125 12067 12082 D Checkin : publish the event [tag = MOT_DEVICE_STATS_L1 event name = SettingLogs]
04-06 18:43:58.225   657   657 I MSM-irqbalance: Decided to move IRQ127 from CPU0 to CPU1
04-06 18:43:58.514  1171  2734 D WifiStateMachine: CMD_START_SCAN source -2 txSuccessRate=2.37 rxSuccessRate=2.73 targetRoamBSSID=any RSSI=-44
04-06 18:43:58.515  1171  2734 D WifiStateMachine: startDelayedScan send -> 2998 milli 20000
04-06 18:43:58.515  1171  2734 D WifiStateMachine: CMD_START_SCAN with age=160038 interval=341718 maxinterval=300000
04-06 18:43:58.515  1171  2734 D WifiStateMachine: CMD_START_SCAN full=false
04-06 18:43:59.116  1171  2867 W InputMethodManagerService: Window already focused, ignoring focus gain of: com.android.internal.view.IInputMethodClient$Stub$Proxy@b1660cb attribute=null, token = android.os.BinderProxy@148a30e
04-06 18:43:59.124  1251 29823 V ConnectivityManager: isActiveNetworkMetered() returns:false
04-06 18:43:59.524  1171  2713 D MotoSensors: ALS 374
04-06 18:44:00.001  1171  2717 V AlarmManager: sending alarm {83f9c1d type 3 *alarm*:android.intent.action.TIME_TICK}
04-06 18:44:00.097  1171  1171 V AlarmManager: done {83f9c1d, *alarm*:android.intent.action.TIME_TICK} [96ms]
04-06 18:44:11.330   410   781 I SFPerfTracer:      triggers: (rate: 1:213) (848448 sw vsyncs) (0 skipped) (2061:1258459 vsyncs) (2063:2226270)
04-06 18:44:18.231   657   657 I MSM-irqbalance: Decided to move IRQ270 from CPU2 to CPU1
04-06 18:44:18.519  1171  2734 D WifiStateMachine: CMD_START_SCAN source -2 txSuccessRate=0.42 rxSuccessRate=1.37 targetRoamBSSID=any RSSI=-45
04-06 18:44:18.519  1171  2734 D WifiStateMachine: startDelayedScan send -> 2999 milli 20000
04-06 18:44:18.519  1171  2734 D WifiStateMachine: CMD_START_SCAN with age=180042 interval=341718 maxinterval=300000
04-06 18:44:18.520  1171  2734 D WifiStateMachine: CMD_START_SCAN full=false
04-06 18:44:19.457  1171 26203 D NetlinkSocketObserver: NeighborEvent{elapsedMs=459203244, 10.250.255.254, [442B03D7F680], RTM_NEWNEIGH, NUD_STALE}
04-06 18:44:21.207  2892  3051 I chatty  : uid=10047(com.android.systemui) PhoneStatusBar expire 10 lines
04-06 18:44:21.938 17780 17780 I chatty  : uid=1010(wifi) /system/bin/wpa_supplicant expire 271 lines
04-06 18:44:26.406   410   781 I SFPerfTracer:      triggers: (rate: 1:213) (848448 sw vsyncs) (0 skipped) (909:1259368 vsyncs) (911:2227181)
04-06 18:44:27.251   410   410 I SFPerfTracer:      triggers: (rate: 1440:48993) (compose: 11:389) (post: 0:1) (render: 0:3030) (0:661648 frames) (1:730781)
04-06 18:44:27.251   410   410 D SFPerfTracer:        layers: (4:9) (FocusedStackFrame (0x7f9af45800): 0:5276)* (DimLayer (0x7f9af6e800): 0:38)* (DimLayer (0x7f9af72000): 0:12)* (StatusBar (0x7f96ef1800): 1:94859) (com.android.systemui.ImageWallpaper (0x7f97064000): 0:2484) (DimLayer (0x7f97065c00): 0:2830)* (DimLayer (0x7f97069400): 0:757)* (NavigationBar (0x7f96e87400): 0:193) (com.google.android.googlequicksearchbox/com.google.android.launcher.GEL (0x7f96e83c00): 0:46) 
04-06 18:44:28.710  1171  1193 I PowerManagerService: Going to sleep due to screen timeout (uid 1000)...
04-06 18:44:28.739  2892  2902 I chatty  : uid=10047(com.android.systemui) Binder_1 expire 1 line
04-06 18:44:29.445  1171  1193 V KeyguardServiceDelegate: onScreenTurnedOff()
04-06 18:44:29.445  1171  1193 E MotoSensors: Sensorhub hal enable: 6 - 0
04-06 18:44:29.448   410   410 D SurfaceFlinger: Set power mode=0, type=0 flinger=0x7f9af43c00
04-06 18:44:29.448   410   410 D qdhwcomposer: hwc_setPowerMode: Setting mode 0 on display: 0
04-06 18:44:29.449  1171  1190 I DisplayManagerService: Display device changed state: "Built-in Screen", OFF
04-06 18:44:29.463   410   781 I SFPerfTracer:      triggers: (rate: 1:213) (848448 sw vsyncs) (0 skipped) (183:1259551 vsyncs) (185:2227366)
04-06 18:44:29.490  1251 29294 V ConnectivityManager: isActiveNetworkMetered() returns:false
04-06 18:44:29.542  1251 29823 V ConnectivityManager: isActiveNetworkMetered() returns:false
04-06 18:44:29.562  1251 29823 I PBSessionCacheImpl: Deleted sessionId[15218731998721336] from persistence.
04-06 18:44:29.568  1251 29823 V ConnectivityManager: isActiveNetworkMetered() returns:false
04-06 18:44:29.572   410   777 I qdhwcomposer: handle_blank_event: dpy:0 panel power state: 0
04-06 18:44:29.572   410   410 D qdhwcomposer: hwc_setPowerMode: Done setting mode 0 on display 0
04-06 18:44:29.572  1171  2837 D SurfaceControl: Excessive delay in setPowerMode(): 124ms
04-06 18:44:29.573   410   775 I qdhwcomposer: dcabc_loop: UI -> OFF
04-06 18:44:29.573   410   775 I qdhwcomposer: dcabc_loop: Done updating OFF mode
04-06 18:44:29.579  1171  1193 I DreamManagerService: Entering dreamland.
04-06 18:44:29.579  1171  1193 I PowerManagerService: Dozing...
04-06 18:44:29.579  1171  1187 I DreamController: Starting dream: name=ComponentInfo{com.motorola.motodisplay/com.motorola.motodisplay.DozeService}, isTest=false, canDoze=true, userId=0
04-06 18:44:29.583  1251 29294 V ConnectivityManager: isActiveNetworkMetered() returns:false
04-06 18:44:29.608  3103  3103 D MD.DozeService: Got Doze host, start dreaming
04-06 18:44:29.651  3103  4533 I MD.MDServiceQuick: wakelock is held
04-06 18:44:29.661  3103  4533 V MD.QuickDrawLib: ENTER nativeEnableBreathing(false)
04-06 18:44:29.662   440  5688 D audio_hw_primary: adev_set_parameters: enter: screen_state=off
04-06 18:44:29.662   440  5688 D audio_hw_fm: audio_extn_fm_set_parameters: Inside
04-06 18:44:29.662   440  5688 V audio_hw_fm: audio_extn_fm_set_parameters: enter
04-06 18:44:29.662   440  5688 V audio_hw_fm: audio_extn_fm_set_parameters: exit
04-06 18:44:29.662   440  5688 E bt_a2dp_hw: adev_set_parameters: ERROR: set param called even when stream out is null
04-06 18:44:29.663   440  5688 D mot_vr_audio_hw: adev_set_parameters: screen_state=off
04-06 18:44:29.672  3103  4533 D MD.MDServiceQuick:  mRemainingBreathsCount : 18
04-06 18:44:29.675  1171  2734 D WifiStateMachine: backgroundScan enabled=false
04-06 18:44:29.675  1171  2734 D WifiStateMachine: handleScreenStateChanged Exit: false
04-06 18:44:29.688  3103  4538 V MD.QuickDrawLib: nativePassBuffer() buffer_id=4 x=0 y=0 
04-06 18:44:29.688  3103  4538 V MD.QuickDrawLib: nativePassBuffer()  bitmap w:1440 h:1312
04-06 18:44:29.688  3103  4538 V MD.QuickDrawLib: allocateIonBuffer() id=4 x=0 y=0 width=1440 height=1312
