--------- beginning of crash
04-01 11:11:54.214  3679  4026 F libc    : Fatal signal 11 (SIGSEGV), code 1, fault addr 0x3 in tid 4026 (P[0]_HPINeedIni)
04-01 11:11:54.272   433   433 F DEBUG   : *** *** *** *** *** *** *** *** *** *** *** *** *** *** *** ***
04-01 11:11:54.273   433   433 F DEBUG   : Build fingerprint: 'motorola/clark_retus/clark:6.0/MPHS24.49-18-16/8:user/release-keys'
04-01 11:11:54.273   433   433 F DEBUG   : Revision: 'p3c0'
04-01 11:11:54.273   433   433 F DEBUG   : ABI: 'arm'
04-01 11:11:54.273   433   433 F DEBUG   : pid: 3679, tid: 4026, name: P[0]_HPINeedIni  >>> com.facebook.katana <<<
04-01 11:11:54.273   433   433 F DEBUG   : signal 11 (SIGSEGV), code 1 (SEGV_MAPERR), fault addr 0x3
04-01 11:11:54.298   433   433 F DEBUG   :     r0 ef45cb80  r1 ef45cd88  r2 00000001  r3 00000003
04-01 11:11:54.298   433   433 F DEBUG   :     r4 00000000  r5 00000001  r6 f55335dc  r7 00000000
04-01 11:11:54.298   433   433 F DEBUG   :     r8 ef45cda0  r9 d99521f8  sl ef45cda4  fp d995239c
04-01 11:11:54.298   433   433 F DEBUG   :     ip da7d2060  sp d99521a8  lr f522ab2d  pc f51289d8  cpsr 40010030
04-01 11:11:54.331   433   433 F DEBUG   : 
04-01 11:11:54.331   433   433 F DEBUG   : backtrace:
04-01 11:11:54.331   433   433 F DEBUG   :     #00 pc 000f99d8  /system/lib/libart.so (_ZNSt3__127__tree_balance_after_insertIPNS_16__tree_node_baseIPvEEEEvT_S5_+115)
04-01 11:11:54.331   433   433 F DEBUG   :     #01 pc 001fbb29  /system/lib/libart.so (_ZNSt3__16__treeINS_12__value_typeIN3art15MethodReferenceENS2_7SafeMapIjNS_3setIjNS_4lessIjEENS_9allocatorIjEEEES7_NS2_17TrackingAllocatorINS_4pairIKjSA_EELNS2_12AllocatorTagE6EEEEEEENS_19__map_value_compareIS3_SI_NS2_25MethodReferenceComparatorELb1EEENS8_ISI_EEE15__insert_uniqueINSC_IS3_SH_EEEENSC_INS_15__tree_iteratorISI_PNS_11__tree_nodeISI_PvEEiEEbEEOT_+216)
04-01 11:11:54.331   433   433 F DEBUG   :     #02 pc 001fbb97  /system/lib/libart.so (_ZN3art7SafeMapINS_15MethodReferenceENS0_IjNSt3__13setIjNS2_4lessIjEENS2_9allocatorIjEEEES5_NS_17TrackingAllocatorINS2_4pairIKjS8_EELNS_12AllocatorTagE6EEEEENS_25MethodReferenceComparatorENS9_INSA_IKS1_SF_EELSD_6EEEE9OverwriteERSH_RKSF_+78)
04-01 11:11:54.331   433   433 F DEBUG   :     #03 pc 001fc09d  /system/lib/libart.so (_ZN3art11interpreter6DoCallILb0ELb0EEEbPNS_9ArtMethodEPNS_6ThreadERNS_11ShadowFrameEPKNS_11InstructionEtPNS_6JValueE+1220)
04-01 11:11:54.332   433   433 F DEBUG   :     #04 pc 000c08cd  /system/lib/libart.so (_ZN3art11interpreter15ExecuteGotoImplILb0ELb0EEENS_6JValueEPNS_6ThreadEPKNS_7DexFile8CodeItemERNS_11ShadowFrameES2_+27172)
04-01 11:11:54.332   433   433 F DEBUG   :     #05 pc 001e1ea7  /system/lib/libart.so (artInterpreterToInterpreterBridge+126)
04-01 11:11:54.332   433   433 F DEBUG   :     #06 pc 001fbd1f  /system/lib/libart.so (_ZN3art11interpreter6DoCallILb0ELb0EEEbPNS_9ArtMethodEPNS_6ThreadERNS_11ShadowFrameEPKNS_11InstructionEtPNS_6JValueE+326)
04-01 11:11:54.332   433   433 F DEBUG   :     #07 pc 000c00a3  /system/lib/libart.so (_ZN3art11interpreter15ExecuteGotoImplILb0ELb0EEENS_6JValueEPNS_6ThreadEPKNS_7DexFile8CodeItemERNS_11ShadowFrameES2_+25082)
04-01 11:11:54.332   433   433 F DEBUG   :     #08 pc 001e1ea7  /system/lib/libart.so (artInterpreterToInterpreterBridge+126)
04-01 11:11:54.332   433   433 F DEBUG   :     #09 pc 001fbd1f  /system/lib/libart.so (_ZN3art11interpreter6DoCallILb0ELb0EEEbPNS_9ArtMethodEPNS_6ThreadERNS_11ShadowFrameEPKNS_11InstructionEtPNS_6JValueE+326)
04-01 11:11:54.332   433   433 F DEBUG   :     #10 pc 000c04a9  /system/lib/libart.so (_ZN3art11interpreter15ExecuteGotoImplILb0ELb0EEENS_6JValueEPNS_6ThreadEPKNS_7DexFile8CodeItemERNS_11ShadowFrameES2_+26112)
04-01 11:11:54.332   433   433 F DEBUG   :     #11 pc 001e1ea7  /system/lib/libart.so (artInterpreterToInterpreterBridge+126)
04-01 11:11:54.332   433   433 F DEBUG   :     #12 pc 001fbd1f  /system/lib/libart.so (_ZN3art11interpreter6DoCallILb0ELb0EEEbPNS_9ArtMethodEPNS_6ThreadERNS_11ShadowFrameEPKNS_11InstructionEtPNS_6JValueE+326)
04-01 11:11:54.332   433   433 F DEBUG   :     #13 pc 000c08cd  /system/lib/libart.so (_ZN3art11interpreter15ExecuteGotoImplILb0ELb0EEENS_6JValueEPNS_6ThreadEPKNS_7DexFile8CodeItemERNS_11ShadowFrameES2_+27172)
04-01 11:11:54.332   433   433 F DEBUG   :     #14 pc 001e1ea7  /system/lib/libart.so (artInterpreterToInterpreterBridge+126)
04-01 11:11:54.332   433   433 F DEBUG   :     #15 pc 001fbd1f  /system/lib/libart.so (_ZN3art11interpreter6DoCallILb0ELb0EEEbPNS_9ArtMethodEPNS_6ThreadERNS_11ShadowFrameEPKNS_11InstructionEtPNS_6JValueE+326)
04-01 11:11:54.332   433   433 F DEBUG   :     #16 pc 000c00a3  /system/lib/libart.so (_ZN3art11interpreter15ExecuteGotoImplILb0ELb0EEENS_6JValueEPNS_6ThreadEPKNS_7DexFile8CodeItemERNS_11ShadowFrameES2_+25082)
04-01 11:11:54.332   433   433 F DEBUG   :     #17 pc 001e1ea7  /system/lib/libart.so (artInterpreterToInterpreterBridge+126)
04-01 11:11:54.332   433   433 F DEBUG   :     #18 pc 001fbd1f  /system/lib/libart.so (_ZN3art11interpreter6DoCallILb0ELb0EEEbPNS_9ArtMethodEPNS_6ThreadERNS_11ShadowFrameEPKNS_11InstructionEtPNS_6JValueE+326)
04-01 11:11:54.332   433   433 F DEBUG   :     #19 pc 001ffb7d  /system/lib/libart.so (_ZN3art11interpreterL8DoInvokeILNS_10InvokeTypeE4ELb0ELb0EEEbPNS_6ThreadERNS_11ShadowFrameEPKNS_11InstructionEtPNS_6JValueE+524)
04-01 11:11:54.332   433   433 F DEBUG   :     #20 pc 000c0549  /system/lib/libart.so (_ZN3art11interpreter15ExecuteGotoImplILb0ELb0EEENS_6JValueEPNS_6ThreadEPKNS_7DexFile8CodeItemERNS_11ShadowFrameES2_+26272)
04-01 11:11:54.333   433   433 F DEBUG   :     #21 pc 001e1ea7  /system/lib/libart.so (artInterpreterToInterpreterBridge+126)
04-01 11:11:54.333   433   433 F DEBUG   :     #22 pc 001fbd1f  /system/lib/libart.so (_ZN3art11interpreter6DoCallILb0ELb0EEEbPNS_9ArtMethodEPNS_6ThreadERNS_11ShadowFrameEPKNS_11InstructionEtPNS_6JValueE+326)
04-01 11:11:54.333   433   433 F DEBUG   :     #23 pc 000c00a3  /system/lib/libart.so (_ZN3art11interpreter15ExecuteGotoImplILb0ELb0EEENS_6JValueEPNS_6ThreadEPKNS_7DexFile8CodeItemERNS_11ShadowFrameES2_+25082)
04-01 11:11:54.333   433   433 F DEBUG   :     #24 pc 001e1c79  /system/lib/libart.so (_ZN3art11interpreter30EnterInterpreterFromEntryPointEPNS_6ThreadEPKNS_7DexFile8CodeItemEPNS_11ShadowFrameE+84)
04-01 11:11:54.333   433   433 F DEBUG   :     #25 pc 00090f8d  /system/lib/libart.so (offset 0x34b000)
04-01 11:11:54.333   433   433 F DEBUG   :     #26 pc 000ea953  /system/lib/libart.so (art_quick_to_interpreter_bridge+34)
04-01 11:11:54.333   433   433 F DEBUG   :     #27 pc 023adb67  /system/framework/arm/boot.oat (offset 0x1fe6000)
04-01 11:11:54.687   433   433 F DEBUG   : 
04-01 11:11:54.687   433   433 F DEBUG   : Tombstone written to: /data/tombstones/tombstone_06
--------- beginning of system
04-05 21:55:12.796  2892  2892 V DeadZone: consuming errant click: (396.0,35.0)
04-05 21:55:13.241  1171  2717 I chatty  : uid=1000(system) AlarmManager expire 11 lines
04-05 21:55:13.283  1171  1171 I chatty  : uid=1000 system_server expire 11 lines
04-05 21:55:14.284   410   410 I chatty  : uid=1000(system) /system/bin/surfaceflinger expire 10 lines
04-05 21:55:17.313  1171  1190 I chatty  : uid=1000(system) android.display expire 10 lines
04-05 21:55:20.425  1171  3471 I chatty  : uid=1000(system) Binder_C expire 12 lines
04-05 21:55:21.747  1171  3071 I chatty  : uid=1000(system) Binder_6 expire 10 lines
04-05 21:55:22.958  1171  3437 I chatty  : uid=1000(system) Binder_9 expire 10 lines
04-05 21:55:23.243 13463 13463 D ActivityThread: Loading provider com.whatsapp.provider.contact: com.whatsapp.contact.ContactProvider
04-05 21:55:26.917  2892  2892 D StatusBarKeyguardViewManager: showKeyguard, but hide Bouncer
04-05 21:55:57.111  1171  2719 I chatty  : uid=1000(system) InputReader expire 10 lines
04-05 21:55:57.966  2892  2892 D StatusBarKeyguardViewManager: showKeyguard, but hide Bouncer
04-05 21:56:39.050  1171  3070 I chatty  : uid=1000(system) Binder_5 expire 10 lines
04-05 21:56:39.054  1171  1171 I chatty  : uid=1000 system_server expire 57 lines
04-05 21:56:39.056  1171  3470 I chatty  : uid=1000(system) Binder_B expire 10 lines
04-05 21:56:42.212   410   410 I chatty  : uid=1000(system) /system/bin/surfaceflinger expire 12 lines
04-05 21:56:43.648   410   781 I chatty  : uid=1000(system) EventThread expire 34 lines
04-05 21:56:44.576  1171  2717 I chatty  : uid=1000(system) AlarmManager expire 54 lines
04-05 21:56:59.044  1171  3464 I chatty  : uid=1000(system) Binder_A expire 10 lines
04-05 21:57:09.039  2892  2892 V DeadZone: consuming errant click: (364.0,41.0)
04-05 21:57:14.360   410   410 I chatty  : uid=1000(system) /system/bin/surfaceflinger expire 61 lines
04-05 22:00:39.726  1171  6497 I chatty  : uid=1000(system) Binder_F expire 11 lines
04-05 22:08:44.702  1171  1171 I chatty  : uid=1000 system_server expire 44 lines
04-05 22:09:00.001  1171  2717 I chatty  : uid=1000(system) AlarmManager expire 44 lines
04-05 22:09:43.791  1171  2714 I chatty  : uid=1000(system) UEventObserver expire 10 lines
04-05 22:10:39.992   410   781 I chatty  : uid=1000(system) EventThread expire 15 lines
04-05 22:18:14.825  2892  2892 D StatusBarKeyguardViewManager: showKeyguard, but hide Bouncer
04-05 22:18:14.960  1171  1193 I chatty  : uid=1000(system) PowerManagerSer expire 10 lines
04-05 22:18:18.985   410   410 I chatty  : uid=1000(system) /system/bin/surfaceflinger expire 14 lines
04-05 22:18:42.321  2892  2892 D StatusBarKeyguardViewManager: showKeyguard, but hide Bouncer
04-05 22:18:42.616  1171  1185 I chatty  : uid=1000(system) ActivityManager expire 10 lines
04-05 22:18:45.193  1171  2717 I chatty  : uid=1000(system) AlarmManager expire 12 lines
04-05 22:18:45.200  1171  1171 I chatty  : uid=1000 system_server expire 12 lines
04-05 22:19:41.018  1171  2714 I chatty  : uid=1000(system) UEventObserver expire 12 lines
04-05 22:21:20.948 14886 14901 D ActivityThread: Loading provider com.google.android.gmail.provider;com.android.mail.notifier;com.google.android.gm.email.provider;com.google.android.gm.tasks.provider;com.google.android.gm.email.notifier: com.android.email.provider.EmailProvider
04-05 22:22:24.003  1171  2717 I chatty  : uid=1000(system) AlarmManager expire 33 lines
04-05 22:22:24.027  1171  1171 I chatty  : uid=1000 system_server expire 35 lines
04-05 22:26:06.325  1171  1187 I chatty  : uid=1000(system) android.fg expire 10 lines
04-05 22:26:06.352  1171  1190 I chatty  : uid=1000(system) android.display expire 10 lines
04-05 22:26:07.353  1171  2866 I chatty  : uid=1000(system) Binder_3 expire 10 lines
04-05 22:26:09.331   410   410 I chatty  : uid=1000(system) /system/bin/surfaceflinger expire 15 lines
04-05 22:26:15.257  1171  3474 I chatty  : uid=1000(system) Binder_D expire 14 lines
04-05 22:26:39.726  2892  2892 V DeadZone: consuming errant click: (1410.0,97.0)
04-05 22:26:41.003   410   781 I chatty  : uid=1000(system) EventThread expire 17 lines
04-05 22:26:41.963   410   410 I chatty  : uid=1000(system) /system/bin/surfaceflinger expire 31 lines
04-05 22:27:00.000  1171  2717 I chatty  : uid=1000(system) AlarmManager expire 21 lines
04-05 22:27:00.055  1171  1171 I chatty  : uid=1000 system_server expire 23 lines
04-05 22:27:29.202 11169 11296 E ActivityThread: Failed to find provider info for com.whatsapp.provider.phoneid
04-05 22:27:30.096   410   781 I chatty  : uid=1000(system) EventThread expire 19 lines
04-05 22:27:31.720   410   410 I chatty  : uid=1000(system) /system/bin/surfaceflinger expire 85 lines
04-05 22:28:29.285  2892  2892 D StatusBarKeyguardViewManager: showKeyguard, but hide Bouncer
04-05 22:28:29.380   410   410 I chatty  : uid=1000(system) /system/bin/surfaceflinger expire 123 lines
04-05 22:29:17.182  1171  1182 I chatty  : uid=1000(system) Binder_2 expire 10 lines
04-05 22:29:17.443   410   781 I chatty  : uid=1000(system) EventThread expire 60 lines
04-05 22:29:31.168  1171  6495 I chatty  : uid=1000(system) Binder_E expire 11 lines
04-05 22:32:22.959  1171  2740 I chatty  : uid=1000(system) ConnectivitySer expire 13 lines
04-05 22:32:24.571  1171  2717 I chatty  : uid=1000(system) AlarmManager expire 27 lines
04-05 22:32:24.592  1171  1171 I chatty  : uid=1000 system_server expire 31 lines
04-05 22:33:03.904  1171  1181 I chatty  : uid=1000(system) Binder_1 expire 10 lines
04-05 22:33:04.764  1171  1190 I chatty  : uid=1000(system) android.display expire 10 lines
04-05 22:33:05.897  1171  2867 I chatty  : uid=1000(system) Binder_4 expire 10 lines
04-05 22:33:09.204  1171  3071 I chatty  : uid=1000(system) Binder_6 expire 10 lines
04-05 22:33:09.205  1171  3080 I chatty  : uid=1000(system) Binder_7 expire 10 lines
04-05 22:33:10.452  2892  2892 D StatusBarKeyguardViewManager: showKeyguard, but hide Bouncer
04-05 22:38:25.767  1171  3081 I chatty  : uid=1000(system) Binder_8 expire 10 lines
04-05 22:38:25.776  1171 10995 I chatty  : uid=1000(system) Binder_10 expire 12 lines
04-05 22:38:27.644   410   781 I chatty  : uid=1000(system) EventThread expire 12 lines
04-05 22:38:30.142   410   410 I chatty  : uid=1000(system) /system/bin/surfaceflinger expire 17 lines
04-05 22:38:33.722  1171  6497 I chatty  : uid=1000(system) Binder_F expire 13 lines
04-05 22:38:34.665  1171  3471 I chatty  : uid=1000(system) Binder_C expire 10 lines
04-05 22:38:35.837  2892  2892 D StatusBarKeyguardViewManager: showKeyguard, but hide Bouncer
04-05 22:38:38.588  1171  2717 I chatty  : uid=1000(system) AlarmManager expire 159 lines
04-05 22:38:38.595  1171  1171 I chatty  : uid=1000 system_server expire 159 lines
04-05 22:41:14.170  1171  2714 I chatty  : uid=1000(system) UEventObserver expire 10 lines
04-05 22:43:07.884  1171  1184 I chatty  : uid=1000(system) android.bg expire 10 lines
04-05 22:46:45.206  1171  3470 I chatty  : uid=1000(system) Binder_B expire 11 lines
04-05 23:07:47.982  1171  3464 I chatty  : uid=1000(system) Binder_A expire 10 lines
04-05 23:09:38.353  1171  1185 I chatty  : uid=1000(system) ActivityManager expire 12 lines
04-05 23:18:35.406  1450 17588 W ActivityThread: ClassLoader.loadClass: The class loader returned by Thread.getContextClassLoader() may fail for processes that host multiple applications. You should explicitly specify a context class loader. For example: Thread.setContextClassLoader(getClass().getClassLoader());
04-05 23:18:40.151  1171  2717 I chatty  : uid=1000(system) AlarmManager expire 32 lines
04-05 23:18:40.217  1171  1171 I chatty  : uid=1000 system_server expire 36 lines
04-05 23:25:09.630  1171  2866 I chatty  : uid=1000(system) Binder_3 expire 13 lines
04-05 23:26:35.814  2892  2892 D StatusBarKeyguardViewManager: showKeyguard, but hide Bouncer
04-05 23:26:38.664   410   410 I chatty  : uid=1000(system) /system/bin/surfaceflinger expire 261 lines
04-05 23:26:39.830  1171  2740 I chatty  : uid=1000(system) ConnectivitySer expire 57 lines
04-05 23:26:42.203  1171  3070 I chatty  : uid=1000(system) Binder_5 expire 11 lines
04-05 23:26:45.826 16812 16881 E ActivityThread: Failed to find provider info for com.facebook.appmanager.attribution
04-05 23:26:46.566   410   781 I chatty  : uid=1000(system) EventThread expire 93 lines
04-05 23:26:48.283  1171  2717 I chatty  : uid=1000(system) AlarmManager expire 30 lines
04-05 23:26:49.756  1171  1171 I chatty  : uid=1000 system_server expire 30 lines
04-05 23:27:12.617  1171  2714 I chatty  : uid=1000(system) UEventObserver expire 11 lines
04-05 23:32:37.427  2892  2892 V DeadZone: consuming errant click: (1049.0,20.0)
04-05 23:32:38.030  1171  2740 I chatty  : uid=1000(system) ConnectivitySer expire 12 lines
04-05 23:32:38.058   410   410 I chatty  : uid=1000(system) /system/bin/surfaceflinger expire 22 lines
04-05 23:32:38.603  1171  1190 I chatty  : uid=1000(system) android.display expire 16 lines
04-05 23:32:39.757   410   781 I chatty  : uid=1000(system) EventThread expire 11 lines
04-05 23:33:00.000  1171  2717 I chatty  : uid=1000(system) AlarmManager expire 90 lines
04-05 23:33:00.098  1171  1171 I chatty  : uid=1000 system_server expire 86 lines
04-05 23:33:18.370  1171  3437 I chatty  : uid=1000(system) Binder_9 expire 10 lines
04-05 23:33:20.222 19152 19152 D ActivityThread: Loading provider com.whatsapp.provider.contact: com.whatsapp.contact.ContactProvider
04-05 23:33:22.533   410   781 I chatty  : uid=1000(system) EventThread expire 10 lines
04-05 23:33:22.733   410   410 I chatty  : uid=1000(system) /system/bin/surfaceflinger expire 16 lines
04-05 23:33:25.980  1171  1193 I chatty  : uid=1000(system) PowerManagerSer expire 11 lines
04-05 23:33:26.068  2892  2892 D StatusBarKeyguardViewManager: showKeyguard, but hide Bouncer
04-05 23:35:12.318  1171  2740 I chatty  : uid=1000(system) ConnectivitySer expire 12 lines
04-06 00:00:01.610  1171  1196 I chatty  : uid=1000(system) PackageManager expire 33 lines
04-06 00:03:09.023  1171  1171 I chatty  : uid=1000 system_server expire 13 lines
04-06 00:04:01.015  1171  2717 I chatty  : uid=1000(system) AlarmManager expire 99 lines
04-06 00:05:11.162   383   389 E Cryptfs : not running with encryption, aborting
04-06 00:05:11.163  1171  2722 I chatty  : uid=1000(system) CryptdConnector expire 1 line
04-06 00:09:56.027  1171  1171 I chatty  : uid=1000 system_server expire 94 lines
04-06 00:15:14.043  1171  2714 I chatty  : uid=1000(system) UEventObserver expire 12 lines
04-06 01:01:28.541  1171  1185 I chatty  : uid=1000(system) ActivityManager expire 11 lines
04-06 01:34:50.508 20075 20101 D ActivityThread: Loading provider com.google.android.gmail.provider;com.android.mail.notifier;com.google.android.gm.email.provider;com.google.android.gm.tasks.provider;com.google.android.gm.email.notifier: com.android.email.provider.EmailProvider
04-06 01:34:53.135  1171  2717 I chatty  : uid=1000(system) AlarmManager expire 27 lines
04-06 01:34:53.138  1171  1171 I chatty  : uid=1000 system_server expire 28 lines
04-06 02:58:08.459 20317 20317 D ActivityThread: Loading provider com.whatsapp.provider.contact: com.whatsapp.contact.ContactProvider
04-06 02:58:30.367  1171  2717 I chatty  : uid=1000(system) AlarmManager expire 135 lines
04-06 02:58:30.382  1171  1171 I chatty  : uid=1000 system_server expire 143 lines
04-06 04:08:20.117  1171  1185 I chatty  : uid=1000(system) ActivityManager expire 11 lines
04-06 05:15:13.737  1171  2714 I chatty  : uid=1000(system) UEventObserver expire 12 lines
04-06 07:41:16.629  1171  3071 I chatty  : uid=1000(system) Binder_6 expire 10 lines
04-06 07:41:17.352   410   410 I chatty  : uid=1000(system) /system/bin/surfaceflinger expire 25 lines
04-06 07:41:20.210  1171  2740 I chatty  : uid=1000(system) ConnectivitySer expire 10 lines
04-06 07:41:21.836  1171  2719 I chatty  : uid=1000(system) InputReader expire 10 lines
04-06 07:41:22.733  2892  2892 D StatusBarKeyguardViewManager: showKeyguard, but hide Bouncer
04-06 07:41:37.418  1171  2717 I chatty  : uid=1000(system) AlarmManager expire 15 lines
04-06 07:41:37.442  1171  1171 I chatty  : uid=1000 system_server expire 14 lines
04-06 07:41:57.006  1171  2867 I chatty  : uid=1000(system) Binder_4 expire 10 lines
04-06 07:41:57.008  1171  1187 I chatty  : uid=1000(system) android.fg expire 10 lines
04-06 07:42:00.862   410   781 I chatty  : uid=1000(system) EventThread expire 21 lines
04-06 07:42:05.642  1171 10995 I chatty  : uid=1000(system) Binder_10 expire 10 lines
04-06 07:42:07.371  1171  1182 I chatty  : uid=1000(system) Binder_2 expire 10 lines
04-06 07:42:18.355 21703 21703 D ActivityThread: Loading provider com.whatsapp.provider.contact: com.whatsapp.contact.ContactProvider
04-06 07:42:19.592  1171  6495 I chatty  : uid=1000(system) Binder_E expire 10 lines
04-06 07:42:19.596  1171  3471 I chatty  : uid=1000(system) Binder_C expire 12 lines
04-06 07:42:20.175  1171  1190 I chatty  : uid=1000(system) android.display expire 29 lines
04-06 07:42:22.232   410   410 I chatty  : uid=1000(system) /system/bin/surfaceflinger expire 331 lines
04-06 07:43:03.256  1171  2740 I chatty  : uid=1000(system) ConnectivitySer expire 35 lines
04-06 07:43:29.661   410   781 I chatty  : uid=1000(system) EventThread expire 118 lines
04-06 07:43:45.007  1171  1181 I chatty  : uid=1000(system) Binder_1 expire 10 lines
04-06 07:43:56.228  1171  2717 I chatty  : uid=1000(system) AlarmManager expire 36 lines
04-06 07:43:56.250  1171  1171 I chatty  : uid=1000 system_server expire 36 lines
04-06 07:45:32.429  1171  3081 I chatty  : uid=1000(system) Binder_8 expire 11 lines
04-06 07:46:37.938  1171  2718 I chatty  : uid=1000(system) InputDispatcher expire 10 lines
04-06 07:49:01.828  1171  2714 I chatty  : uid=1000(system) UEventObserver expire 10 lines
04-06 07:49:20.535  1171  6497 I chatty  : uid=1000(system) Binder_F expire 10 lines
04-06 07:50:52.574  1171  3070 I chatty  : uid=1000(system) Binder_5 expire 11 lines
04-06 07:50:52.867  1171  3080 I chatty  : uid=1000(system) Binder_7 expire 13 lines
04-06 07:50:54.100  2892  2892 D StatusBarKeyguardViewManager: showKeyguard, but hide Bouncer
04-06 07:50:56.481  1171  2717 I chatty  : uid=1000(system) AlarmManager expire 10 lines
04-06 07:50:56.573  1171  1171 I chatty  : uid=1000 system_server expire 12 lines
04-06 07:50:57.701  1171  3437 I chatty  : uid=1000(system) Binder_9 expire 10 lines
04-06 07:50:57.982 24235 24235 D ActivityThread: Loading provider com.whatsapp.provider.contact: com.whatsapp.contact.ContactProvider
04-06 07:51:01.675  1171  3464 I chatty  : uid=1000(system) Binder_A expire 10 lines
04-06 07:51:01.702  1171  1190 I chatty  : uid=1000(system) android.display expire 11 lines
04-06 07:51:03.725   410   410 I chatty  : uid=1000(system) /system/bin/surfaceflinger expire 39 lines
04-06 07:51:03.889   410   781 I chatty  : uid=1000(system) EventThread expire 16 lines
04-06 07:51:09.902  1171  2740 I chatty  : uid=1000(system) ConnectivitySer expire 21 lines
04-06 07:52:27.938  2892  2892 V DeadZone: consuming errant click: (1339.0,106.0)
04-06 07:52:28.167   410   781 I chatty  : uid=1000(system) EventThread expire 25 lines
04-06 07:52:29.032  1171  2740 I chatty  : uid=1000(system) ConnectivitySer expire 14 lines
04-06 07:52:32.372   410   410 I chatty  : uid=1000(system) /system/bin/surfaceflinger expire 62 lines
04-06 07:52:51.525  1171  2866 I chatty  : uid=1000(system) Binder_3 expire 11 lines
04-06 07:52:51.759  1171  1185 I chatty  : uid=1000(system) ActivityManager expire 10 lines
04-06 07:53:00.000  1171  2717 I chatty  : uid=1000(system) AlarmManager expire 16 lines
04-06 07:53:00.078  1171  1171 I chatty  : uid=1000 system_server expire 16 lines
04-06 07:53:01.163  1171  3474 I chatty  : uid=1000(system) Binder_D expire 10 lines
04-06 07:54:13.252 25460 25460 D ActivityThread: Loading provider com.whatsapp.provider.contact: com.whatsapp.contact.ContactProvider
04-06 07:54:14.212   410   410 I chatty  : uid=1000(system) /system/bin/surfaceflinger expire 91 lines
04-06 07:54:14.370  1171  2740 I chatty  : uid=1000(system) ConnectivitySer expire 14 lines
04-06 07:54:16.677   410   781 I chatty  : uid=1000(system) EventThread expire 35 lines
04-06 07:56:33.899  2892  2892 D StatusBarKeyguardViewManager: showKeyguard, but hide Bouncer
04-06 07:56:36.112  1171  2717 I chatty  : uid=1000(system) AlarmManager expire 20 lines
04-06 07:56:36.121  1171  1171 I chatty  : uid=1000 system_server expire 20 lines
04-06 07:58:20.456  1171  2714 I chatty  : uid=1000(system) UEventObserver expire 11 lines
04-06 08:01:03.475  1171  1190 I chatty  : uid=1000(system) android.display expire 14 lines
04-06 08:01:03.665   410   781 I chatty  : uid=1000(system) EventThread expire 14 lines
04-06 08:01:08.324   410   410 I chatty  : uid=1000(system) /system/bin/surfaceflinger expire 11 lines
04-06 08:01:23.771  2892  2892 D StatusBarKeyguardViewManager: showKeyguard, but hide Bouncer
04-06 08:01:26.918  1171  2717 I chatty  : uid=1000(system) AlarmManager expire 18 lines
04-06 08:01:26.932  1171  1171 I chatty  : uid=1000 system_server expire 20 lines
04-06 08:04:51.929   410   410 I chatty  : uid=1000(system) /system/bin/surfaceflinger expire 23 lines
04-06 08:04:53.080  1171  1186 I chatty  : uid=1000(system) android.ui expire 6 lines
04-06 08:05:25.732  1171  3470 I chatty  : uid=1000(system) Binder_B expire 11 lines
04-06 08:05:25.838   410   781 I chatty  : uid=1000(system) EventThread expire 15 lines
04-06 08:05:26.333 26552 26552 D ActivityThread: Loading provider com.whatsapp.provider.contact: com.whatsapp.contact.ContactProvider
04-06 08:05:29.362   410   410 I chatty  : uid=1000(system) /system/bin/surfaceflinger expire 25 lines
04-06 08:05:31.410  1171  3071 I chatty  : uid=1000(system) Binder_6 expire 10 lines
04-06 08:05:31.953 26723 26783 F libc    : Fatal signal 11 (SIGSEGV), code 1, fault addr 0xf in tid 26783 (P[0]_HPINeedIni)
04-06 08:05:32.018   433   433 F DEBUG   : *** *** *** *** *** *** *** *** *** *** *** *** *** *** *** ***
04-06 08:05:32.019   433   433 F DEBUG   : Build fingerprint: 'motorola/clark_retus/clark:6.0/MPHS24.49-18-16/8:user/release-keys'
04-06 08:05:32.019   433   433 F DEBUG   : Revision: 'p3c0'
04-06 08:05:32.019   433   433 F DEBUG   : ABI: 'arm'
04-06 08:05:32.019   433   433 F DEBUG   : pid: 26723, tid: 26783, name: P[0]_HPINeedIni  >>> com.facebook.katana <<<
04-06 08:05:32.019   433   433 F DEBUG   : signal 11 (SIGSEGV), code 1 (SEGV_MAPERR), fault addr 0xf
04-06 08:05:32.038   433   433 F DEBUG   :     r0 ef45e9c8  r1 ef39d0c0  r2 ef45ea18  r3 f55335dc
04-06 08:05:32.038   433   433 F DEBUG   :     r4 00000003  r5 00000001  r6 00000000  r7 00000000
04-06 08:05:32.038   433   433 F DEBUG   :     r8 ef39d0d8  r9 da5b31f8  sl ef39d0dc  fp da5b339c
04-06 08:05:32.038   433   433 F DEBUG   :     ip e931a060  sp da5b31a8  lr f522ab2d  pc f51289b0  cpsr 40010030
04-06 08:05:32.049   433   433 F DEBUG   : 
04-06 08:05:32.049   433   433 F DEBUG   : backtrace:
04-06 08:05:32.049   433   433 F DEBUG   :     #00 pc 000f99b0  /system/lib/libart.so (_ZNSt3__127__tree_balance_after_insertIPNS_16__tree_node_baseIPvEEEEvT_S5_+75)
04-06 08:05:32.049   433   433 F DEBUG   :     #01 pc 001fbb29  /system/lib/libart.so (_ZNSt3__16__treeINS_12__value_typeIN3art15MethodReferenceENS2_7SafeMapIjNS_3setIjNS_4lessIjEENS_9allocatorIjEEEES7_NS2_17TrackingAllocatorINS_4pairIKjSA_EELNS2_12AllocatorTagE6EEEEEEENS_19__map_value_compareIS3_SI_NS2_25MethodReferenceComparatorELb1EEENS8_ISI_EEE15__insert_uniqueINSC_IS3_SH_EEEENSC_INS_15__tree_iteratorISI_PNS_11__tree_nodeISI_PvEEiEEbEEOT_+216)
04-06 08:05:32.049   433   433 F DEBUG   :     #02 pc 001fbb97  /system/lib/libart.so (_ZN3art7SafeMapINS_15MethodReferenceENS0_IjNSt3__13setIjNS2_4lessIjEENS2_9allocatorIjEEEES5_NS_17TrackingAllocatorINS2_4pairIKjS8_EELNS_12AllocatorTagE6EEEEENS_25MethodReferenceComparatorENS9_INSA_IKS1_SF_EELSD_6EEEE9OverwriteERSH_RKSF_+78)
04-06 08:05:32.049   433   433 F DEBUG   :     #03 pc 001fc09d  /system/lib/libart.so (_ZN3art11interpreter6DoCallILb0ELb0EEEbPNS_9ArtMethodEPNS_6ThreadERNS_11ShadowFrameEPKNS_11InstructionEtPNS_6JValueE+1220)
04-06 08:05:32.049   433   433 F DEBUG   :     #04 pc 000c08cd  /system/lib/libart.so (_ZN3art11interpreter15ExecuteGotoImplILb0ELb0EEENS_6JValueEPNS_6ThreadEPKNS_7DexFile8CodeItemERNS_11ShadowFrameES2_+27172)
04-06 08:05:32.049   433   433 F DEBUG   :     #05 pc 001e1ea7  /system/lib/libart.so (artInterpreterToInterpreterBridge+126)
04-06 08:05:32.049   433   433 F DEBUG   :     #06 pc 001fbd1f  /system/lib/libart.so (_ZN3art11interpreter6DoCallILb0ELb0EEEbPNS_9ArtMethodEPNS_6ThreadERNS_11ShadowFrameEPKNS_11InstructionEtPNS_6JValueE+326)
04-06 08:05:32.049   433   433 F DEBUG   :     #07 pc 000c00a3  /system/lib/libart.so (_ZN3art11interpreter15ExecuteGotoImplILb0ELb0EEENS_6JValueEPNS_6ThreadEPKNS_7DexFile8CodeItemERNS_11ShadowFrameES2_+25082)
04-06 08:05:32.049   433   433 F DEBUG   :     #08 pc 001e1ea7  /system/lib/libart.so (artInterpreterToInterpreterBridge+126)
04-06 08:05:32.049   433   433 F DEBUG   :     #09 pc 001fbd1f  /system/lib/libart.so (_ZN3art11interpreter6DoCallILb0ELb0EEEbPNS_9ArtMethodEPNS_6ThreadERNS_11ShadowFrameEPKNS_11InstructionEtPNS_6JValueE+326)
04-06 08:05:32.049   433   433 F DEBUG   :     #10 pc 000c04a9  /system/lib/libart.so (_ZN3art11interpreter15ExecuteGotoImplILb0ELb0EEENS_6JValueEPNS_6ThreadEPKNS_7DexFile8CodeItemERNS_11ShadowFrameES2_+26112)
04-06 08:05:32.049   433   433 F DEBUG   :     #11 pc 001e1ea7  /system/lib/libart.so (artInterpreterToInterpreterBridge+126)
04-06 08:05:32.049   433   433 F DEBUG   :     #12 pc 001fbd1f  /system/lib/libart.so (_ZN3art11interpreter6DoCallILb0ELb0EEEbPNS_9ArtMethodEPNS_6ThreadERNS_11ShadowFrameEPKNS_11InstructionEtPNS_6JValueE+326)
04-06 08:05:32.049   433   433 F DEBUG   :     #13 pc 000c08cd  /system/lib/libart.so (_ZN3art11interpreter15ExecuteGotoImplILb0ELb0EEENS_6JValueEPNS_6ThreadEPKNS_7DexFile8CodeItemERNS_11ShadowFrameES2_+27172)
04-06 08:05:32.049   433   433 F DEBUG   :     #14 pc 001e1ea7  /system/lib/libart.so (artInterpreterToInterpreterBridge+126)
04-06 08:05:32.049   433   433 F DEBUG   :     #15 pc 001fbd1f  /system/lib/libart.so (_ZN3art11interpreter6DoCallILb0ELb0EEEbPNS_9ArtMethodEPNS_6ThreadERNS_11ShadowFrameEPKNS_11InstructionEtPNS_6JValueE+326)
04-06 08:05:32.049   433   433 F DEBUG   :     #16 pc 000c00a3  /system/lib/libart.so (_ZN3art11interpreter15ExecuteGotoImplILb0ELb0EEENS_6JValueEPNS_6ThreadEPKNS_7DexFile8CodeItemERNS_11ShadowFrameES2_+25082)
04-06 08:05:32.049   433   433 F DEBUG   :     #17 pc 001e1ea7  /system/lib/libart.so (artInterpreterToInterpreterBridge+126)
04-06 08:05:32.049   433   433 F DEBUG   :     #18 pc 001fbd1f  /system/lib/libart.so (_ZN3art11interpreter6DoCallILb0ELb0EEEbPNS_9ArtMethodEPNS_6ThreadERNS_11ShadowFrameEPKNS_11InstructionEtPNS_6JValueE+326)
04-06 08:05:32.049   433   433 F DEBUG   :     #19 pc 001ffb7d  /system/lib/libart.so (_ZN3art11interpreterL8DoInvokeILNS_10InvokeTypeE4ELb0ELb0EEEbPNS_6ThreadERNS_11ShadowFrameEPKNS_11InstructionEtPNS_6JValueE+524)
04-06 08:05:32.049   433   433 F DEBUG   :     #20 pc 000c0549  /system/lib/libart.so (_ZN3art11interpreter15ExecuteGotoImplILb0ELb0EEENS_6JValueEPNS_6ThreadEPKNS_7DexFile8CodeItemERNS_11ShadowFrameES2_+26272)
04-06 08:05:32.049   433   433 F DEBUG   :     #21 pc 001e1ea7  /system/lib/libart.so (artInterpreterToInterpreterBridge+126)
04-06 08:05:32.049   433   433 F DEBUG   :     #22 pc 001fbd1f  /system/lib/libart.so (_ZN3art11interpreter6DoCallILb0ELb0EEEbPNS_9ArtMethodEPNS_6ThreadERNS_11ShadowFrameEPKNS_11InstructionEtPNS_6JValueE+326)
04-06 08:05:32.049   433   433 F DEBUG   :     #23 pc 000c00a3  /system/lib/libart.so (_ZN3art11interpreter15ExecuteGotoImplILb0ELb0EEENS_6JValueEPNS_6ThreadEPKNS_7DexFile8CodeItemERNS_11ShadowFrameES2_+25082)
04-06 08:05:32.049   433   433 F DEBUG   :     #24 pc 001e1c79  /system/lib/libart.so (_ZN3art11interpreter30EnterInterpreterFromEntryPointEPNS_6ThreadEPKNS_7DexFile8CodeItemEPNS_11ShadowFrameE+84)
04-06 08:05:32.049   433   433 F DEBUG   :     #25 pc 00090f8d  /system/lib/libart.so (offset 0x34b000)
04-06 08:05:32.049   433   433 F DEBUG   :     #26 pc 000ea953  /system/lib/libart.so (art_quick_to_interpreter_bridge+34)
04-06 08:05:32.049   433   433 F DEBUG   :     #27 pc 023adb67  /system/framework/arm/boot.oat (offset 0x1fe6000)
04-06 08:05:32.262   433   433 F DEBUG   : 
04-06 08:05:32.262   433   433 F DEBUG   : Tombstone written to: /data/tombstones/tombstone_07
04-06 08:05:32.267  1171  1188 I chatty  : uid=1000(system) FileObserver expire 5 lines
04-06 08:05:42.286  1171  2717 I chatty  : uid=1000(system) AlarmManager expire 11 lines
04-06 08:05:42.302  1171  1171 I chatty  : uid=1000 system_server expire 11 lines
04-06 08:06:08.304 27295 27295 D ActivityThread: Loading provider com.whatsapp.provider.contact: com.whatsapp.contact.ContactProvider
04-06 08:06:08.577   410   410 I chatty  : uid=1000(system) /system/bin/surfaceflinger expire 20 lines
04-06 08:06:08.907  1171  1190 I chatty  : uid=1000(system) android.display expire 12 lines
04-06 08:06:09.353   410   781 I chatty  : uid=1000(system) EventThread expire 21 lines
04-06 08:06:12.306  1171  2718 I chatty  : uid=1000(system) InputDispatcher expire 13 lines
04-06 08:06:16.699  1171  2739 I chatty  : uid=1000(system) WifiService expire 10 lines
04-06 08:06:19.878  1171  1185 I chatty  : uid=1000(system) ActivityManager expire 11 lines
04-06 08:06:30.591  1171  6495 I chatty  : uid=1000(system) Binder_E expire 10 lines
04-06 08:06:31.910 27554 27554 D ActivityThread: Loading provider com.whatsapp.provider.contact: com.whatsapp.contact.ContactProvider
04-06 08:06:33.306   410   410 I chatty  : uid=1000(system) /system/bin/surfaceflinger expire 32 lines
04-06 08:06:35.028  1171 10995 I chatty  : uid=1000(system) Binder_10 expire 13 lines
04-06 08:06:35.046  3366  3366 I chatty  : uid=1000(system) com.motorola.process.system expire 13 lines
04-06 08:07:00.000  1171  2717 I chatty  : uid=1000(system) AlarmManager expire 27 lines
04-06 08:07:00.013  1171  1171 I chatty  : uid=1000 system_server expire 11 lines
04-06 08:07:12.969  1171  1181 I chatty  : uid=1000(system) Binder_1 expire 11 lines
04-06 08:07:51.664  1171  1193 I chatty  : uid=1000(system) PowerManagerSer expire 10 lines
04-06 08:07:56.761  2892  2892 D StatusBarKeyguardViewManager: showKeyguard, but hide Bouncer
04-06 08:09:15.963  1171  3080 I chatty  : uid=1000(system) Binder_7 expire 11 lines
04-06 08:09:15.999  1171  1190 I chatty  : uid=1000(system) android.display expire 11 lines
04-06 08:09:16.186   410   781 I chatty  : uid=1000(system) EventThread expire 13 lines
04-06 08:09:17.117   410   410 I chatty  : uid=1000(system) /system/bin/surfaceflinger expire 12 lines
04-06 08:09:26.769  2892  2892 D StatusBarKeyguardViewManager: showKeyguard, but hide Bouncer
04-06 08:10:56.266  1171  1171 I chatty  : uid=1000 system_server expire 54 lines
04-06 08:13:54.112  1171  2717 I chatty  : uid=1000(system) AlarmManager expire 30 lines
04-06 08:14:43.129  1171  2714 I chatty  : uid=1000(system) UEventObserver expire 20 lines
04-06 08:16:34.594  1171  3471 I chatty  : uid=1000(system) Binder_C expire 13 lines
04-06 08:17:36.304  1171  3464 I chatty  : uid=1000(system) Binder_A expire 12 lines
04-06 08:27:40.709  1171  2867 I chatty  : uid=1000(system) Binder_4 expire 11 lines
04-06 08:33:27.131  1171  1187 I chatty  : uid=1000(system) android.fg expire 10 lines
04-06 08:33:29.047  1171  6497 I chatty  : uid=1000(system) Binder_F expire 29 lines
04-06 08:33:59.325  1171  2866 I chatty  : uid=1000(system) Binder_3 expire 10 lines
04-06 08:34:03.803  2892  2892 D StatusBarKeyguardViewManager: showKeyguard, but hide Bouncer
04-06 08:34:04.077  1171  1171 I chatty  : uid=1000 system_server expire 53 lines
04-06 08:34:12.864  1171  2714 I chatty  : uid=1000(system) UEventObserver expire 22 lines
04-06 08:34:27.192  1171  2717 I chatty  : uid=1000(system) AlarmManager expire 48 lines
04-06 08:54:21.486   410   781 I chatty  : uid=1000(system) EventThread expire 12 lines
04-06 08:54:54.596  1171  1193 I chatty  : uid=1000(system) PowerManagerSer expire 10 lines
04-06 08:54:57.669   410   410 I chatty  : uid=1000(system) /system/bin/surfaceflinger expire 10 lines
04-06 08:55:01.369  1171  3070 I chatty  : uid=1000(system) Binder_5 expire 11 lines
04-06 08:55:01.370  1171  2740 I chatty  : uid=1000(system) ConnectivitySer expire 14 lines
04-06 08:55:06.927  2892  2892 D StatusBarKeyguardViewManager: showKeyguard, but hide Bouncer
04-06 08:55:07.302  1171  1190 I chatty  : uid=1000(system) android.display expire 10 lines
04-06 08:55:20.752  1171  2714 I chatty  : uid=1000(system) UEventObserver expire 12 lines
04-06 08:55:20.846  1171  1171 I chatty  : uid=1000 system_server expire 11 lines
04-06 08:55:21.332  1171  2717 I chatty  : uid=1000(system) AlarmManager expire 20 lines
04-06 08:55:24.254   410   781 I chatty  : uid=1000(system) EventThread expire 10 lines
04-06 08:55:31.746  2892  2892 D StatusBarKeyguardViewManager: showKeyguard, but hide Bouncer
04-06 08:55:37.300  1171  2714 I chatty  : uid=1000(system) UEventObserver expire 58 lines
04-06 08:56:24.607 29990 29990 W ActivityThread: ClassLoader.loadClass: The class loader returned by Thread.getContextClassLoader() may fail for processes that host multiple applications. You should explicitly specify a context class loader. For example: Thread.setContextClassLoader(getClass().getClassLoader());
04-06 08:56:26.960  1171  3081 I chatty  : uid=1000(system) Binder_8 expire 11 lines
04-06 08:56:37.972  1171  1171 I chatty  : uid=1000 system_server expire 14 lines
04-06 08:58:06.496  1171  3470 I chatty  : uid=1000(system) Binder_B expire 10 lines
04-06 09:02:16.708  1171  1184 I chatty  : uid=1000(system) android.bg expire 10 lines
04-06 09:02:16.977 30397 30412 D ActivityThread: Loading provider com.google.android.gmail.provider;com.android.mail.notifier;com.google.android.gm.email.provider;com.google.android.gm.tasks.provider;com.google.android.gm.email.notifier: com.android.email.provider.EmailProvider
04-06 09:02:17.879  1171  2714 I chatty  : uid=1000(system) UEventObserver expire 220 lines
04-06 09:02:21.359  1171  2717 I chatty  : uid=1000(system) AlarmManager expire 36 lines
04-06 09:02:21.381  1171  1171 I chatty  : uid=1000 system_server expire 43 lines
04-06 09:07:58.657  1171  1185 I chatty  : uid=1000(system) ActivityManager expire 11 lines
04-06 09:26:51.981  1171  3080 I chatty  : uid=1000(system) Binder_7 expire 10 lines
04-06 09:26:57.050  1171  1193 I chatty  : uid=1000(system) PowerManagerSer expire 10 lines
04-06 09:26:57.119  2892  2892 D StatusBarKeyguardViewManager: showKeyguard, but hide Bouncer
04-06 09:26:57.922  1171  2714 I chatty  : uid=1000(system) UEventObserver expire 66 lines
04-06 09:27:06.961  1171  2717 I chatty  : uid=1000(system) AlarmManager expire 29 lines
04-06 09:27:07.004  1171  1171 I chatty  : uid=1000 system_server expire 33 lines
04-06 09:32:56.140  1171 10995 I chatty  : uid=1000(system) Binder_10 expire 10 lines
04-06 09:34:16.248  1171  1187 I chatty  : uid=1000(system) android.fg expire 12 lines
04-06 09:34:16.738  1171  3471 I chatty  : uid=1000(system) Binder_C expire 19 lines
04-06 09:34:19.985  2892  2892 D StatusBarKeyguardViewManager: showKeyguard, but hide Bouncer
04-06 09:34:20.126  1171  1181 I chatty  : uid=1000(system) Binder_1 expire 10 lines
04-06 09:34:20.727  1171  2714 I chatty  : uid=1000(system) UEventObserver expire 21 lines
04-06 09:34:22.146   410   410 I chatty  : uid=1000(system) /system/bin/surfaceflinger expire 28 lines
04-06 09:34:24.369  2892  2892 V DeadZone: consuming errant click: (1074.0,36.0)
04-06 09:34:25.294  1171  1190 I chatty  : uid=1000(system) android.display expire 11 lines
04-06 09:34:27.686  1171  2867 I chatty  : uid=1000(system) Binder_4 expire 11 lines
04-06 09:34:46.130  1171  2717 I chatty  : uid=1000(system) AlarmManager expire 14 lines
04-06 09:34:46.158  1171  1171 I chatty  : uid=1000 system_server expire 45 lines
04-06 09:35:04.907   410   781 I chatty  : uid=1000(system) EventThread expire 10 lines
04-06 09:35:05.967  1171  3071 I chatty  : uid=1000(system) Binder_6 expire 10 lines
04-06 09:35:09.050  1171  6495 I chatty  : uid=1000(system) Binder_E expire 10 lines
04-06 09:35:09.135  1171  1185 I chatty  : uid=1000(system) ActivityManager expire 10 lines
04-06 09:35:17.559  1171  2764 I chatty  : uid=1000(system) backup expire 26 lines
04-06 09:36:06.500  2892  2892 D StatusBarKeyguardViewManager: showKeyguard, but hide Bouncer
04-06 09:36:06.655  2892  2892 D StatusBarKeyguardViewManager: setOccluded(true): mOccluded = false  mShowing = true
04-06 09:36:06.656  2892  2892 D StatusBarKeyguardViewManager: mOccluded = true and Keyguard/Bouncer are all hidden now
04-06 09:36:07.976  1171  2714 I chatty  : uid=1000(system) UEventObserver expire 27 lines
04-06 09:36:56.926  1171  2717 I chatty  : uid=1000(system) AlarmManager expire 14 lines
04-06 09:36:56.944  1171  1171 I chatty  : uid=1000 system_server expire 14 lines
04-06 09:39:28.719 31894 31912 D ActivityThread: Loading provider com.google.android.gmail.provider;com.android.mail.notifier;com.google.android.gm.email.provider;com.google.android.gm.tasks.provider;com.google.android.gm.email.notifier: com.android.email.provider.EmailProvider
04-06 09:39:29.058  1171  3474 I chatty  : uid=1000(system) Binder_D expire 14 lines
04-06 09:39:38.710  1171  2714 I chatty  : uid=1000(system) UEventObserver expire 12 lines
04-06 09:40:52.857  1171  6497 I chatty  : uid=1000(system) Binder_F expire 10 lines
04-06 09:40:58.422  1171  1193 I chatty  : uid=1000(system) PowerManagerSer expire 11 lines
04-06 09:40:58.424  1171  1182 I chatty  : uid=1000(system) Binder_2 expire 10 lines
04-06 09:40:58.451  1171  1190 I chatty  : uid=1000(system) android.display expire 11 lines
04-06 09:41:00.784   410   410 I chatty  : uid=1000(system) /system/bin/surfaceflinger expire 10 lines
04-06 09:41:01.065  2892  2892 D StatusBarKeyguardViewManager: setOccluded(false): mOccluded = true  mShowing = true
04-06 09:41:01.071  2892  2892 D StatusBarKeyguardViewManager: showKeyguard, but hide Bouncer
04-06 09:41:01.089  1171  3471 I chatty  : uid=1000(system) Binder_C expire 10 lines
04-06 09:41:08.822  1171  2714 I chatty  : uid=1000(system) UEventObserver expire 19 lines
04-06 09:41:37.516  1171  2717 I chatty  : uid=1000(system) AlarmManager expire 38 lines
04-06 09:41:37.533  1171  1171 I chatty  : uid=1000 system_server expire 38 lines
04-06 09:41:37.579  2892  2892 D StatusBarKeyguardViewManager: showKeyguard, but hide Bouncer
04-06 09:43:28.251  1171  2714 I chatty  : uid=1000(system) UEventObserver expire 55 lines
04-06 09:50:49.540   410   781 I chatty  : uid=1000(system) EventThread expire 16 lines
04-06 09:50:58.485  1171  3070 I chatty  : uid=1000(system) Binder_5 expire 11 lines
04-06 09:50:59.773  2892  2892 D StatusBarKeyguardViewManager: showKeyguard, but hide Bouncer
04-06 09:51:14.936 32328 32343 D ActivityThread: Loading provider com.google.android.gmail.provider;com.android.mail.notifier;com.google.android.gm.email.provider;com.google.android.gm.tasks.provider;com.google.android.gm.email.notifier: com.android.email.provider.EmailProvider
04-06 09:51:15.883  1171  2717 I chatty  : uid=1000(system) AlarmManager expire 34 lines
04-06 09:51:15.922  1171  1171 I chatty  : uid=1000 system_server expire 39 lines
04-06 09:51:28.780  1171  2714 I chatty  : uid=1000(system) UEventObserver expire 46 lines
04-06 10:03:32.710   410   410 I chatty  : uid=1000(system) /system/bin/surfaceflinger expire 26 lines
04-06 10:03:43.471  2892  2892 D StatusBarKeyguardViewManager: showKeyguard, but hide Bouncer
04-06 10:03:45.596  1171  2714 I chatty  : uid=1000(system) UEventObserver expire 106 lines
04-06 10:03:54.100  1171  2717 I chatty  : uid=1000(system) AlarmManager expire 70 lines
04-06 10:03:54.111  1171  1171 I chatty  : uid=1000 system_server expire 81 lines
04-06 10:05:26.041  1171  1181 I chatty  : uid=1000(system) Binder_1 expire 10 lines
04-06 10:09:18.997  1171  1185 I chatty  : uid=1000(system) ActivityManager expire 15 lines
04-06 10:35:09.090  1171  2740 I chatty  : uid=1000(system) ConnectivitySer expire 10 lines
04-06 10:35:20.310  1171  1187 I chatty  : uid=1000(system) android.fg expire 12 lines
04-06 10:35:22.832  1171  3081 I chatty  : uid=1000(system) Binder_8 expire 10 lines
04-06 10:35:44.960  1171  3437 I chatty  : uid=1000(system) Binder_9 expire 11 lines
04-06 10:36:01.558   410   410 I chatty  : uid=1000(system) /system/bin/surfaceflinger expire 15 lines
04-06 10:36:02.977   410   781 I chatty  : uid=1000(system) EventThread expire 11 lines
04-06 10:36:17.544  1171  1190 I chatty  : uid=1000(system) android.display expire 11 lines
04-06 10:36:21.322  1171  1193 I chatty  : uid=1000(system) PowerManagerSer expire 11 lines
04-06 10:36:21.365  2892  2892 D StatusBarKeyguardViewManager: showKeyguard, but hide Bouncer
04-06 10:36:23.318  1171  2714 I chatty  : uid=1000(system) UEventObserver expire 38 lines
04-06 10:36:36.882  1171  2717 I chatty  : uid=1000(system) AlarmManager expire 34 lines
04-06 10:36:36.912  1171  1171 I chatty  : uid=1000 system_server expire 34 lines
04-06 10:37:01.208  1462  1482 D ActivityThread: Loading provider com.google.android.gmail.provider;com.android.mail.notifier;com.google.android.gm.email.provider;com.google.android.gm.tasks.provider;com.google.android.gm.email.notifier: com.android.email.provider.EmailProvider
04-06 10:48:59.614  1171  2714 I chatty  : uid=1000(system) UEventObserver expire 66 lines
04-06 10:49:19.104  1171  2717 I chatty  : uid=1000(system) AlarmManager expire 75 lines
04-06 10:49:19.143  1171  1171 I chatty  : uid=1000 system_server expire 74 lines
04-06 11:06:40.365  1171  6497 I chatty  : uid=1000(system) Binder_F expire 11 lines
04-06 11:15:43.591  1171  1185 I chatty  : uid=1000(system) ActivityManager expire 25 lines
04-06 11:15:45.561  5673 21547 W FileUtils: Failed to chmod(/pds/public/svcs/activation_date): android.system.ErrnoException: chmod failed: EACCES (Permission denied)
04-06 11:15:45.710  1171  2714 I chatty  : uid=1000(system) UEventObserver expire 20 lines
04-06 11:15:52.711   410   410 I chatty  : uid=1000(system) /system/bin/surfaceflinger expire 12 lines
04-06 11:16:00.002  1171  2717 I chatty  : uid=1000(system) AlarmManager expire 16 lines
04-06 11:16:00.125  1171  1171 I chatty  : uid=1000 system_server expire 19 lines
04-06 11:16:02.522  2892  2892 D StatusBarKeyguardViewManager: showKeyguard, but hide Bouncer
04-06 11:18:12.046   410   781 I chatty  : uid=1000(system) EventThread expire 41 lines
04-06 11:18:12.634  2892  2892 D StatusBarKeyguardViewManager: showKeyguard, but hide Bouncer
04-06 11:18:14.109  1171  2714 I chatty  : uid=1000(system) UEventObserver expire 30 lines
04-06 11:18:57.022  1171  1184 I chatty  : uid=1000(system) android.bg expire 10 lines
04-06 11:20:13.399  1171  3464 I chatty  : uid=1000(system) Binder_A expire 11 lines
04-06 11:21:40.161  1171  2717 I chatty  : uid=1000(system) AlarmManager expire 21 lines
04-06 11:21:40.211  1171  1171 I chatty  : uid=1000 system_server expire 23 lines
04-06 11:24:47.300  2948  2948 I chatty  : uid=1000(system) com.android.keychain expire 2 lines
04-06 11:24:48.791  1171 10995 I chatty  : uid=1000(system) Binder_10 expire 10 lines
04-06 11:24:54.811  1171  2866 I chatty  : uid=1000(system) Binder_3 expire 11 lines
04-06 11:24:56.850  1171  2740 I chatty  : uid=1000(system) ConnectivitySer expire 12 lines
04-06 11:28:02.834  3820  3854 D ActivityThread: Loading provider com.google.android.gmail.provider;com.android.mail.notifier;com.google.android.gm.email.provider;com.google.android.gm.tasks.provider;com.google.android.gm.email.notifier: com.android.email.provider.EmailProvider
04-06 11:28:03.038  1171  6495 I chatty  : uid=1000(system) Binder_E expire 10 lines
04-06 11:28:04.317  1171  2867 I chatty  : uid=1000(system) Binder_4 expire 19 lines
04-06 11:28:05.364  1171  3474 I chatty  : uid=1000(system) Binder_D expire 12 lines
04-06 11:28:07.789  1171  1171 I chatty  : uid=1000 system_server expire 118 lines
04-06 11:28:39.856  1171  2714 I chatty  : uid=1000(system) UEventObserver expire 91 lines
04-06 11:29:54.516  1171  2717 I chatty  : uid=1000(system) AlarmManager expire 117 lines
04-06 11:41:06.495  1171  1185 I chatty  : uid=1000(system) ActivityManager expire 12 lines
04-06 11:56:22.621  1171  3470 I chatty  : uid=1000(system) Binder_B expire 10 lines
04-06 11:56:22.774  1171  3471 I chatty  : uid=1000(system) Binder_C expire 10 lines
04-06 11:56:22.784  1171  3080 I chatty  : uid=1000(system) Binder_7 expire 11 lines
04-06 12:00:35.032  1171  3071 I chatty  : uid=1000(system) Binder_6 expire 11 lines
04-06 12:05:37.459  4528  4556 D ActivityThread: Loading provider com.google.android.gmail.provider;com.android.mail.notifier;com.google.android.gm.email.provider;com.google.android.gm.tasks.provider;com.google.android.gm.email.notifier: com.android.email.provider.EmailProvider
04-06 12:05:43.352  1171  2714 I chatty  : uid=1000(system) UEventObserver expire 65 lines
04-06 12:06:40.161  1171  2717 I chatty  : uid=1000(system) AlarmManager expire 73 lines
04-06 12:06:40.207  1171  1171 I chatty  : uid=1000 system_server expire 75 lines
04-06 12:13:11.287  1171  1185 I chatty  : uid=1000(system) ActivityManager expire 10 lines
04-06 12:13:11.387  1171  3070 I chatty  : uid=1000(system) Binder_5 expire 10 lines
04-06 12:13:11.389  1171  3081 I chatty  : uid=1000(system) Binder_8 expire 10 lines
04-06 12:32:23.034  1171  5071 I chatty  : uid=1000 system_server expire 5 lines
04-06 12:32:23.135  1171  5077 I chatty  : uid=1000 system_server expire 4 lines
04-06 12:32:23.349  1171  2720 I chatty  : uid=1000(system) MountService expire 3 lines
04-06 12:32:23.365  1171  2721 I chatty  : uid=1000(system) VoldConnector expire 4 lines
04-06 12:32:23.368   383  5092 D vold    : Starting trim of /data
04-06 12:32:23.396  1171  1181 I chatty  : uid=1000(system) Binder_1 expire 10 lines
04-06 12:32:25.573   383  5092 I vold    : Trimmed 8724480 bytes on /data in 2205ms
04-06 12:32:25.574   383  5092 D vold    : Starting trim of /cache
04-06 12:32:25.584   383  5092 I vold    : Trimmed 104857600 bytes on /cache in 9ms
04-06 12:32:25.584   383  5092 D vold    : Starting trim of none
04-06 12:32:25.584   383  5092 W vold    : Failed to open none: No such file or directory
04-06 12:32:25.890  1171  1171 I chatty  : uid=1000 system_server expire 212 lines
04-06 12:32:25.895  1171  5097 I chatty  : uid=1000 system_server expire 3 lines
