04-06 18:46:50.176 29931 29948 D FRService: API: isFileProcessed String=/storage/emulated/0/DCIM/Camera/IMG_20161225_131402732.jpg, 
04-06 18:46:50.177 29931 29942 D FRService: API: isFileProcessed String=/storage/emulated/0/DCIM/Camera/IMG_20161225_131401657.jpg, 
04-06 18:46:50.177 29931 29954 D FRService: API: isFileProcessed String=/storage/emulated/0/DCIM/Camera/IMG_20161225_130538164_TOP.jpg, 
04-06 18:46:50.178 29931 29941 D FRService: API: isFileProcessed String=/storage/emulated/0/DCIM/Camera/IMG_20161225_130533053.jpg, 
04-06 18:46:50.179 29931 29949 D FRService: API: isFileProcessed String=/storage/emulated/0/DCIM/Camera/IMG_20161225_130525880_HDR.jpg, 
04-06 18:46:50.180 29931 29948 D FRService: API: isFileProcessed String=/storage/emulated/0/DCIM/Camera/IMG_20161225_130426014_HDR.jpg, 
04-06 18:46:50.180 29931 29942 D FRService: API: isFileProcessed String=/storage/emulated/0/DCIM/Camera/IMG_20161225_130423465_HDR.jpg, 
04-06 18:46:50.181 29931 29954 D FRService: API: isFileProcessed String=/storage/emulated/0/DCIM/Camera/IMG_20161225_130406433.jpg, 
04-06 18:46:50.181 29931 29941 D FRService: API: isFileProcessed String=/storage/emulated/0/DCIM/Camera/IMG_20161225_130405384.jpg, 
04-06 18:46:50.182 29931 29949 D FRService: API: isFileProcessed String=/storage/emulated/0/DCIM/Camera/IMG_20161225_130359241_TOP.jpg, 
04-06 18:46:50.183 29931 29948 D FRService: API: isFileProcessed String=/storage/emulated/0/DCIM/Camera/IMG_20161225_124350949_TOP.jpg, 
04-06 18:46:50.184 29931 29942 D FRService: API: isFileProcessed String=/storage/emulated/0/DCIM/Camera/IMG_20161225_124349091.jpg, 
04-06 18:46:50.185 29931 29954 D FRService: API: isFileProcessed String=/storage/emulated/0/DCIM/Camera/IMG_20161225_124345760.jpg, 
04-06 18:46:50.185 29931 29941 D FRService: API: isFileProcessed String=/storage/emulated/0/DCIM/Camera/IMG_20161225_124334257.jpg, 
04-06 18:46:50.186 29931 29949 D FRService: API: isFileProcessed String=/storage/emulated/0/DCIM/Camera/IMG_20161225_124325814_TOP.jpg, 
04-06 18:46:50.187 29931 29948 D FRService: API: isFileProcessed String=/storage/emulated/0/DCIM/Camera/IMG_20161225_124323560.jpg, 
04-06 18:46:50.187 29931 29942 D FRService: API: isFileProcessed String=/storage/emulated/0/DCIM/Camera/IMG_20161225_124320506_TOP.jpg, 
04-06 18:46:50.188 29931 29954 D FRService: API: isFileProcessed String=/storage/emulated/0/DCIM/Camera/IMG_20161225_124304996.jpg, 
04-06 18:46:50.189 29931 29941 D FRService: API: isFileProcessed String=/storage/emulated/0/DCIM/Camera/IMG_20161225_124301844.jpg, 
04-06 18:46:50.189 29931 29949 D FRService: API: isFileProcessed String=/storage/emulated/0/DCIM/Camera/IMG_20161225_124301169.jpg, 
04-06 18:46:50.190 29931 29948 D FRService: API: isFileProcessed String=/storage/emulated/0/DCIM/Camera/IMG_20161225_124222398.jpg, 
04-06 18:46:50.191 29931 29942 D FRService: API: isFileProcessed String=/storage/emulated/0/DCIM/Camera/IMG_20161225_124218088.jpg, 
04-06 18:46:50.192 29931 29954 D FRService: API: isFileProcessed String=/storage/emulated/0/DCIM/Camera/IMG_20161225_124210300_TOP.jpg, 
04-06 18:46:50.192 29931 29941 D FRService: API: isFileProcessed String=/storage/emulated/0/DCIM/Camera/IMG_20161225_124145457.jpg, 
04-06 18:46:50.193 29931 29949 D FRService: API: isFileProcessed String=/storage/emulated/0/DCIM/Camera/IMG_20161225_124141923.jpg, 
04-06 18:46:50.194 29931 29948 D FRService: API: isFileProcessed String=/storage/emulated/0/DCIM/Camera/IMG_20161225_124132198.jpg, 
04-06 18:46:50.195 29931 29942 D FRService: API: isFileProcessed String=/storage/emulated/0/DCIM/Camera/IMG_20161225_124131835.jpg, 
04-06 18:46:50.195 29931 29954 D FRService: API: isFileProcessed String=/storage/emulated/0/DCIM/Camera/IMG_20161225_124129846.jpg, 
04-06 18:46:50.196 29931 29941 D FRService: API: isFileProcessed String=/storage/emulated/0/DCIM/Camera/IMG_20161225_124100150.jpg, 
04-06 18:46:50.197 29931 29949 D FRService: API: isFileProcessed String=/storage/emulated/0/DCIM/Camera/IMG_20161225_124059949.jpg, 
04-06 18:46:50.197 29931 29948 D FRService: API: isFileProcessed String=/storage/emulated/0/DCIM/Camera/IMG_20161225_124059749.jpg, 
04-06 18:46:50.198 29931 29942 D FRService: API: isFileProcessed String=/storage/emulated/0/DCIM/Camera/IMG_20161225_124059550.jpg, 
04-06 18:46:50.199 29931 29954 D FRService: API: isFileProcessed String=/storage/emulated/0/DCIM/Camera/IMG_20161225_124059354.jpg, 
04-06 18:46:50.199 29931 29941 D FRService: API: isFileProcessed String=/storage/emulated/0/DCIM/Camera/IMG_20161225_124059017.jpg, 
04-06 18:46:50.200 29931 29949 D FRService: API: isFileProcessed String=/storage/emulated/0/DCIM/Camera/IMG_20161225_124048063.jpg, 
04-06 18:46:50.201 29931 29948 D FRService: API: isFileProcessed String=/storage/emulated/0/DCIM/Camera/IMG_20161225_124015205.jpg, 
04-06 18:46:50.202 29931 29942 D FRService: API: isFileProcessed String=/storage/emulated/0/DCIM/Camera/IMG_20161225_124005198.jpg, 
04-06 18:46:50.203 29931 29954 D FRService: API: isFileProcessed String=/storage/emulated/0/DCIM/Camera/IMG_20161225_123853702.jpg, 
04-06 18:46:50.204 29931 29941 D FRService: API: isFileProcessed String=/storage/emulated/0/DCIM/Camera/IMG_20161225_123851680.jpg, 
04-06 18:46:50.205 29931 29949 D FRService: API: isFileProcessed String=/storage/emulated/0/DCIM/Camera/IMG_20161225_123848927.jpg, 
04-06 18:46:50.206 29931 29948 D FRService: API: isFileProcessed String=/storage/emulated/0/DCIM/Camera/IMG_20161225_123846048.jpg, 
04-06 18:46:50.207 29931 29942 D FRService: API: isFileProcessed String=/storage/emulated/0/DCIM/Camera/IMG_20161225_123844337_TOP.jpg, 
04-06 18:46:50.208 29931 29954 D FRService: API: isFileProcessed String=/storage/emulated/0/DCIM/Camera/IMG_20161225_123841356.jpg, 
04-06 18:46:50.209 29931 29941 D FRService: API: isFileProcessed String=/storage/emulated/0/DCIM/Camera/IMG_20161225_123419506.jpg, 
04-06 18:46:50.210 29931 29949 D FRService: API: isFileProcessed String=/storage/emulated/0/DCIM/Camera/IMG_20161225_123418251.jpg, 
04-06 18:46:50.211 29931 29948 D FRService: API: isFileProcessed String=/storage/emulated/0/DCIM/Camera/IMG_20161225_123414886.jpg, 
04-06 18:46:50.212 29931 29942 D FRService: API: isFileProcessed String=/storage/emulated/0/DCIM/Camera/IMG_20161225_123412026.jpg, 
04-06 18:46:50.214 29931 29954 D FRService: API: isFileProcessed String=/storage/emulated/0/DCIM/Camera/IMG_20161225_102848875.jpg, 
04-06 18:46:50.215 29931 29941 D FRService: API: isFileProcessed String=/storage/emulated/0/DCIM/Camera/IMG_20161225_102837273.jpg, 
04-06 18:46:50.216 29931 29949 D FRService: API: isFileProcessed String=/storage/emulated/0/DCIM/Camera/IMG_20161225_102811719_TOP.jpg, 
04-06 18:46:50.216 29931 29948 D FRService: API: isFileProcessed String=/storage/emulated/0/DCIM/Camera/IMG_20161225_102810716.jpg, 
04-06 18:46:50.217 29931 29942 D FRService: API: isFileProcessed String=/storage/emulated/0/DCIM/Camera/IMG_20161225_102801149_HDR.jpg, 
04-06 18:46:50.218 29931 29954 D FRService: API: isFileProcessed String=/storage/emulated/0/DCIM/Camera/IMG_20161225_102754993_HDR.jpg, 
04-06 18:46:50.219 29931 29941 D FRService: API: isFileProcessed String=/storage/emulated/0/DCIM/Camera/IMG_20161225_102740665_HDR.jpg, 
04-06 18:46:50.220 29931 29949 D FRService: API: isFileProcessed String=/storage/emulated/0/DCIM/Camera/IMG_20161225_102736576_HDR.jpg, 
04-06 18:46:50.221 29931 29948 D FRService: API: isFileProcessed String=/storage/emulated/0/DCIM/Camera/IMG_20161225_102731652_HDR.jpg, 
04-06 18:46:50.222 29931 29942 D FRService: API: isFileProcessed String=/storage/emulated/0/DCIM/Camera/IMG_20161225_102711508_HDR.jpg, 
04-06 18:46:50.222 29931 29954 D FRService: API: isFileProcessed String=/storage/emulated/0/DCIM/Camera/IMG_20161225_102705222_HDR.jpg, 
04-06 18:46:50.223 29931 29941 D FRService: API: isFileProcessed String=/storage/emulated/0/DCIM/Camera/IMG_20161225_102704032_HDR.jpg, 
04-06 18:46:50.224 29931 29949 D FRService: API: isFileProcessed String=/storage/emulated/0/DCIM/Camera/IMG_20161225_102640250_TOP.jpg, 
04-06 18:46:50.225 29931 29948 D FRService: API: isFileProcessed String=/storage/emulated/0/DCIM/Camera/IMG_20161225_102639200.jpg, 
04-06 18:46:50.226 29931 29942 D FRService: API: isFileProcessed String=/storage/emulated/0/DCIM/Camera/IMG_20161225_102630107_HDR.jpg, 
04-06 18:46:50.226 29931 29954 D FRService: API: isFileProcessed String=/storage/emulated/0/DCIM/Camera/IMG_20161225_102628277_HDR.jpg, 
04-06 18:46:50.227 29931 29941 D FRService: API: isFileProcessed String=/storage/emulated/0/DCIM/Camera/IMG_20161225_102614155_TOP.jpg, 
04-06 18:46:50.228 29931 29949 D FRService: API: isFileProcessed String=/storage/emulated/0/DCIM/Camera/IMG_20161225_102611165.jpg, 
04-06 18:46:50.229 29931 29948 D FRService: API: isFileProcessed String=/storage/emulated/0/DCIM/Camera/IMG_20161225_102600525.jpg, 
04-06 18:46:50.230 29931 29942 D FRService: API: isFileProcessed String=/storage/emulated/0/DCIM/Camera/IMG_20161225_102556830.jpg, 
04-06 18:46:50.230 29931 29954 D FRService: API: isFileProcessed String=/storage/emulated/0/DCIM/Camera/IMG_20161225_102550950.jpg, 
04-06 18:46:50.231 29931 29941 D FRService: API: isFileProcessed String=/storage/emulated/0/DCIM/Camera/IMG_20161225_102549914.jpg, 
04-06 18:46:50.232 29931 29949 D FRService: API: isFileProcessed String=/storage/emulated/0/DCIM/Camera/VID_20161225_095530059.mp4, 
04-06 18:46:50.233 29931 29948 D FRService: API: isFileProcessed String=/storage/emulated/0/DCIM/Camera/IMG_20161225_095524400.jpg, 
04-06 18:46:50.234 29931 29942 D FRService: API: isFileProcessed String=/storage/emulated/0/DCIM/Camera/IMG_20161225_095444457.jpg, 
04-06 18:46:50.235 29931 29954 D FRService: API: isFileProcessed String=/storage/emulated/0/DCIM/Camera/IMG_20161225_094720186.jpg, 
04-06 18:46:50.236 29931 29941 D FRService: API: isFileProcessed String=/storage/emulated/0/DCIM/Camera/IMG_20161225_094715617.jpg, 
04-06 18:46:50.237 29931 29949 D FRService: API: isFileProcessed String=/storage/emulated/0/DCIM/Camera/IMG_20161225_094712754.jpg, 
04-06 18:46:50.238 29931 29948 D FRService: API: isFileProcessed String=/storage/emulated/0/DCIM/Camera/IMG_20161225_094706869.jpg, 
04-06 18:46:50.239 29931 29942 D FRService: API: isFileProcessed String=/storage/emulated/0/DCIM/Camera/VID_20161225_092601627.mp4, 
04-06 18:46:50.239 29931 29954 D FRService: API: isFileProcessed String=/storage/emulated/0/DCIM/Camera/VID_20161225_092436890.mp4, 
04-06 18:46:50.240 29931 29941 D FRService: API: isFileProcessed String=/storage/emulated/0/DCIM/Camera/IMG_20161225_092435045.jpg, 
04-06 18:46:50.241 29931 29949 D FRService: API: isFileProcessed String=/storage/emulated/0/DCIM/Camera/VID_20161225_092342948.mp4, 
04-06 18:46:50.242 29931 29948 D FRService: API: isFileProcessed String=/storage/emulated/0/DCIM/Camera/IMG_20161225_092337699_TOP.jpg, 
04-06 18:46:50.243 29931 29942 D FRService: API: isFileProcessed String=/storage/emulated/0/DCIM/Camera/IMG_20161225_113538121.jpg, 
04-06 18:46:50.243 29931 29954 D FRService: API: isFileProcessed String=/storage/emulated/0/DCIM/Camera/IMG_20161225_113530577_HDR.jpg, 
04-06 18:46:50.244 29931 29941 D FRService: API: isFileProcessed String=/storage/emulated/0/DCIM/Camera/IMG_20161225_112759922.jpg, 
04-06 18:46:50.246 29931 29949 D FRService: API: createHighlightReel [com.viewdle.frserviceinterface.FRHighlightReelMediaList@db851d8d], Long=0, 
04-06 18:46:50.248 29931 29949 D FRService: createHighlightReelSession for ID 0 returned null
04-06 18:46:50.248 29931 29959 D FRService: onGenerationStarted sessionId =  20
04-06 18:46:50.248 29931 29959 D FRService: API: HighlightReelListener.onGenerationStarted
04-06 18:46:50.248 11391 29929 D com.viewdle.media.HighlightReelsJob: opened sessionId = 20
04-06 18:46:50.248 11391 29929 D com.viewdle.media.HighlightReelsJob: wait for finished
04-06 18:46:50.248 11391 29930 D com.viewdle.media.HighlightReelsJob: onGenerationStarted sessionId = 20
04-06 18:46:50.248 29931 29959 D FRService: executeHighlightReelAction HLR_ACTION_CREATE sessionId=20, engineSessionId=20
04-06 18:46:50.248 29931 29959 D FRService: executeHighlightReelAction HLR_ACTION_CREATE: duration = 0, min = 0, max = 0
04-06 18:46:50.249 29931 29959 D FRService: executeHighlightReelAction HLR_ACTION_CREATE: HighlightReelMedias  type = 1, size = 116, mediaIds = [1, 2, 3, 4, 5, 6, 7, 8, 9, 10, 11, 12, 13, 14, 15, 16, 17, 18, 19, 20, 21, 22, 23, 24, 25, 26, 27, 28, 29, 30, 31, 32, 33, 34, 35, 36, 37, 38, 39, 40, 41, 42, 44, 43, 45, 46, 48, 47, 49, 50, 51, 52, 55, 53, 54, 56, 57, 58, 59, 60, 61, 62, 63, 64, 65, 66, 67, 68, 69, 70, 71, 72, 73, 74, 75, 76, 77, 78, 79, 80, 81, 82, 83, 84, 85, 86, 87, 88, 89, 90, 91, 92, 93, 94, 95, 96, 97, 98, 99, 100, 101, 113, 102, 103, 104, 105, 106, 107, 114, 115, 108, 116, 109, 110, 111, 112]
04-06 18:46:50.249 29931 29959 I FREngine: [151] | [inf] hlrParams_getPersonCloudsSizeMID has 0 clouds
04-06 18:46:53.052 29931 29959 I FREngine: [152] | [inf] generateHighlightReel: output session 20, duration=36267, min=25000, max=180000
04-06 18:46:53.089 29931 29959 I FREngine: [153] | [inf] generateHighlightReel: output has clouds: 5
04-06 18:46:53.089 29931 29959 I FREngine: [154] | [inf] generateHighlightReel: output has person -1, 14 clusters, rate=0
04-06 18:46:53.089 29931 29959 I FREngine: [155] | [inf] clusterId = 5
04-06 18:46:53.089 29931 29959 I FREngine: [156] | [inf] clusterId = 7
04-06 18:46:53.089 29931 29959 I FREngine: [157] | [inf] clusterId = 9
04-06 18:46:53.089 29931 29959 I FREngine: [158] | [inf] clusterId = 11
04-06 18:46:53.089 29931 29959 I FREngine: [159] | [inf] clusterId = 15
04-06 18:46:53.089 29931 29959 I FREngine: [160] | [inf] clusterId = 17
04-06 18:46:53.089 29931 29959 I FREngine: [161] | [inf] clusterId = 32
04-06 18:46:53.089 29931 29959 I FREngine: [162] | [inf] clusterId = 34
04-06 18:46:53.089 29931 29959 I FREngine: [163] | [inf] clusterId = 35
04-06 18:46:53.089 29931 29959 I FREngine: [164] | [inf] clusterId = 36
04-06 18:46:53.089 29931 29959 I FREngine: [165] | [inf] clusterId = 45
04-06 18:46:53.090 29931 29959 I FREngine: [166] | [inf] clusterId = 46
04-06 18:46:53.090 29931 29959 I FREngine: [167] | [inf] clusterId = 47
04-06 18:46:53.090 29931 29959 I FREngine: [168] | [inf] clusterId = 48
04-06 18:46:53.090 29931 29959 I FREngine: [169] | [inf] generateHighlightReel: output has person -1, 3 clusters, rate=0
04-06 18:46:53.090 29931 29959 I FREngine: [170] | [inf] clusterId = 42
04-06 18:46:53.090 29931 29959 I FREngine: [171] | [inf] clusterId = 43
04-06 18:46:53.090 29931 29959 I FREngine: [172] | [inf] clusterId = 44
04-06 18:46:53.090 29931 29959 I FREngine: [173] | [inf] generateHighlightReel: output has person -1, 6 clusters, rate=0
04-06 18:46:53.090 29931 29959 I FREngine: [174] | [inf] clusterId = 33
04-06 18:46:53.090 29931 29959 I FREngine: [175] | [inf] clusterId = 37
04-06 18:46:53.090 29931 29959 I FREngine: [176] | [inf] clusterId = 38
04-06 18:46:53.090 29931 29959 I FREngine: [177] | [inf] clusterId = 39
04-06 18:46:53.090 29931 29959 I FREngine: [178] | [inf] clusterId = 40
04-06 18:46:53.090 29931 29959 I FREngine: [179] | [inf] clusterId = 41
04-06 18:46:53.090 29931 29959 I FREngine: [180] | [inf] generateHighlightReel: output has person -1, 10 clusters, rate=0
04-06 18:46:53.090 29931 29959 I FREngine: [181] | [inf] clusterId = 4
04-06 18:46:53.090 29931 29959 I FREngine: [182] | [inf] clusterId = 6
04-06 18:46:53.090 29931 29959 I FREngine: [183] | [inf] clusterId = 8
04-06 18:46:53.090 29931 29959 I FREngine: [184] | [inf] clusterId = 10
04-06 18:46:53.090 29931 29959 I FREngine: [185] | [inf] clusterId = 12
04-06 18:46:53.090 29931 29959 I FREngine: [186] | [inf] clusterId = 14
04-06 18:46:53.090 29931 29959 I FREngine: [187] | [inf] clusterId = 16
04-06 18:46:53.090 29931 29959 I FREngine: [188] | [inf] clusterId = 18
04-06 18:46:53.090 29931 29959 I FREngine: [189] | [inf] clusterId = 22
04-06 18:46:53.090 29931 29959 I FREngine: [190] | [inf] clusterId = 31
04-06 18:46:53.090 29931 29959 I FREngine: [191] | [inf] generateHighlightReel: output has person -1, 2 clusters, rate=0
04-06 18:46:53.090 29931 29959 I FREngine: [192] | [inf] clusterId = 21
04-06 18:46:53.090 29931 29959 I FREngine: [193] | [inf] clusterId = 29
04-06 18:46:53.090 29931 29959 D FRService: executeHighlightReelAction HLR_ACTION_CREATE result:: duration = 36, min = 25, max = 180
04-06 18:46:53.091 29931 29959 D FRService: executeHighlightReelAction HLR_ACTION_CREATE result:: requested person #47 P-1: (14) 5,7,9,11,15,17,32,34,35,36,45,46,47,48, rate=0.0
04-06 18:46:53.091 29931 29959 D FRService: executeHighlightReelAction HLR_ACTION_CREATE result:: requested person #44 P-1: (3) 42,43,44, rate=0.0
04-06 18:46:53.091 29931 29959 D FRService: executeHighlightReelAction HLR_ACTION_CREATE result:: requested person #39 P-1: (6) 33,37,38,39,40,41, rate=0.0
04-06 18:46:53.091 29931 29959 D FRService: executeHighlightReelAction HLR_ACTION_CREATE result:: requested person #6 P-1: (10) 4,6,8,10,12,14,16,18,22,31, rate=0.0
04-06 18:46:53.091 29931 29959 D FRService: executeHighlightReelAction HLR_ACTION_CREATE result:: requested person #21 P-1: (2) 21,29, rate=0.0
04-06 18:46:53.091 29931 29959 D FRService: executeHighlightReelAction HLR_ACTION_CREATE result:: HighlightReelMedias  type = 1, size = 116, mediaIds = [1, 2, 3, 4, 5, 6, 7, 8, 9, 10, 11, 12, 13, 14, 15, 16, 17, 18, 19, 20, 21, 22, 23, 24, 25, 26, 27, 28, 29, 30, 31, 32, 33, 34, 35, 36, 37, 38, 39, 40, 41, 42, 44, 43, 45, 46, 48, 47, 49, 50, 51, 52, 55, 53, 54, 56, 57, 58, 59, 60, 61, 62, 63, 64, 65, 66, 67, 68, 69, 70, 71, 72, 73, 74, 75, 76, 77, 78, 79, 80, 81, 82, 83, 84, 85, 86, 87, 88, 89, 90, 91, 92, 93, 94, 95, 96, 97, 98, 99, 100, 101, 113, 102, 103, 104, 105, 106, 107, 114, 115, 108, 116, 109, 110, 111, 112]
04-06 18:46:53.091 29931 29959 D FRService: executeHighlightReelAction HLR_ACTION_CREATE result:: index item 112 start=0 end=3000
04-06 18:46:53.091 29931 29959 D FRService: executeHighlightReelAction HLR_ACTION_CREATE result:: index item 115 start=3465 end=6584
04-06 18:46:53.091 29931 29959 D FRService: executeHighlightReelAction HLR_ACTION_CREATE result:: index item 114 start=6698 end=10048
04-06 18:46:53.091 29931 29959 D FRService: executeHighlightReelAction HLR_ACTION_CREATE result:: index item 113 start=6016 end=9692
04-06 18:46:53.091 29931 29959 D FRService: executeHighlightReelAction HLR_ACTION_CREATE result:: index item 99 start=0 end=3000
04-06 18:46:53.091 29931 29959 D FRService: executeHighlightReelAction HLR_ACTION_CREATE result:: index item 95 start=0 end=3000
04-06 18:46:53.091 29931 29959 D FRService: executeHighlightReelAction HLR_ACTION_CREATE result:: index item 89 start=0 end=3000
04-06 18:46:53.091 29931 29959 D FRService: executeHighlightReelAction HLR_ACTION_CREATE result:: index item 82 start=0 end=3000
04-06 18:46:53.091 29931 29959 D FRService: executeHighlightReelAction HLR_ACTION_CREATE result:: index item 80 start=0 end=3000
04-06 18:46:53.091 29931 29959 D FRService: executeHighlightReelAction HLR_ACTION_CREATE result:: index item 45 start=0 end=3000
04-06 18:46:53.091 29931 29959 D FRService: executeHighlightReelAction HLR_ACTION_CREATE result:: index item 31 start=0 end=3000
04-06 18:46:53.091 29931 29959 D FRService: executeHighlightReelAction HLR_ACTION_CREATE result:: index item 21 start=0 end=3000
04-06 18:46:53.091 29931 29959 D FRService: executeHighlightReelAction HLR_ACTION_CREATE result:: index item 13 start=0 end=3000
04-06 18:46:53.091 29931 29959 D FRService: executeHighlightReelAction HLR_ACTION_CREATE result:: index item 1 start=0 end=3000
04-06 18:46:53.100 29931 29959 D FRService: onGenerationFinished sessionId =  20, duration = 36, range = 25;180
04-06 18:46:53.100 29931 29959 D FRService: API: HighlightReelListener.onGenerationFinished
04-06 18:46:53.102 29931 29959 D FRService: API: HighlightReelListener.onGenerationFinished ->
04-06 18:46:53.104 29931 29959 D FRService: API: HighlightReelListener.onGenerationFinished <-
04-06 18:46:53.104 11391 29930 D com.viewdle.media.HighlightReelsJob: onGenerationFinished sessionId = 20
04-06 18:46:53.104 29931 29948 D FRService: API: cancelHighlightReel 
04-06 18:46:53.105 29931 29948 D FRService: HLR#20: cancelHighlightReel
04-06 18:46:53.105 29931 29948 D FRService: HLR#20: calling cancelHighlightReel for engine session 20
04-06 18:46:53.106 11391 29929 D com.viewdle.media.HighlightReelsJob: Processing stopped
04-06 18:46:53.106 11391 29929 D com.viewdle.media.HighlightReelsJob: generateHighlightReelNotification
04-06 18:46:53.112 11391 29930 D com.viewdle.frservicegateway.FRServiceGateway: disconnect()
04-06 18:46:53.114 11391 11391 D BackgroundProcessingService: onDestroy
04-06 18:46:53.114 11391 29930 D com.viewdle.frservicegateway.FRServiceGateway: connections = 0
04-06 18:46:53.505  2892  3051 I NetworkController.MotorolaMobileSignalController(1): MotorolaMobilePhoneStateListener.onSignalStrengthsChanged: Entered: signalStrength=SignalStrength: 99 0 -120 -160 -120 -1 -1 18 -110 -8 90 2147483647 2147483647 gsm|lte level=2
04-06 18:47:01.199  2892  3051 I NetworkController.MotorolaMobileSignalController(1): MotorolaMobilePhoneStateListener.onSignalStrengthsChanged: Entered: signalStrength=SignalStrength: 99 0 -120 -160 -120 -1 -1 18 -110 -11 46 2147483647 2147483647 gsm|lte level=2
04-06 18:47:03.114 11391 29982 D com.viewdle.frservicegateway.FRServiceGateway: Executing shutdown by timer
04-06 18:47:03.114 11391 29982 D com.viewdle.frservicegateway.FRServiceGateway: doUnbindService()
04-06 18:47:03.118 29931 29942 D FRService: API: removeListener com.viewdle.frserviceinterface.FRServiceListener$Stub$Proxy@b29028c, 
04-06 18:47:03.124 29931 29954 D FRService: API: removeProcessingListener com.viewdle.frserviceinterface.FRServiceProcessingListener$Stub$Proxy@384edd5, 
04-06 18:47:03.129 29931 29941 D FRService: API: removeHighlightReelListener com.viewdle.frserviceinterface.FRServiceHighlightReelListener$Stub$Proxy@7ce59ea, 
04-06 18:47:03.138 29931 29931 D FRService: FRService::onUnbind
04-06 18:47:03.138 11391 29982 D com.viewdle.frservicegateway.FRServiceGateway: setServiceStatus SERVICE_STATUS_READY -> SERVICE_STATUS_DISCONNECTED
04-06 18:47:03.140 29931 29931 D FRService: FRService::onDestroy
04-06 18:47:03.142 29931 29931 D FRService: setServiceStatus 3 -> 1
04-06 18:47:03.143 29931 29931 D FRService: stopIfNotInUse
04-06 18:47:03.144 29931 29931 D FRService: stopSelf
04-06 18:47:03.151 29931 29985 D FRService: EngineProxy::release()
04-06 18:47:03.153 29931 29985 D FRService: setProcessingStatus STATUS_PROCESSING_IDLE -> STATUS_PROCESSING_IDLE
04-06 18:47:03.154 29931 29985 D CameraStateInformer: release
04-06 18:47:03.160 29931 29985 I FREngine: [194] | [inf] release()
04-06 18:47:05.037  2892  3051 I NetworkController.MotorolaMobileSignalController(1): MotorolaMobilePhoneStateListener.onSignalStrengthsChanged: Entered: signalStrength=SignalStrength: 99 0 -120 -160 -120 -1 -1 18 -110 -11 6 2147483647 2147483647 gsm|lte level=1
04-06 18:47:05.093  2892  2892 V QSTileView: setDual true
04-06 18:47:05.093  2892  2892 V QSTileView: setDual true
04-06 18:47:05.093  2892  2892 V QSTileView: setDual false
04-06 18:47:05.093  2892  2892 V QSTileView: setDual false
04-06 18:47:05.093  2892  2892 V QSTileView: setDual false
04-06 18:47:05.093  2892  2892 V QSTileView: setDual false
04-06 18:47:05.094  2892  2892 V QSTileView: setDual false
04-06 18:47:05.094  2892  2892 V QSTileView: setDual false
04-06 18:47:05.094  2892  2892 V QSTileView: setDual false
04-06 18:47:05.094  2892  2892 V QSTileView: setDual false
04-06 18:47:05.094  2892  2892 V QSTileView: setDual false
04-06 18:47:05.094  2892  2892 V QSTileView: setDual true
04-06 18:47:05.094  2892  2892 V QSTileView: setDual true
04-06 18:47:05.094  2892  2892 V QSTileView: setDual false
04-06 18:47:05.094  2892  2892 V QSTileView: setDual false
04-06 18:47:05.094  2892  2892 V QSTileView: setDual false
04-06 18:47:05.094  2892  2892 V QSTileView: setDual false
04-06 18:47:05.094  2892  2892 V QSTileView: setDual false
04-06 18:47:05.094  2892  2892 V QSTileView: setDual false
04-06 18:47:05.094  2892  2892 V QSTileView: setDual false
04-06 18:47:05.094  2892  2892 V QSTileView: setDual false
04-06 18:47:05.094  2892  2892 V QSTileView: setDual false
04-06 18:47:07.215  1171 26203 D NetlinkSocketObserver: NeighborEvent{elapsedMs=459371001, 10.250.255.254, [442B03D7F680], RTM_NEWNEIGH, NUD_STALE}
04-06 18:47:08.880  2892  3051 I NetworkController.MotorolaMobileSignalController(1): MotorolaMobilePhoneStateListener.onSignalStrengthsChanged: Entered: signalStrength=SignalStrength: 99 0 -120 -160 -120 -1 -1 18 -110 -11 44 2147483647 2147483647 gsm|lte level=2
04-06 18:47:08.928  2892  2892 V QSTileView: setDual true
04-06 18:47:08.928  2892  2892 V QSTileView: setDual true
04-06 18:47:08.928  2892  2892 V QSTileView: setDual false
04-06 18:47:08.928  2892  2892 V QSTileView: setDual false
04-06 18:47:08.928  2892  2892 V QSTileView: setDual false
04-06 18:47:08.929  2892  2892 V QSTileView: setDual false
04-06 18:47:08.929  2892  2892 V QSTileView: setDual false
04-06 18:47:08.929  2892  2892 V QSTileView: setDual false
04-06 18:47:08.929  2892  2892 V QSTileView: setDual false
04-06 18:47:08.929  2892  2892 V QSTileView: setDual false
04-06 18:47:08.929  2892  2892 V QSTileView: setDual false
04-06 18:47:08.930  2892  2892 V QSTileView: setDual true
04-06 18:47:08.930  2892  2892 V QSTileView: setDual true
04-06 18:47:08.930  2892  2892 V QSTileView: setDual false
04-06 18:47:08.930  2892  2892 V QSTileView: setDual false
04-06 18:47:08.930  2892  2892 V QSTileView: setDual false
04-06 18:47:08.930  2892  2892 V QSTileView: setDual false
04-06 18:47:08.930  2892  2892 V QSTileView: setDual false
04-06 18:47:08.930  2892  2892 V QSTileView: setDual false
04-06 18:47:08.930  2892  2892 V QSTileView: setDual false
04-06 18:47:08.930  2892  2892 V QSTileView: setDual false
04-06 18:47:08.931  2892  2892 V QSTileView: setDual false
04-06 18:47:11.439  2892  3051 I NetworkController.MotorolaMobileSignalController(1): MotorolaMobilePhoneStateListener.onSignalStrengthsChanged: Entered: signalStrength=SignalStrength: 99 0 -120 -160 -120 -1 -1 18 -110 -11 36 2147483647 2147483647 gsm|lte level=2
04-06 18:47:16.548  2892  3051 I NetworkController.MotorolaMobileSignalController(1): MotorolaMobilePhoneStateListener.onSignalStrengthsChanged: Entered: signalStrength=SignalStrength: 99 0 -120 -160 -120 -1 -1 18 -110 -11 58 2147483647 2147483647 gsm|lte level=2
04-06 18:47:24.242  2892  3051 I NetworkController.MotorolaMobileSignalController(1): MotorolaMobilePhoneStateListener.onSignalStrengthsChanged: Entered: signalStrength=SignalStrength: 99 0 -120 -160 -120 -1 -1 15 -110 -9 60 2147483647 2147483647 gsm|lte level=2
04-06 18:47:26.800  2892  3051 I NetworkController.MotorolaMobileSignalController(1): MotorolaMobilePhoneStateListener.onSignalStrengthsChanged: Entered: signalStrength=SignalStrength: 99 0 -120 -160 -120 -1 -1 15 -110 -11 54 2147483647 2147483647 gsm|lte level=2
04-06 18:47:27.535  1171 26203 D NetlinkSocketObserver: NeighborEvent{elapsedMs=459391322, 10.250.255.254, [442B03D7F680], RTM_NEWNEIGH, NUD_STALE}
04-06 18:47:31.923  2892  3051 I NetworkController.MotorolaMobileSignalController(1): MotorolaMobilePhoneStateListener.onSignalStrengthsChanged: Entered: signalStrength=SignalStrength: 99 0 -120 -160 -120 -1 -1 15 -110 -11 22 2147483647 2147483647 gsm|lte level=2
04-06 18:47:34.471  2892  3051 I NetworkController.MotorolaMobileSignalController(1): MotorolaMobilePhoneStateListener.onSignalStrengthsChanged: Entered: signalStrength=SignalStrength: 99 0 -120 -160 -120 -1 -1 15 -110 -11 66 2147483647 2147483647 gsm|lte level=2
04-06 18:47:39.595  2892  3051 I NetworkController.MotorolaMobileSignalController(1): MotorolaMobilePhoneStateListener.onSignalStrengthsChanged: Entered: signalStrength=SignalStrength: 99 0 -120 -160 -120 -1 -1 15 -110 -9 40 2147483647 2147483647 gsm|lte level=2
04-06 18:47:45.366  1171  3070 I AccountManagerService: getTypesVisibleToCaller: isPermitted? true
04-06 18:47:45.369  1171 10995 I AccountManagerService: getTypesVisibleToCaller: isPermitted? true
04-06 18:47:45.371  1171  3464 I AccountManagerService: getTypesVisibleToCaller: isPermitted? true
04-06 18:47:47.659  1171  2714 D BatteryService: uevent={POWER_SUPPLY_TEMP=315, POWER_SUPPLY_STATUS=Charging, POWER_SUPPLY_CAPACITY=93, ACTION=change, DEVPATH=/devices/soc.0/qpnp-smbcharger-18/power_supply/battery, POWER_SUPPLY_AGE=97, POWER_SUPPLY_VOLTAGE_MAX=4440, SUBSYSTEM=power_supply, POWER_SUPPLY_NUM_SYSTEM_TEMP_LEVELS=12, POWER_SUPPLY_INPUT_CURRENT_MAX=1500000, POWER_SUPPLY_VOLTAGE_MAX_DESIGN=4400000, POWER_SUPPLY_CHARGE_FULL=2953457, POWER_SUPPLY_NAME=battery, POWER_SUPPLY_FLASH_CURRENT_MAX=3674806, POWER_SUPPLY_HEALTH=Good, POWER_SUPPLY_CYCLE_COUNT=5, POWER_SUPPLY_TECHNOLOGY=Li-ion, POWER_SUPPLY_CHARGE_TYPE=Fast, POWER_SUPPLY_CONSTANT_CHARGE_CURRENT_MAX=2000000, POWER_SUPPLY_PRESENT=1, POWER_SUPPLY_TEMP_HOTSPOT=29200, POWER_SUPPLY_INPUT_CURRENT_SETTLED=0, POWER_SUPPLY_SAFETY_TIMER_ENABLED=0, POWER_SUPPLY_VOLTAGE_NOW=4334081, SEQNUM=40668, POWER_SUPPLY_CHARGE_FULL_DESIGN=3034000, POWER_SUPPLY_CURRENT_NOW=-247496, POWER_SUPPLY_CHARGE_COUNTER=2816482, POWER_SUPPLY_SYSTEM_TEMP_LEVEL=0, POWER_SUPPLY_CHARGE_RATE=Normal, POWER_SUPPLY_CHARGING_ENABLED=1, POWER_SUPPLY_BATTERY_CHARGING_ENABLED=1}
04-06 18:47:48.382  2921  2955 D SLPC    : slpc_poll_loop(): handled 1
04-06 18:47:48.382  2921  2955 D SLPC    : slpc_poll_handle_event(): transition
04-06 18:47:48.383  2921  2955 D SLPC    : slpc_poll_loop(): about to poll...
04-06 18:47:48.383  2921  2955 D sensorhub: sensorhub_poll() polling...
04-06 18:47:49.220  1171  2717 V AlarmManager: sending alarm {83f9c1d type 3 *alarm*:android.intent.action.TIME_TICK}
04-06 18:47:49.222  1171  2717 V AlarmManager: sending alarm {91b20fc type 2 *walarm*:com.motorola.slpc.ALARM_STOWED}
04-06 18:47:49.222  1171  2717 V AlarmManager: sending alarm {bb0d63e type 3 *alarm*:com.google.android.location.fused.LOCATION_STATUS_ALARM_ACTION_3}
04-06 18:47:49.225  2921  2921 D ModalityService: StowedListener(): callback onStowedChange() -> 2
04-06 18:47:49.226  5251  9136 D ModalityManager: onStowedChange() -> 2, package: com.motorola.actions
04-06 18:47:49.226  1171  2717 V AlarmManager: sending alarm {a67c645 type 3 *alarm*:com.google.android.gms.location.fused.SEND_LOCATION_IN_SMD_MODE}
04-06 18:47:49.231  1171  2717 V AlarmManager: sending alarm {3c77938 type 3 *alarm*:com.google.android.gms/.lockbox.LockboxAlarmReceiver}
04-06 18:47:49.240  1171  1171 V AlarmManager: done {91b20fc, *walarm*:com.motorola.slpc.ALARM_STOWED} [20ms]
04-06 18:47:49.240  1171  1171 V AlarmManager: done {bb0d63e, *alarm*:com.google.android.location.fused.LOCATION_STATUS_ALARM_ACTION_3} [20ms]
04-06 18:47:49.266  1171  1171 V AlarmManager: done {a67c645, *alarm*:com.google.android.gms.location.fused.SEND_LOCATION_IN_SMD_MODE} [46ms]
04-06 18:47:49.277  1171  1171 V AlarmManager: done {3c77938, *alarm*:com.google.android.gms/.lockbox.LockboxAlarmReceiver} [57ms]
04-06 18:47:49.295  1171  3464 I AccountManagerService: getTypesVisibleToCaller: isPermitted? true
04-06 18:47:49.296  3558 29876 I GCoreUlr: Successfully inserted 1 locations
04-06 18:47:49.376  1171  1171 V AlarmManager: done {83f9c1d, *alarm*:android.intent.action.TIME_TICK} [156ms]
04-06 18:47:49.829  2892  3051 I NetworkController.MotorolaMobileSignalController(1): MotorolaMobilePhoneStateListener.onSignalStrengthsChanged: Entered: signalStrength=SignalStrength: 99 0 -120 -160 -120 -1 -1 15 -110 -11 40 2147483647 2147483647 gsm|lte level=2
04-06 18:47:50.146  2921  2955 D SLPC    : slpc_poll_loop(): handled 1
04-06 18:47:50.147  2921  2955 D SLPC    : slpc_poll_handle_event(): transition
04-06 18:47:50.147  2921  2955 D SLPC    : slpc_poll_loop(): about to poll...
04-06 18:47:50.147  2921  2955 D sensorhub: sensorhub_poll() polling...
04-06 18:47:50.152  2921  2921 D ModalityService: StowedListener(): callback onStowedChange() -> 1
04-06 18:47:50.153  5251  5262 D ModalityManager: onStowedChange() -> 1, package: com.motorola.actions
04-06 18:47:53.572  2921  2955 D SLPC    : slpc_poll_loop(): handled 1
04-06 18:47:53.572  2921  2955 D SLPC    : slpc_poll_handle_event(): transition
04-06 18:47:53.572  2921  2955 D SLPC    : slpc_poll_loop(): about to poll...
04-06 18:47:53.572  2921  2955 D sensorhub: sensorhub_poll() polling...
04-06 18:47:53.588  2921  2921 D ModalityService: ModalityListener(): callback onModalityChange() -> 2
04-06 18:47:53.589  1171  3470 D ModalityManager: onEndMovement(), package: android
04-06 18:47:53.590  1171  1171 D MotWifiScanMovementListener: MovementListener onEndMovement
04-06 18:47:53.596 17780 17780 I chatty  : uid=1010(wifi) /system/bin/wpa_supplicant expire 126 lines
04-06 18:47:57.509  2892  3051 I NetworkController.MotorolaMobileSignalController(1): MotorolaMobilePhoneStateListener.onSignalStrengthsChanged: Entered: signalStrength=SignalStrength: 99 0 -120 -160 -120 -1 -1 15 -110 -9 52 2147483647 2147483647 gsm|lte level=2
04-06 18:48:10.991  3558  5420 V ConnectivityManager: isActiveNetworkMetered() returns:false
04-06 18:48:11.009 20158 30000 I SubscribedFeeds: Received message
04-06 18:48:11.097  3558 30001 V ConnectivityManager: isActiveNetworkMetered() returns:false
04-06 18:48:11.127 27050 30002 I Gmail   : Sync started for account: account:1973327458
04-06 18:48:11.134 27050 30002 I UnifiedEmail: notifyAccountChanged
04-06 18:48:11.139 27050 27080 I UnifiedEmail: getAccountsCursor
04-06 18:48:11.148  1171  3474 I AccountManagerService: getTypesVisibleToCaller: isPermitted? true
04-06 18:48:11.158  3558 30001 V ConnectivityManager: isActiveNetworkMetered() returns:false
04-06 18:48:11.161  3558 30001 V ConnectivityManager: isActiveNetworkMetered() returns:false
04-06 18:48:11.162  3558  5420 V ConnectivityManager: isActiveNetworkMetered() returns:false
04-06 18:48:11.163  3558 30001 V ConnectivityManager: isActiveNetworkMetered() returns:false
04-06 18:48:11.166  3558 30001 V ConnectivityManager: isActiveNetworkMetered() returns:false
04-06 18:48:11.170  3558 30001 V ConnectivityManager: isActiveNetworkMetered() returns:false
04-06 18:48:11.176  3558 30001 V ConnectivityManager: isActiveNetworkMetered() returns:false
04-06 18:48:11.183  3558 30001 V ConnectivityManager: isActiveNetworkMetered() returns:false
04-06 18:48:11.185  3558 30001 V ConnectivityManager: isActiveNetworkMetered() returns:false
04-06 18:48:11.187  3558 30001 V ConnectivityManager: isActiveNetworkMetered() returns:false
04-06 18:48:11.190  3558 30001 V ConnectivityManager: isActiveNetworkMetered() returns:false
04-06 18:48:11.191 27050 30002 I Gmail   : MainSyncRequestProto: lowestBkwdConvoId: 0, highestHandledServerOp: 3694127, normalSync: true
04-06 18:48:11.192  3558 30001 V ConnectivityManager: isActiveNetworkMetered() returns:false
04-06 18:48:11.194  3558 30001 V ConnectivityManager: isActiveNetworkMetered() returns:false
04-06 18:48:11.197  3558 30001 V ConnectivityManager: isActiveNetworkMetered() returns:false
04-06 18:48:11.198  3558 30001 V ConnectivityManager: isActiveNetworkMetered() returns:false
04-06 18:48:11.200  3558 30001 V ConnectivityManager: isActiveNetworkMetered() returns:false
04-06 18:48:11.202  3558 30001 V ConnectivityManager: isActiveNetworkMetered() returns:false
04-06 18:48:11.204  3558 30001 V ConnectivityManager: isActiveNetworkMetered() returns:false
04-06 18:48:11.206  3558 30001 V ConnectivityManager: isActiveNetworkMetered() returns:false
04-06 18:48:11.208  3558 30001 V ConnectivityManager: isActiveNetworkMetered() returns:false
04-06 18:48:11.209  3558 30001 V ConnectivityManager: isActiveNetworkMetered() returns:false
04-06 18:48:11.211  3558 30001 V ConnectivityManager: isActiveNetworkMetered() returns:false
04-06 18:48:11.213  3558 30001 V ConnectivityManager: isActiveNetworkMetered() returns:false
04-06 18:48:11.215  3558 30001 V ConnectivityManager: isActiveNetworkMetered() returns:false
04-06 18:48:11.217  3558 30001 V ConnectivityManager: isActiveNetworkMetered() returns:false
04-06 18:48:11.219  3558 30001 V ConnectivityManager: isActiveNetworkMetered() returns:false
04-06 18:48:11.221  3558 30001 V ConnectivityManager: isActiveNetworkMetered() returns:false
04-06 18:48:11.234 27050 30002 I System.out: mRetryCountForHop=-1 wrapper.getExecCount=1
04-06 18:48:11.260  3558 30001 I GoogleURLConnFactory: Using platform SSLCertificateSocketFactory
04-06 18:48:11.266  3558 30001 I GoogleURLConnFactory: Using platform SSLCertificateSocketFactory
04-06 18:48:11.274  3558 30001 V ConnectivityManager: isActiveNetworkMetered() returns:false
04-06 18:48:11.275  1171 10995 I AccountManagerService: getTypesVisibleToCaller: isPermitted? true
04-06 18:48:11.289  3558 30001 V ConnectivityManager: isActiveNetworkMetered() returns:false
04-06 18:48:11.290  1171  2867 I AccountManagerService: getTypesVisibleToCaller: isPermitted? true
04-06 18:48:11.295  3558 30001 V ConnectivityManager: isActiveNetworkMetered() returns:false
04-06 18:48:11.296  1171  6497 I AccountManagerService: getTypesVisibleToCaller: isPermitted? true
04-06 18:48:11.300  3558 30001 V ConnectivityManager: isActiveNetworkMetered() returns:false
04-06 18:48:11.301  1171  3464 I AccountManagerService: getTypesVisibleToCaller: isPermitted? true
04-06 18:48:11.305  3558 30001 V ConnectivityManager: isActiveNetworkMetered() returns:false
04-06 18:48:11.306  1171  3070 I AccountManagerService: getTypesVisibleToCaller: isPermitted? true
04-06 18:48:11.311  3558 30001 V ConnectivityManager: isActiveNetworkMetered() returns:false
04-06 18:48:11.313  1171  2866 I AccountManagerService: getTypesVisibleToCaller: isPermitted? true
04-06 18:48:11.318  3558 30001 V ConnectivityManager: isActiveNetworkMetered() returns:false
04-06 18:48:11.320  1171  3437 I AccountManagerService: getTypesVisibleToCaller: isPermitted? true
04-06 18:48:11.325  3558 30001 V ConnectivityManager: isActiveNetworkMetered() returns:false
04-06 18:48:11.326  1171  3470 I AccountManagerService: getTypesVisibleToCaller: isPermitted? true
04-06 18:48:11.332  3558 30001 V ConnectivityManager: isActiveNetworkMetered() returns:false
04-06 18:48:11.334  1171 10995 I AccountManagerService: getTypesVisibleToCaller: isPermitted? true
04-06 18:48:11.338  3558 30001 V ConnectivityManager: isActiveNetworkMetered() returns:false
04-06 18:48:11.340  1171  2867 I AccountManagerService: getTypesVisibleToCaller: isPermitted? true
04-06 18:48:11.345  3558 30001 V ConnectivityManager: isActiveNetworkMetered() returns:false
04-06 18:48:11.346  1171  6497 I AccountManagerService: getTypesVisibleToCaller: isPermitted? true
04-06 18:48:11.348  3558 30001 V ConnectivityManager: isActiveNetworkMetered() returns:false
04-06 18:48:14.632  3558 30001 V ConnectivityManager: isActiveNetworkMetered() returns:false
04-06 18:48:14.643  3558 30001 V ConnectivityManager: isActiveNetworkMetered() returns:false
04-06 18:48:14.729  3558 30001 V ConnectivityManager: isActiveNetworkMetered() returns:false
04-06 18:48:14.736  3558 30001 V ConnectivityManager: isActiveNetworkMetered() returns:false
04-06 18:48:14.738  1171  2867 I AccountManagerService: getTypesVisibleToCaller: isPermitted? true
04-06 18:48:14.740  3558 30001 V ConnectivityManager: isActiveNetworkMetered() returns:false
04-06 18:48:14.832  3558 30001 V ConnectivityManager: isActiveNetworkMetered() returns:false
04-06 18:48:14.843  3558 30001 V ConnectivityManager: isActiveNetworkMetered() returns:false
04-06 18:48:14.855  3558 30001 V ConnectivityManager: isActiveNetworkMetered() returns:false
04-06 18:48:14.875  3558 30001 V ConnectivityManager: isActiveNetworkMetered() returns:false
04-06 18:48:14.878  1171  2866 I AccountManagerService: getTypesVisibleToCaller: isPermitted? true
04-06 18:48:14.896  3558 30001 V ConnectivityManager: isActiveNetworkMetered() returns:false
04-06 18:48:14.899  1171  1181 I AccountManagerService: getTypesVisibleToCaller: isPermitted? true
04-06 18:48:14.907  3558 30001 V ConnectivityManager: isActiveNetworkMetered() returns:false
04-06 18:48:14.909  1171  3071 I AccountManagerService: getTypesVisibleToCaller: isPermitted? true
04-06 18:48:14.913  3558 30001 V ConnectivityManager: isActiveNetworkMetered() returns:false
04-06 18:48:15.084  3558 30001 V ConnectivityManager: isActiveNetworkMetered() returns:false
04-06 18:48:15.093  3558 30001 V ConnectivityManager: isActiveNetworkMetered() returns:false
04-06 18:48:15.130  3558 30001 V ConnectivityManager: isActiveNetworkMetered() returns:false
04-06 18:48:15.145  3558 30001 V ConnectivityManager: isActiveNetworkMetered() returns:false
04-06 18:48:15.148  1171 10995 I AccountManagerService: getTypesVisibleToCaller: isPermitted? true
04-06 18:48:15.159  3558 30001 V ConnectivityManager: isActiveNetworkMetered() returns:false
04-06 18:48:15.161  1171  2867 I AccountManagerService: getTypesVisibleToCaller: isPermitted? true
04-06 18:48:15.172  3558 30001 V ConnectivityManager: isActiveNetworkMetered() returns:false
04-06 18:48:15.174  1171  6497 I AccountManagerService: getTypesVisibleToCaller: isPermitted? true
04-06 18:48:15.182  3558 30001 V ConnectivityManager: isActiveNetworkMetered() returns:false
04-06 18:48:15.184  1171  3080 I AccountManagerService: getTypesVisibleToCaller: isPermitted? true
04-06 18:48:15.195  3558 30001 V ConnectivityManager: isActiveNetworkMetered() returns:false
04-06 18:48:15.197  1171  3070 I AccountManagerService: getTypesVisibleToCaller: isPermitted? true
04-06 18:48:15.253  3558 30001 V ConnectivityManager: isActiveNetworkMetered() returns:false
04-06 18:48:15.255  1171  3471 I AccountManagerService: getTypesVisibleToCaller: isPermitted? true
04-06 18:48:15.266  3558 30001 V ConnectivityManager: isActiveNetworkMetered() returns:false
04-06 18:48:15.268  1171  3437 I AccountManagerService: getTypesVisibleToCaller: isPermitted? true
04-06 18:48:15.284  3558 30001 V ConnectivityManager: isActiveNetworkMetered() returns:false
04-06 18:48:15.286  1171  3470 I AccountManagerService: getTypesVisibleToCaller: isPermitted? true
04-06 18:48:15.294  3558 30001 V ConnectivityManager: isActiveNetworkMetered() returns:false
04-06 18:48:15.296  1171 10995 I AccountManagerService: getTypesVisibleToCaller: isPermitted? true
04-06 18:48:15.303  3558 30001 V ConnectivityManager: isActiveNetworkMetered() returns:false
04-06 18:48:15.305  1171  2867 I AccountManagerService: getTypesVisibleToCaller: isPermitted? true
04-06 18:48:15.313  3558 30001 V ConnectivityManager: isActiveNetworkMetered() returns:false
04-06 18:48:15.315  1171  6497 I AccountManagerService: getTypesVisibleToCaller: isPermitted? true
04-06 18:48:15.317  1171  3471 I AccountManagerService: getTypesVisibleToCaller: isPermitted? true
04-06 18:48:15.409  3558 30001 V ConnectivityManager: isActiveNetworkMetered() returns:false
04-06 18:48:15.413  3558 30001 V ConnectivityManager: isActiveNetworkMetered() returns:false
04-06 18:48:16.353  3558 30001 V ConnectivityManager: isActiveNetworkMetered() returns:false
04-06 18:48:16.359  3558 30001 V ConnectivityManager: isActiveNetworkMetered() returns:false
04-06 18:48:16.555  3558 30001 V ConnectivityManager: isActiveNetworkMetered() returns:false
04-06 18:48:16.560  3558 30001 I GoogleURLConnFactory: Using platform SSLCertificateSocketFactory
04-06 18:48:16.565  3558 30001 I GoogleURLConnFactory: Using platform SSLCertificateSocketFactory
04-06 18:48:16.573  3558 30003 V ConnectivityManager: isActiveNetworkMetered() returns:false
04-06 18:48:16.605  3558  5420 V ConnectivityManager: isActiveNetworkMetered() returns:false
04-06 18:48:17.326  3558  5420 V ConnectivityManager: isActiveNetworkMetered() returns:false
04-06 18:48:17.340  1171  3081 I AccountManagerService: getTypesVisibleToCaller: isPermitted? true
04-06 18:48:17.353  1171  3474 I AccountManagerService: getTypesVisibleToCaller: isPermitted? true
04-06 18:48:17.357  1171  2867 I AccountManagerService: getTypesVisibleToCaller: isPermitted? true
04-06 18:48:17.359  1171  3464 I AccountManagerService: getTypesVisibleToCaller: isPermitted? true
04-06 18:48:17.429  1171  3474 I AccountManagerService: getTypesVisibleToCaller: isPermitted? true
04-06 18:48:17.504  3558  5420 V ConnectivityManager: isActiveNetworkMetered() returns:false
04-06 18:48:17.599  1171  1180 I art     : Background partial concurrent mark sweep GC freed 40565(2MB) AllocSpace objects, 6(136KB) LOS objects, 21% free, 58MB/74MB, paused 2.500ms total 246.770ms
04-06 18:48:25.681  2892  3051 I NetworkController.MotorolaMobileSignalController(1): MotorolaMobilePhoneStateListener.onSignalStrengthsChanged: Entered: signalStrength=SignalStrength: 99 0 -120 -160 -120 -1 -1 15 -110 -12 24 2147483647 2147483647 gsm|lte level=2
04-06 18:48:29.518  2892  3051 I NetworkController.MotorolaMobileSignalController(1): MotorolaMobilePhoneStateListener.onSignalStrengthsChanged: Entered: signalStrength=SignalStrength: 99 0 -120 -160 -120 -1 -1 15 -110 -10 30 2147483647 2147483647 gsm|lte level=2
04-06 18:48:33.357  2892  3051 I NetworkController.MotorolaMobileSignalController(1): MotorolaMobilePhoneStateListener.onSignalStrengthsChanged: Entered: signalStrength=SignalStrength: 99 0 -120 -160 -120 -1 -1 15 -110 -10 48 2147483647 2147483647 gsm|lte level=2
04-06 18:48:38.258  1171 26203 D NetlinkSocketObserver: NeighborEvent{elapsedMs=459462044, 10.250.255.254, [442B03D7F680], RTM_NEWNEIGH, NUD_STALE}
04-06 18:48:41.040  2892  3051 I NetworkController.MotorolaMobileSignalController(1): MotorolaMobilePhoneStateListener.onSignalStrengthsChanged: Entered: signalStrength=SignalStrength: 99 0 -120 -160 -120 -1 -1 18 -110 -10 68 2147483647 2147483647 gsm|lte level=2
04-06 18:48:48.620  1171  2714 D BatteryService: uevent={POWER_SUPPLY_TEMP=312, POWER_SUPPLY_STATUS=Charging, POWER_SUPPLY_CAPACITY=93, ACTION=change, DEVPATH=/devices/soc.0/qpnp-smbcharger-18/power_supply/battery, POWER_SUPPLY_AGE=97, POWER_SUPPLY_VOLTAGE_MAX=4440, SUBSYSTEM=power_supply, POWER_SUPPLY_NUM_SYSTEM_TEMP_LEVELS=12, POWER_SUPPLY_INPUT_CURRENT_MAX=1500000, POWER_SUPPLY_VOLTAGE_MAX_DESIGN=4400000, POWER_SUPPLY_CHARGE_FULL=2953457, POWER_SUPPLY_NAME=battery, POWER_SUPPLY_FLASH_CURRENT_MAX=3768475, POWER_SUPPLY_HEALTH=Good, POWER_SUPPLY_CYCLE_COUNT=5, POWER_SUPPLY_TECHNOLOGY=Li-ion, POWER_SUPPLY_CHARGE_TYPE=Fast, POWER_SUPPLY_CONSTANT_CHARGE_CURRENT_MAX=2000000, POWER_SUPPLY_PRESENT=1, POWER_SUPPLY_TEMP_HOTSPOT=29200, POWER_SUPPLY_INPUT_CURRENT_SETTLED=0, POWER_SUPPLY_SAFETY_TIMER_ENABLED=0, POWER_SUPPLY_VOLTAGE_NOW=4346593, SEQNUM=40669, POWER_SUPPLY_CHARGE_FULL_DESIGN=3034000, POWER_SUPPLY_CURRENT_NOW=-413358, POWER_SUPPLY_CHARGE_COUNTER=2822735, POWER_SUPPLY_SYSTEM_TEMP_LEVEL=0, POWER_SUPPLY_CHARGE_RATE=Normal, POWER_SUPPLY_CHARGING_ENABLED=1, POWER_SUPPLY_BATTERY_CHARGING_ENABLED=1}
04-06 18:48:48.707  2892  3051 I NetworkController.MotorolaMobileSignalController(1): MotorolaMobilePhoneStateListener.onSignalStrengthsChanged: Entered: signalStrength=SignalStrength: 99 0 -120 -160 -120 -1 -1 18 -110 -10 20 2147483647 2147483647 gsm|lte level=2
04-06 18:48:49.302  1171  2717 V AlarmManager: sending alarm {83f9c1d type 3 *alarm*:android.intent.action.TIME_TICK}
04-06 18:48:49.306  1171  2717 V AlarmManager: sending alarm {c1a6a22 type 2 *walarm*:com.whatsapp.messaging.j.CLIENT_PINGER_ACTION}
04-06 18:48:49.308  1171  2717 V AlarmManager: sending alarm {a67c645 type 3 *alarm*:com.google.android.gms.location.fused.SEND_LOCATION_IN_SMD_MODE}
04-06 18:48:49.320  1171  2717 V AlarmManager: sending alarm {3c77938 type 3 *alarm*:com.google.android.gms/.lockbox.LockboxAlarmReceiver}
04-06 18:48:49.339  1171  1171 V AlarmManager: done {c1a6a22, *walarm*:com.whatsapp.messaging.j.CLIENT_PINGER_ACTION} [42ms]
04-06 18:48:49.378  1171  1171 V AlarmManager: done {a67c645, *alarm*:com.google.android.gms.location.fused.SEND_LOCATION_IN_SMD_MODE} [80ms]
04-06 18:48:49.388  1171  1171 V AlarmManager: done {3c77938, *alarm*:com.google.android.gms/.lockbox.LockboxAlarmReceiver} [90ms]
04-06 18:48:49.398  3558 29876 I GCoreUlr: Successfully inserted 1 locations
04-06 18:48:49.417  1171  3081 I AccountManagerService: getTypesVisibleToCaller: isPermitted? true
04-06 18:48:49.472  1171  1171 V AlarmManager: done {83f9c1d, *alarm*:android.intent.action.TIME_TICK} [174ms]
04-06 18:48:51.280  2892  3051 I NetworkController.MotorolaMobileSignalController(1): MotorolaMobilePhoneStateListener.onSignalStrengthsChanged: Entered: signalStrength=SignalStrength: 99 0 -120 -160 -120 -1 -1 18 -110 -10 46 2147483647 2147483647 gsm|lte level=2
04-06 18:48:56.390  2892  3051 I NetworkController.MotorolaMobileSignalController(1): MotorolaMobilePhoneStateListener.onSignalStrengthsChanged: Entered: signalStrength=SignalStrength: 99 0 -120 -160 -120 -1 -1 18 -110 -10 30 2147483647 2147483647 gsm|lte level=2
04-06 18:48:58.958  2892  3051 I NetworkController.MotorolaMobileSignalController(1): MotorolaMobilePhoneStateListener.onSignalStrengthsChanged: Entered: signalStrength=SignalStrength: 99 0 -120 -160 -120 -1 -1 18 -110 -10 50 2147483647 2147483647 gsm|lte level=2
04-06 18:49:06.641  2892  3051 I NetworkController.MotorolaMobileSignalController(1): MotorolaMobilePhoneStateListener.onSignalStrengthsChanged: Entered: signalStrength=SignalStrength: 99 0 -120 -160 -120 -1 -1 15 -110 -10 54 2147483647 2147483647 gsm|lte level=2
04-06 18:49:11.401 27050 30002 I System.out: after managedConn.open
