04-06 19:31:25.121  3485  3485 I chatty  : uid=10012(com.google.android.gms) /system/bin/dex2oat expire 6 lines
04-06 19:31:25.150  3286  3353 I ContactsFTS: Rebuild contact search index in 17ms, 0 contacts
04-06 19:31:25.168  3286  3353 I ContactsProvider: Upgrading aggregation algorithm
04-06 19:31:25.171  3286  3353 I ContactAggregator: Marked all visible contacts for aggregation: 0 raw contacts, 1 ms
04-06 19:31:25.181  3286  3353 I ContactsProvider: Aggregation algorithm upgraded for 0 raw contacts in 13ms
04-06 19:31:25.512  3130  3424 I chatty  : uid=10012(com.google.android.gms) highpool[2] expire 1 line
04-06 19:31:25.569  3499  3499 I chatty  : uid=10012 com.google.android.gms.ui expire 8 lines
04-06 19:31:25.573  1789  2621 I ActivityManager: Start proc 3499:com.google.android.gms.ui/u0a12 for service com.google.android.gms/.chimera.UiIntentOperationService
04-06 19:31:25.579  1311  1375 D WVCdm   : Instantiating CDM.
04-06 19:31:25.604  1311  1375 I WVCdm   : CdmEngine::OpenSession
04-06 19:31:25.607  1311  1375 I WVCdm   : Level3 Library 4464 Sep 10 2016 21:49:53
04-06 19:31:25.612  1311  1375 W WVCdm   : Could not read /data/mediadrm/IDM1013/ay64.dat: No such file or directory
04-06 19:31:25.616  1311  1375 W WVCdm   : Could not read /data/mediadrm/IDM1013/ay64.dat2: No such file or directory
04-06 19:31:25.616  1311  1375 W WVCdm   : Could not load liboemcrypto.so. Falling back to L3.  dlopen failed: library "liboemcrypto.so" not found
04-06 19:31:25.616  1311  1375 W WVCdm   : DeviceFiles::RetrieveHashedFile: /data/mediadrm/IDM1013/L3/cert.bin does not exist
04-06 19:31:25.739  3518  3518 I chatty  : uid=10012(com.google.android.gms) /system/bin/dex2oat expire 6 lines
04-06 19:31:26.339  3130  3536 I chatty  : uid=10012(com.google.android.gms) expire 1 line
04-06 19:31:26.406  1306  1306 V EmulatedCamera_Camera: getCameraInfo
04-06 19:31:26.406  1306  1306 V EmulatedCamera_BaseCamera: getCameraInfo
04-06 19:31:26.421  3095  3542 I chatty  : uid=10022 com.google.android.googlequicksearchbox:search expire 5 lines
04-06 19:31:26.430  1305  1390 W APM_AudioPolicyManager: getInputForAttr() failed opening input: samplingRate 16000, format 1, channelMask 10
04-06 19:31:26.438  3095  3159 E ActivityThread: Failed to find provider info for com.google.android.apps.gsa.testing.ui.audio.recorded
04-06 19:31:26.468  3095  3540 I chatty  : uid=10022 com.google.android.googlequicksearchbox:search expire 1 line
04-06 19:31:26.621  2830  3544 I chatty  : uid=10012 com.google.android.gms.persistent expire 1 line
04-06 19:31:26.621  2830  3341 I chatty  : uid=10012 com.google.android.gms.persistent expire 3 lines
04-06 19:31:26.630  3130  3194 I chatty  : uid=10012(com.google.android.gms) expire 7 lines
04-06 19:31:27.231  3130  3208 I chatty  : uid=10012(com.google.android.gms) GAC_Executor[0] expire 4 lines
04-06 19:31:27.458  3130  3201 I chatty  : uid=10012(com.google.android.gms) expire 1 line
04-06 19:31:27.471  3436  3436 D Primes  : Primes crash monitoring is not enabled, yet crash monitoring was requested.
04-06 19:31:27.474  3436  3584 D Primes  : Crash metric disabled - no startup metric sent.
04-06 19:31:27.483  2830  2830 I chatty  : uid=10012 com.google.android.gms.persistent expire 5 lines
04-06 19:31:27.487  3130  3130 I chatty  : uid=10012(com.google.android.gms) expire 1 line
04-06 19:31:27.488  3130  3566 I chatty  : uid=10012(com.google.android.gms) expire 1 line
04-06 19:31:27.528  3130  3201 I chatty  : uid=10012(com.google.android.gms) expire 3 lines
04-06 19:31:27.580  1789  3586 I CertBlacklister: Certificate blacklist changed, updating...
04-06 19:31:27.582  1789  3586 I CertBlacklister: Certificate blacklist updated
04-06 19:31:27.603  1789  3592 I CertBlacklister: Certificate blacklist changed, updating...
04-06 19:31:27.653  1789  3592 I CertBlacklister: Certificate blacklist updated
04-06 19:31:27.686  3079  3362 I chatty  : uid=10012(com.google.android.gms) Binder:3079_4 expire 1 line
04-06 19:31:27.702  3130  3282 I chatty  : uid=10012(com.google.android.gms) expire 5 lines
04-06 19:31:27.706  3130  3282 E ActivityThread: Failed to find provider info for com.google.android.wearable.settings
04-06 19:31:27.889  3130  3268 I chatty  : uid=10012(com.google.android.gms) lowpool[3] expire 2 lines
04-06 19:31:27.930  3130  3142 I chatty  : uid=10012(com.google.android.gms) HeapTaskDaemon expire 1 line
04-06 19:31:27.965  3130  3602 I chatty  : uid=10012(com.google.android.gms) expire 2 lines
04-06 19:31:28.189  2830  2842 I chatty  : uid=10012(com.google.android.gms) HeapTaskDaemon expire 1 line
04-06 19:31:28.213  3436  3449 W art     : Suspending all threads took: 11.324ms
04-06 19:31:28.258  2830  3606 I chatty  : uid=10012 com.google.android.gms.persistent expire 1 line
04-06 19:31:28.272  2830  3183 I chatty  : uid=10012(com.google.android.gms) GAC_Executor[0] expire 4 lines
04-06 19:31:28.281  2830  3607 I chatty  : uid=10012 com.google.android.gms.persistent expire 1 line
04-06 19:31:28.291  3130  3268 I chatty  : uid=10012(com.google.android.gms) lowpool[3] expire 2 lines
04-06 19:31:28.314  2830  3607 I chatty  : uid=10012 com.google.android.gms.persistent expire 1 line
04-06 19:31:28.324  2830  2830 I chatty  : uid=10012 com.google.android.gms.persistent expire 1 line
04-06 19:31:28.536  2830  3557 I chatty  : uid=10012 com.google.android.gms.persistent expire 1 line
04-06 19:31:28.581  3436  3616 I Bugle   : Upgrading shared prefs from -1 to 1
04-06 19:31:28.664  3436  3436 V Bugle   : TelephonyChangeReceiver.onReceive Intent { act=android.provider.action.DEFAULT_SMS_PACKAGE_CHANGED flg=0x10 cmp=com.google.android.apps.messaging/.shared.receiver.TelephonyChangeReceiver (has extras) }
04-06 19:31:28.664  3436  3436 V Bugle   : TelephonyChangeReceiver: forceFullSync
04-06 19:31:28.721  3436  3616 E Bugle   : Get mms config failed: invalid subId. subId=1, real subId=1, map=[]
04-06 19:31:28.723  3436  3616 E Bugle   : Get mms config failed: invalid subId. subId=1, real subId=1, map=[]
04-06 19:31:28.775  3436  3616 I Bugle   : ApnsOta: OTA version -1
04-06 19:31:28.827  3436  3616 W Bugle   : canonicalizeMccMnc: invalid mccmnc:null ,null
04-06 19:31:28.831  3624  3624 W art     : Unexpected CPU variant for X86 using defaults: x86
04-06 19:31:28.836  1789  3322 I ActivityManager: Start proc 3624:com.android.providers.calendar/u0a2 for broadcast com.android.providers.calendar/.CalendarUpgradeReceiver
04-06 19:31:28.843  3436  3436 I Bugle   : Carrier config changed. Reloading MMS config.
04-06 19:31:28.849  3624  3631 E art     : Failed writing handshake bytes (-1 of 14): Broken pipe
04-06 19:31:28.849  3624  3631 I art     : Debugger is no longer active
04-06 19:31:28.851  3624  3631 I art     : Starting a blocking GC Instrumentation
04-06 19:31:28.859  3624  3624 W System  : ClassLoader referenced unknown path: /system/priv-app/CalendarProvider/lib/x86
04-06 19:31:28.872  1789  3323 D MmsServiceBroker: getCarrierConfigValues() by com.google.android.apps.messaging
04-06 19:31:28.872  1789  3323 W MmsServiceBroker: MmsService not connected. Try connecting...
04-06 19:31:28.873  1789  1789 I MmsServiceBroker: Connecting to MmsService
04-06 19:31:28.873  1789  1789 W ContextImpl: Calling a method in the system process without a qualified user: android.app.ContextImpl.bindService:1421 com.android.server.MmsServiceBroker.tryConnecting:240 com.android.server.MmsServiceBroker.-wrap3:-1 com.android.server.MmsServiceBroker$1.handleMessage:82 android.os.Handler.dispatchMessage:102 
04-06 19:31:28.876  2542  2542 W System  : ClassLoader referenced unknown path: /system/priv-app/MmsService/lib/x86
04-06 19:31:28.876  2542  2542 D ApplicationLoaders: ignored Vulkan layer search path /system/priv-app/MmsService/lib/x86:/system/lib:/vendor/lib for namespace 0xaeaf20d0
04-06 19:31:29.019  2542  2542 D MmsService: onCreate
04-06 19:31:29.025  1789  1789 I MmsServiceBroker: MmsService connected
04-06 19:31:29.026  2542  2542 I MmsService: MmsConfigManager receiver action: android.intent.action.SIM_STATE_CHANGED
04-06 19:31:29.027  2542  2555 D MmsService: getCarrierConfigValues
04-06 19:31:29.027  2542  2555 I MmsService: mms config for sub 1: null
04-06 19:31:29.028  2542  2542 I MmsService: MmsConfigManager receiver action: android.telephony.action.CARRIER_CONFIG_CHANGED
04-06 19:31:29.029  3436  3616 I Bugle   : Carrier configs loaded: Bundle[{spamForwardingNumber=7726, maxImageHeight=1944, maxMessageSize=1048576, maxImageWidth=2592}] from resources+system for subId=1
04-06 19:31:29.034  2542  3641 I MmsService: MmsConfigManager loads in background mcc/mnc: 310/260
04-06 19:31:29.042  2542  3642 I MmsService: MmsConfigManager loads in background mcc/mnc: 310/260
04-06 19:31:29.040  2542  3643 I MmsService: MmsConfigManager loads in background mcc/mnc: 310/260
04-06 19:31:29.074  3436  3572 W Bugle   : canonicalizeMccMnc: invalid mccmnc:null ,null
04-06 19:31:29.080  1789  1813 D MmsServiceBroker: getCarrierConfigValues() by com.google.android.apps.messaging
04-06 19:31:29.080  2542  2778 D MmsService: getCarrierConfigValues
04-06 19:31:29.080  2542  2778 I MmsService: mms config for sub 1: Bundle[{httpSocketTimeout=60000, aliasMinChars=2, smsToMmsTextThreshold=-1, enableSMSDeliveryReports=true, maxMessageTextSize=-1, supportMmsContentDisposition=true, enabledTransID=false, aliasEnabled=false, supportHttpCharsetHeader=false, allowAttachAudio=true, smsToMmsTextLengthThreshold=-1, recipientLimit=2147483647, uaProfTagName=x-wap-profile, aliasMaxChars=48, maxImageHeight=480, enableMMSDeliveryReports=false, userAgent=, mmsCloseConnection=false, config_cellBroadcastAppLinks=true, maxSubjectLength=40, httpParams=, enableGroupMms=true, emailGatewayNumber=, maxMessageSize=307200, naiSuffix=, enableMMSReadReports=false, maxImageWidth=640, uaProfUrl=, enabledMMS=true, enabledNotifyWapMMSC=false, sendMultipartSmsAsSeparateMessages=false, enableMultipartSMS=true}]
04-06 19:31:29.081  3436  3572 I Bugle   : Carrier configs loaded: Bundle[{httpSocketTimeout=60000, aliasMinChars=2, smsToMmsTextThreshold=-1, enableSMSDeliveryReports=true, maxMessageTextSize=-1, supportMmsContentDisposition=true, enabledTransID=false, aliasEnabled=false, supportHttpCharsetHeader=false, allowAttachAudio=true, spamForwardingNumber=7726, smsToMmsTextLengthThreshold=-1, recipientLimit=2147483647, uaProfTagName=x-wap-profile, aliasMaxChars=48, maxImageHeight=480, enableMMSDeliveryReports=false, userAgent=, mmsCloseConnection=false, config_cellBroadcastAppLinks=true, maxSubjectLength=40, httpParams=, enableGroupMms=true, emailGatewayNumber=, maxMessageSize=307200, naiSuffix=, enableMMSReadReports=false, maxImageWidth=640, uaProfUrl=, enabledMMS=true, enabledNotifyWapMMSC=false, sendMultipartSmsAsSeparateMessages=false, enableMultipartSMS=true}] from resources+system for subId=1
04-06 19:31:29.090  3436  3622 W Bugle   : Rebuilt databases: reseting related state
04-06 19:31:29.100  3436  3572 W Bugle   : canonicalizeMccMnc: invalid mccmnc:null ,null
04-06 19:31:29.107  1789  2784 D MmsServiceBroker: getCarrierConfigValues() by com.google.android.apps.messaging
04-06 19:31:29.107  2542  2787 D MmsService: getCarrierConfigValues
04-06 19:31:29.107  2542  2787 I MmsService: mms config for sub 1: Bundle[{httpSocketTimeout=60000, aliasMinChars=2, smsToMmsTextThreshold=-1, enableSMSDeliveryReports=true, maxMessageTextSize=-1, supportMmsContentDisposition=true, enabledTransID=false, aliasEnabled=false, supportHttpCharsetHeader=false, allowAttachAudio=true, smsToMmsTextLengthThreshold=-1, recipientLimit=2147483647, uaProfTagName=x-wap-profile, aliasMaxChars=48, maxImageHeight=480, enableMMSDeliveryReports=false, userAgent=, mmsCloseConnection=false, config_cellBroadcastAppLinks=true, maxSubjectLength=40, httpParams=, enableGroupMms=true, emailGatewayNumber=, maxMessageSize=307200, naiSuffix=, enableMMSReadReports=false, maxImageWidth=640, uaProfUrl=, enabledMMS=true, enabledNotifyWapMMSC=false, sendMultipartSmsAsSeparateMessages=false, enableMultipartSMS=true}]
04-06 19:31:29.108  3436  3572 I Bugle   : Carrier configs loaded: Bundle[{httpSocketTimeout=60000, aliasMinChars=2, smsToMmsTextThreshold=-1, enableSMSDeliveryReports=true, maxMessageTextSize=-1, supportMmsContentDisposition=true, enabledTransID=false, aliasEnabled=false, supportHttpCharsetHeader=false, allowAttachAudio=true, spamForwardingNumber=7726, smsToMmsTextLengthThreshold=-1, recipientLimit=2147483647, uaProfTagName=x-wap-profile, aliasMaxChars=48, maxImageHeight=480, enableMMSDeliveryReports=false, userAgent=, mmsCloseConnection=false, config_cellBroadcastAppLinks=true, maxSubjectLength=40, httpParams=, enableGroupMms=true, emailGatewayNumber=, maxMessageSize=307200, naiSuffix=, enableMMSReadReports=false, maxImageWidth=640, uaProfUrl=, enabledMMS=true, enabledNotifyWapMMSC=false, sendMultipartSmsAsSeparateMessages=false, enableMultipartSMS=true}] from resources+system for subId=1
04-06 19:31:29.109  3624  3624 I CalendarDatabaseHelper: Bootstrapping database
04-06 19:31:29.124  3436  3620 W art     : Long monitor contention with owner IntentService[StickerSyncService] (3622) at void android.database.sqlite.SQLiteConnection.nativeExecute(long, long)(SQLiteConnection.java:-2) waiters=1 in com.google.android.apps.messaging.shared.datamodel.c com.google.android.apps.messaging.shared.datamodel.K.aiS() for 266ms
04-06 19:31:29.129  3436  3623 I BugleDataModel: Fixup: Send failed - 0 Download failed - 0
04-06 19:31:29.139  3436  3622 I Bugle   : Downloading from https://www.gstatic.com/android/sms/sticker/sticker_sets_list-4.xml to /data/user/0/com.google.android.apps.messaging/files/sticker_sets_list-4.xml
04-06 19:31:29.148  3436  3644 I BugleDataModel: SyncMessagesAction: Starting batch for messages from -1 to 1491532283731 (message update limit = 80, message scan limit = 4000)
04-06 19:31:29.152  3624  3624 I CalendarProvider2: Created com.android.providers.calendar.CalendarAlarmManager@6691f4b(com.android.providers.calendar.CalendarProvider2@14d5d28)
04-06 19:31:29.163  3624  3624 I CalendarUpgradeReceiver: Creating or opening calendar database
04-06 19:31:29.164  1789  3322 I PreBootBroadcaster: Pre-boot of {com.android.providers.contacts/com.android.providers.contacts.ContactsUpgradeReceiver} for user 0
04-06 19:31:29.211  3436  3622 D NetworkSecurityConfig: No Network Security Config specified, using platform default
04-06 19:31:29.314  3130  3261 I chatty  : uid=10012(com.google.android.gms) lowpool[2] expire 1 line
04-06 19:31:29.355  3436  3648 I BugleDataModel: SyncMessagesAction: All messages now in sync
04-06 19:31:29.374  2830  3607 I chatty  : uid=10012 com.google.android.gms.persistent expire 1 line
04-06 19:31:29.391  2830  2830 I chatty  : uid=10012 com.google.android.gms.persistent expire 1 line
04-06 19:31:29.535  3130  3196 I chatty  : uid=10012(com.google.android.gms) expire 2 lines
04-06 19:31:29.542  2830  3341 I chatty  : uid=10012 com.google.android.gms.persistent expire 1 line
04-06 19:31:29.552  1306  1306 V EmulatedCamera_Camera: getCameraInfo
04-06 19:31:29.552  1306  1306 V EmulatedCamera_BaseCamera: getCameraInfo
04-06 19:31:29.553  3130  3459 I chatty  : uid=10012(com.google.android.gms) expire 1 line
04-06 19:31:29.688  3130  3130 I chatty  : uid=10012(com.google.android.gms) expire 2 lines
04-06 19:31:29.871  2830  3660 I chatty  : uid=10012 com.google.android.gms.persistent expire 1 line
04-06 19:31:29.887  3130  3671 I chatty  : uid=10012(com.google.android.gms) expire 2 lines
04-06 19:31:29.906  2830  3675 I chatty  : uid=10012(com.google.android.gms) GCMWriter expire 1 line
04-06 19:31:29.982  1789  2325 W ActivityManager: Unable to start service Intent { cmp=com.google.android.gms/.analytics.service.RefreshEnabledStateService } U=0: not found
04-06 19:31:30.064  3095  3153 I chatty  : uid=10022 com.google.android.googlequicksearchbox:search expire 2 lines
04-06 19:31:30.074  3436  3449 W art     : Suspending all threads took: 7.287ms
04-06 19:31:30.084  3130  3201 I chatty  : uid=10012(com.google.android.gms) expire 1 line
04-06 19:31:30.116  2859  2876 I chatty  : uid=10008(com.android.providers.media) HeapTaskDaemon expire 1 line
04-06 19:31:30.170  3286  3286 I ContactsUpgradeReceiver: Creating or opening contacts database
04-06 19:31:30.178  1789  2784 I PreBootBroadcaster: Pre-boot of {com.android.providers.media/com.android.providers.media.MediaUpgradeReceiver} for user 0
04-06 19:31:30.187  3130  3682 I chatty  : uid=10012(com.google.android.gms) expire 2 lines
04-06 19:31:30.204  3436  3449 W art     : Suspending all threads took: 17.893ms
04-06 19:31:30.276  2830  3660 I chatty  : uid=10012 com.google.android.gms.persistent expire 4 lines
04-06 19:31:30.300  2859  2859 I MediaUpgradeReceiver: ---> Start upgrade of media database external.db
04-06 19:31:30.326  2859  2859 I MediaUpgradeReceiver: <--- Finished upgrade of media database external.db in 26ms
04-06 19:31:30.327  1789  1810 I PreBootBroadcaster: Pre-boot of {com.android.settings/com.android.settings.SettingsInitialize} for user 0
04-06 19:31:30.337  3624  3624 I CalendarProvider2: Sending notification intent: Intent { act=android.intent.action.PROVIDER_CHANGED dat=content://com.android.calendar flg=0x20000000 }
04-06 19:31:30.338  3624  3624 W ContentResolver: Failed to get type for: content://com.android.calendar (Unknown URL content://com.android.calendar)
04-06 19:31:30.396  2859  3696 I chatty  : uid=10008(com.android.providers.media) android.process.media expire 3 lines
04-06 19:31:30.434  3130  3459 I chatty  : uid=10012(com.google.android.gms) expire 1 line
04-06 19:31:30.452  2830  3660 I chatty  : uid=10012 com.google.android.gms.persistent expire 1 line
04-06 19:31:30.458  1789  1813 I PreBootBroadcaster: Pre-boot of {com.google.android.googlequicksearchbox/com.google.android.apps.gsa.googlequicksearchbox.GelStubAppWatcher} for user 0
04-06 19:31:30.466  3700  3700 W art     : Unexpected CPU variant for X86 using defaults: x86
04-06 19:31:30.470  1789  1813 I ActivityManager: Start proc 3700:com.android.calendar/u0a27 for broadcast com.android.calendar/.alerts.AlertReceiver
04-06 19:31:30.498  3700  3700 W System  : ClassLoader referenced unknown path: /system/app/Calendar/lib/x86
04-06 19:31:30.539  2830  3396 I chatty  : uid=10012(com.google.android.gms) netscheduler-qu expire 1 line
04-06 19:31:30.562  3130  3459 I chatty  : uid=10012(com.google.android.gms) expire 1 line
04-06 19:31:30.589  2830  3660 I chatty  : uid=10012 com.google.android.gms.persistent expire 4 lines
04-06 19:31:30.602  3700  3700 D ExtensionsFactory: No custom extensions.
04-06 19:31:30.617  3700  3700 D AlertReceiver: onReceive: a=android.intent.action.PROVIDER_CHANGED Intent { act=android.intent.action.PROVIDER_CHANGED dat=content://com.android.calendar flg=0x20000010 cmp=com.android.calendar/.alerts.AlertReceiver }
04-06 19:31:30.629  3700  3700 D AlertUtils: Flushing old alerts from shared prefs table
04-06 19:31:30.629  2830  2830 I chatty  : uid=10012 com.google.android.gms.persistent expire 4 lines
04-06 19:31:30.634  3700  3718 D AlertService: 0 Action = android.intent.action.PROVIDER_CHANGED
04-06 19:31:30.655  1789  3694 I PreBootBroadcaster: Pre-boot of {com.google.android.gsf/com.google.android.gsf.loginservice.MigrateToAccountManagerBroadcastReceiver} for user 0
04-06 19:31:30.660  3130  3130 I chatty  : uid=10012(com.google.android.gms) expire 1 line
04-06 19:31:30.666  3079  3079 I chatty  : uid=10012(com.google.android.gms) com.google.process.gapps expire 3 lines
04-06 19:31:30.669  3130  3261 I chatty  : uid=10012(com.google.android.gms) lowpool[2] expire 5 lines
04-06 19:31:30.679  1789  2784 D ActivityManager: Sending BOOT_COMPLETE user #0
04-06 19:31:30.724  1789  3729 E BootReceiver: Error reading /data/system/last-header.txt
04-06 19:31:30.724  1789  3729 E BootReceiver: java.io.FileNotFoundException: /data/system/last-header.txt (No such file or directory)
04-06 19:31:30.724  1789  3729 E BootReceiver: 	at java.io.FileInputStream.open(Native Method)
04-06 19:31:30.724  1789  3729 E BootReceiver: 	at java.io.FileInputStream.<init>(FileInputStream.java:146)
04-06 19:31:30.724  1789  3729 E BootReceiver: 	at android.os.FileUtils.readTextFile(FileUtils.java:263)
04-06 19:31:30.724  1789  3729 E BootReceiver: 	at com.android.server.BootReceiver.getPreviousBootHeaders(BootReceiver.java:121)
04-06 19:31:30.724  1789  3729 E BootReceiver: 	at com.android.server.BootReceiver.getBootHeadersToLogAndUpdate(BootReceiver.java:143)
04-06 19:31:30.724  1789  3729 E BootReceiver: 	at com.android.server.BootReceiver.logBootEvents(BootReceiver.java:163)
04-06 19:31:30.724  1789  3729 E BootReceiver: 	at com.android.server.BootReceiver.-wrap2(BootReceiver.java)
04-06 19:31:30.724  1789  3729 E BootReceiver: 	at com.android.server.BootReceiver$1.run(BootReceiver.java:93)
04-06 19:31:30.725  1789  3729 I RecoverySystem: No recovery log file
04-06 19:31:30.726  1789  3729 I BootReceiver: No existing last log timestamp file /data/system/log-files.xml; starting empty
04-06 19:31:30.732  1789  3729 I BootReceiver: Copying audit failures to DropBox
04-06 19:31:30.733  1789  3729 I BootReceiver: Checking for fsck errors
04-06 19:31:30.733  1789  3729 I BootReceiver: Copying /dev/fscklogs/log to DropBox (SYSTEM_FSCK)
04-06 19:31:30.738  1789  3729 I BootReceiver: Copying /data/tombstones/tombstone_00 to DropBox (SYSTEM_TOMBSTONE)
04-06 19:31:30.739  3730  3730 W art     : Unexpected CPU variant for X86 using defaults: x86
04-06 19:31:30.742  1789  1789 I ActivityManager: Start proc 3730:com.android.dialer/u0a6 for broadcast com.android.dialer/.calllog.CallLogReceiver
04-06 19:31:30.746  1789  3729 I BootReceiver: Copying /data/tombstones/tombstone_01 to DropBox (SYSTEM_TOMBSTONE)
04-06 19:31:30.774  3730  3730 W System  : ClassLoader referenced unknown path: /system/priv-app/Dialer/lib/x86
04-06 19:31:30.892  3677  3677 E uncrypt : failed to clear bootloader message: failed to find /misc partition
04-06 19:31:30.892  1789  3322 E RecoverySystemService: uncrypt failed with status: -1
04-06 19:31:30.892  3677  3677 I uncrypt :   received 0, exiting now
04-06 19:31:30.895  3130  3671 I chatty  : uid=10012(com.google.android.gms) expire 2 lines
04-06 19:31:30.909  3130  3747 I chatty  : uid=10012(com.google.android.gms) expire 2 lines
04-06 19:31:30.923  3130  3261 I chatty  : uid=10012(com.google.android.gms) lowpool[2] expire 1 line
04-06 19:31:30.932  2830  3749 I chatty  : uid=10012 com.google.android.gms.persistent expire 2 lines
04-06 19:31:30.985  3130  3261 I chatty  : uid=10012(com.google.android.gms) lowpool[2] expire 13 lines
04-06 19:31:31.000  3730  3730 D ExtensionsFactory: No custom extensions.
04-06 19:31:31.003  3730  3730 I BlockedNumbersAuto: Updating state as already checked for auto-migrate.
04-06 19:31:31.007  2830  3749 I chatty  : uid=10012 com.google.android.gms.persistent expire 1 line
04-06 19:31:31.012  3730  3730 I BlockedNumbersAuto: Attempting to auto-migrate.
04-06 19:31:31.046  2542  2542 V OtaStartupReceiver: onOtaspChanged: mOtaspMode=3
04-06 19:31:31.048  2542  2542 D CarrierConfigLoader: mHandler: 13 phoneId: 0
04-06 19:31:31.048  2542  2542 D CarrierConfigLoader: mHandler: 7 phoneId: 0
04-06 19:31:31.049  2542  2542 E CarrierConfigLoader: Failed to get package version for: com.android.carrierconfig
04-06 19:31:31.049  2542  2542 D CarrierConfigLoader: Binding to com.android.carrierconfig for phone 0
04-06 19:31:31.051  1789  3692 W ActivityManager: Unable to start service Intent { act=android.service.carrier.CarrierService pkg=com.android.carrierconfig } U=0: not found
04-06 19:31:31.053  3436  3436 I Bugle   : Carrier config changed. Reloading MMS config.
04-06 19:31:31.055  2542  2542 I MmsService: MmsConfigManager receiver action: android.telephony.action.CARRIER_CONFIG_CHANGED
04-06 19:31:31.054  3700  3700 D AlertReceiver: onReceive: a=android.intent.action.BOOT_COMPLETED Intent { act=android.intent.action.BOOT_COMPLETED flg=0x9000010 cmp=com.android.calendar/.alerts.AlertReceiver (has extras) }
04-06 19:31:31.055  2542  3757 I MmsService: MmsConfigManager loads in background mcc/mnc: 310/260
04-06 19:31:31.060  1789  1789 I Telecom : PhoneAccountRegistrar: SimCallManager queried, returning: null: TSI.gSCMFU@ACw
04-06 19:31:31.066  2724  2724 I AlarmClock: AlarmInitReceiver android.intent.action.BOOT_COMPLETED
04-06 19:31:31.081  3436  3572 W Bugle   : canonicalizeMccMnc: invalid mccmnc:null ,null
04-06 19:31:31.097  2724  2776 V AlarmClock: AlarmInitReceiver finished
04-06 19:31:31.098  1789  3323 D MmsServiceBroker: getCarrierConfigValues() by com.google.android.apps.messaging
04-06 19:31:31.098  2542  2554 D MmsService: getCarrierConfigValues
04-06 19:31:31.098  2542  2554 I MmsService: mms config for sub 1: Bundle[{httpSocketTimeout=60000, aliasMinChars=2, smsToMmsTextThreshold=-1, enableSMSDeliveryReports=true, maxMessageTextSize=-1, supportMmsContentDisposition=true, enabledTransID=false, aliasEnabled=false, supportHttpCharsetHeader=false, allowAttachAudio=true, smsToMmsTextLengthThreshold=-1, recipientLimit=2147483647, uaProfTagName=x-wap-profile, aliasMaxChars=48, maxImageHeight=480, enableMMSDeliveryReports=false, userAgent=, mmsCloseConnection=false, config_cellBroadcastAppLinks=true, maxSubjectLength=40, httpParams=, enableGroupMms=true, emailGatewayNumber=, maxMessageSize=307200, naiSuffix=, enableMMSReadReports=false, maxImageWidth=640, uaProfUrl=, enabledMMS=true, enabledNotifyWapMMSC=false, sendMultipartSmsAsSeparateMessages=false, enableMultipartSMS=true}]
04-06 19:31:31.099  3436  3572 I Bugle   : Carrier configs loaded: Bundle[{httpSocketTimeout=60000, aliasMinChars=2, smsToMmsTextThreshold=-1, enableSMSDeliveryReports=true, maxMessageTextSize=-1, supportMmsContentDisposition=true, enabledTransID=false, aliasEnabled=false, supportHttpCharsetHeader=false, allowAttachAudio=true, spamForwardingNumber=7726, smsToMmsTextLengthThreshold=-1, recipientLimit=2147483647, uaProfTagName=x-wap-profile, aliasMaxChars=48, maxImageHeight=480, enableMMSDeliveryReports=false, userAgent=, mmsCloseConnection=false, config_cellBroadcastAppLinks=true, maxSubjectLength=40, httpParams=, enableGroupMms=true, emailGatewayNumber=, maxMessageSize=307200, naiSuffix=, enableMMSReadReports=false, maxImageWidth=640, uaProfUrl=, enabledMMS=true, enabledNotifyWapMMSC=false, sendMultipartSmsAsSeparateMessages=false, enableMultipartSMS=true}] from resources+system for subId=1
04-06 19:31:31.103  3759  3759 W art     : Unexpected CPU variant for X86 using defaults: x86
04-06 19:31:31.109  1789  2784 I ActivityManager: Start proc 3759:com.android.email/u0a36 for broadcast com.android.email/.service.EmailUpgradeBroadcastReceiver
04-06 19:31:31.123  3759  3759 W System  : ClassLoader referenced unknown path: /system/app/Email/lib/x86
04-06 19:31:31.143  1789  2784 D CountryDetector: The first listener is added
04-06 19:31:31.159  2830  3396 I chatty  : uid=10012(com.google.android.gms) netscheduler-qu expire 1 line
04-06 19:31:31.161  3730  3730 I BlockedNumbersAuto: Auto-migrating: no blocked numbers.
04-06 19:31:31.190  3130  3268 I chatty  : uid=10012(com.google.android.gms) lowpool[3] expire 3 lines
04-06 19:31:31.251  2859  3774 I chatty  : uid=10008(com.android.providers.media) android.process.media expire 4 lines
04-06 19:31:31.285  3730  3756 W CountryDetector: No location permissions, not registering for location updates.
04-06 19:31:31.296  2859  3367 I chatty  : uid=10008(com.android.providers.media) Binder:2859_4 expire 1 line
04-06 19:31:31.465  3095  3095 I chatty  : uid=10022 com.google.android.googlequicksearchbox:search expire 10 lines
04-06 19:31:31.470  3095  3777 I chatty  : uid=10022 com.google.android.googlequicksearchbox:search expire 5 lines
04-06 19:31:31.471  3095  3152 I chatty  : uid=10022(com.google.android.googlequicksearchbox) User-Facing Sha expire 12 lines
04-06 19:31:31.471  1305  1305 W APM_AudioPolicyManager: getInputForAttr() failed opening input: samplingRate 16000, format 1, channelMask 10
04-06 19:31:31.476  3095  3152 E ActivityThread: Failed to find provider info for com.google.android.apps.gsa.testing.ui.audio.recorded
04-06 19:31:31.481  3095  3311 I chatty  : uid=10022(com.google.android.googlequicksearchbox) HotwordDetector expire 7 lines
04-06 19:31:31.492  3095  3778 I chatty  : uid=10022 com.google.android.googlequicksearchbox:search expire 1 line
04-06 19:31:31.590  1789  3322 W ActivityManager: Unable to start service Intent { act=com.android.email.EXCHANGE_INTENT pkg=com.android.exchange } U=0: not found
04-06 19:31:31.661  3759  3781 D ActivityThread: Loading provider com.android.email.provider;com.android.email.notifier: com.android.email.provider.EmailProvider
04-06 19:31:31.676  3759  3759 D ActivityThread: Loading provider com.android.email.provider;com.android.email.notifier: com.android.email.provider.EmailProvider
04-06 19:31:31.676  1789  3323 W ActivityManager: Unable to start service Intent { act=com.android.email.EXCHANGE_INTENT pkg=com.android.exchange } U=0: not found
04-06 19:31:31.726  1789  2325 W ActivityManager: Unable to start service Intent { act=com.android.email.EXCHANGE_INTENT pkg=com.android.exchange } U=0: not found
04-06 19:31:31.765  1789  2325 W ActivityManager: Unable to start service Intent { act=com.android.mail.action.BACKUP_DATA_CHANGED pkg=com.android.email } U=0: not found
04-06 19:31:31.766  1789  3322 W ActivityManager: Unable to start service Intent { act=com.android.mail.action.BACKUP_DATA_CHANGED pkg=com.android.email } U=0: not found
04-06 19:31:31.767  1789  3694 W ActivityManager: Unable to start service Intent { act=com.android.mail.action.BACKUP_DATA_CHANGED pkg=com.android.email } U=0: not found
04-06 19:31:31.769  1789  1813 W ActivityManager: Unable to start service Intent { act=com.android.email.EXCHANGE_INTENT pkg=com.android.exchange } U=0: not found
04-06 19:31:31.770  1789  3322 W ActivityManager: Unable to start service Intent { act=com.android.mail.action.BACKUP_DATA_CHANGED pkg=com.android.email } U=0: not found
04-06 19:31:31.772  1789  3692 W ActivityManager: Unable to start service Intent { act=com.android.mail.action.BACKUP_DATA_CHANGED pkg=com.android.email } U=0: not found
04-06 19:31:31.773  1789  3322 W ActivityManager: Unable to start service Intent { act=com.android.mail.action.BACKUP_DATA_CHANGED pkg=com.android.email } U=0: not found
04-06 19:31:31.773  1789  3694 W ActivityManager: Unable to start service Intent { act=com.android.mail.action.BACKUP_DATA_CHANGED pkg=com.android.email } U=0: not found
04-06 19:31:31.787  1789  3692 W ActivityManager: Unable to start service Intent { cmp=com.android.email/.service.AttachmentService } U=0: not found
04-06 19:31:31.794  3759  3785 I Email   : Observing account changes for notifications
04-06 19:31:31.794  1789  3692 W ActivityManager: Unable to start service Intent { act=com.android.email.EXCHANGE_INTENT pkg=com.android.exchange } U=0: not found
04-06 19:31:31.799  1789  2325 W ActivityManager: Unable to start service Intent { cmp=com.android.email/.service.AttachmentService } U=0: not found
04-06 19:31:31.802  1789  2784 W ActivityManager: Unable to start service Intent { cmp=com.android.email/.service.AttachmentService } U=0: not found
04-06 19:31:31.809  1789  1810 W ActivityManager: Unable to start service Intent { act=com.android.email.EXCHANGE_INTENT pkg=com.android.exchange } U=0: not found
04-06 19:31:31.902  2413  2413 I SystemBroadcastReceiver: Boot has been completed
04-06 19:31:31.902  2413  2413 I SystemBroadcastReceiver: toggleAppIcon() : FLAG_SYSTEM = true
04-06 19:31:31.913  3748  3748 E uncrypt : failed to clear bootloader message: failed to find /misc partition
04-06 19:31:31.913  1789  2621 E RecoverySystemService: uncrypt failed with status: -1
04-06 19:31:31.913  3748  3748 I uncrypt :   received 0, exiting now
04-06 19:31:31.917  3759  3788 I Email   : Onetime initialization: 1
04-06 19:31:31.918  3759  3788 I Email   : Onetime initialization: 2
04-06 19:31:31.919  3759  3788 I Email   : Onetime initialization: completed.
04-06 19:31:31.920  3130  3747 I chatty  : uid=10012(com.google.android.gms) expire 2 lines
04-06 19:31:31.924  1789  2325 W ActivityManager: Unable to start service Intent { act=com.android.email.EXCHANGE_INTENT pkg=com.android.exchange } U=0: not found
04-06 19:31:31.926  1789  2325 W ActivityManager: Unable to start service Intent { act=com.android.email.EXCHANGE_INTENT pkg=com.android.exchange } U=0: not found
04-06 19:31:31.927  2542  2542 V VvmBootCompletedRcvr: processing subId list
04-06 19:31:31.930  2542  2542 V VvmBootCompletedRcvr: processing subId 1
04-06 19:31:31.935  3759  3759 E ActivityThread: Service com.android.email.service.EmailBroadcastProcessorService has leaked ServiceConnection com.android.emailcommon.service.ServiceProxy$ProxyConnection@be2b9e9 that was originally bound here
04-06 19:31:31.935  3759  3759 E ActivityThread: android.app.ServiceConnectionLeaked: Service com.android.email.service.EmailBroadcastProcessorService has leaked ServiceConnection com.android.emailcommon.service.ServiceProxy$ProxyConnection@be2b9e9 that was originally bound here
04-06 19:31:31.935  3759  3759 E ActivityThread: 	at android.app.LoadedApk$ServiceDispatcher.<init>(LoadedApk.java:1336)
04-06 19:31:31.935  3759  3759 E ActivityThread: 	at android.app.LoadedApk.getServiceDispatcher(LoadedApk.java:1231)
04-06 19:31:31.935  3759  3759 E ActivityThread: 	at android.app.ContextImpl.bindServiceCommon(ContextImpl.java:1450)
04-06 19:31:31.935  3759  3759 E ActivityThread: 	at android.app.ContextImpl.bindService(ContextImpl.java:1422)
04-06 19:31:31.935  3759  3759 E ActivityThread: 	at android.content.ContextWrapper.bindService(ContextWrapper.java:636)
04-06 19:31:31.935  3759  3759 E ActivityThread: 	at com.android.emailcommon.service.ServiceProxy.setTask(ServiceProxy.java:181)
04-06 19:31:31.935  3759  3759 E ActivityThread: 	at com.android.emailcommon.service.ServiceProxy.test(ServiceProxy.java:224)
04-06 19:31:31.935  3759  3759 E ActivityThread: 	at com.android.email.service.EmailServiceUtils.isServiceAvailable(EmailServiceUtils.java:160)
04-06 19:31:31.935  3759  3759 E ActivityThread: 	at com.android.email.provider.AccountReconciler.reconcileAccountsInternal(AccountReconciler.java:171)
04-06 19:31:31.935  3759  3759 E ActivityThread: 	at com.android.email.provider.AccountReconciler.reconcileAccounts(AccountReconciler.java:115)
04-06 19:31:31.935  3759  3759 E ActivityThread: 	at com.android.email.service.EmailBroadcastProcessorService.reconcileAndStartServices(EmailBroadcastProcessorService.java:305)
04-06 19:31:31.935  3759  3759 E ActivityThread: 	at com.android.email.service.EmailBroadcastProcessorService.onBootCompleted(EmailBroadcastProcessorService.java:295)
04-06 19:31:31.935  3759  3759 E ActivityThread: 	at com.android.email.service.EmailBroadcastProcessorService.onHandleIntent(EmailBroadcastProcessorService.java:130)
04-06 19:31:31.935  3759  3759 E ActivityThread: 	at android.app.IntentService$ServiceHandler.handleMessage(IntentService.java:68)
04-06 19:31:31.935  3759  3759 E ActivityThread: 	at android.os.Handler.dispatchMessage(Handler.java:102)
04-06 19:31:31.935  3759  3759 E ActivityThread: 	at android.os.Looper.loop(Looper.java:154)
04-06 19:31:31.935  3759  3759 E ActivityThread: 	at android.os.HandlerThread.run(HandlerThread.java:61)
04-06 19:31:31.935  1789  2784 W ActivityManager: Unbind failed: could not find connection for android.os.BinderProxy@7de4933
04-06 19:31:31.948  2542  2542 I VvmSimChangeReceiver: Sim state or carrier config changed for 1
04-06 19:31:31.973  2542  2542 V VvmPhoneStateListener: Signal returned: reattempting activation for 1
04-06 19:31:31.980  2542  2542 D VvmTaskScheduler: create task:com.android.phone.vvm.omtp.ActivationTask
04-06 19:31:31.982  2542  3791 V VvmTaskScheduler: executing task com.android.phone.vvm.omtp.ActivationTask@ca1a21e
04-06 19:31:31.985  2542  2542 D VvmTaskScheduler: create task:com.android.phone.vvm.omtp.ActivationTask
04-06 19:31:31.996  2542  3791 I VvmActivationTask: VVM content provider configured - vvm_type_cvvm
04-06 19:31:31.997  2542  3791 I OmtpVvmCarrierCfgHlpr: OmtpEvent:CONFIG_ACTIVATING
04-06 19:31:32.010  2542  3791 V OmtpMessageSender: Sending BINARY sms 'Activate:dt=15' to 122:1808
04-06 19:31:32.017  2859  3792 I chatty  : uid=10008(com.android.providers.media) android.process.media expire 4 lines
04-06 19:31:32.027  2542  2542 D VvmStatusSmsFetcher: Request SMS successfully sent
04-06 19:31:32.156  3794  3794 W art     : Unexpected CPU variant for X86 using defaults: x86
04-06 19:31:32.161  1789  1810 I ActivityManager: Start proc 3794:com.google.android.apps.maps/u0a47 for broadcast com.google.android.apps.maps/com.google.android.apps.gmm.navigation.service.detection.StartDetectionReceiver
04-06 19:31:32.175  3794  3801 E art     : Failed writing handshake bytes (-1 of 14): Broken pipe
04-06 19:31:32.175  3794  3801 I art     : Debugger is no longer active
04-06 19:31:32.175  3794  3801 I art     : Starting a blocking GC Instrumentation
04-06 19:31:32.193  3794  3794 W System  : ClassLoader referenced unknown path: /system/app/Maps/lib/x86
04-06 19:31:32.214  2859  3793 I chatty  : uid=10008(com.android.providers.media) android.process.media expire 128 lines
04-06 19:31:32.676  1313  1385 E MetadataRetrieverClient: failed to extract an album art
04-06 19:31:32.712  2724  2724 I AlarmClock: Detected change to system default alarm ringtone; clearing caches
04-06 19:31:33.135  1789  2337 I InputReader: Reconfiguring input devices.  changes=0x00000010
04-06 19:31:33.138  1789  2337 I InputReader: Reconfiguring input devices.  changes=0x00000010
04-06 19:31:33.146  1789  2337 I InputReader: Reconfiguring input devices.  changes=0x00000010
04-06 19:31:33.152  2542  2542 D CarrierSvcBindHelper: No carrier app for: 0
04-06 19:31:33.153  1789  2337 I InputReader: Reconfiguring input devices.  changes=0x00000010
04-06 19:31:33.184  1789  2337 I InputReader: Reconfiguring input devices.  changes=0x00000010
04-06 19:31:33.202  1789  2337 I InputReader: Reconfiguring input devices.  changes=0x00000010
04-06 19:31:33.209  2542  2542 D CarrierSvcBindHelper: No carrier app for: 0
04-06 19:31:33.221  1789  2337 I InputReader: Reconfiguring input devices.  changes=0x00000010
04-06 19:31:33.237  1789  2337 I InputReader: Reconfiguring input devices.  changes=0x00000010
04-06 19:31:33.240  2542  2542 D CarrierSvcBindHelper: No carrier app for: 0
04-06 19:31:33.265  2542  2542 D CarrierSvcBindHelper: No carrier app for: 0
04-06 19:31:33.281  2542  2542 D CarrierSvcBindHelper: No carrier app for: 0
04-06 19:31:33.303  2542  2542 D CarrierSvcBindHelper: No carrier app for: 0
04-06 19:31:33.317  2542  2542 D CarrierSvcBindHelper: No carrier app for: 0
04-06 19:31:33.333  2542  2542 D CarrierSvcBindHelper: No carrier app for: 0
04-06 19:31:33.348  1789  1859 W ResourceType: No known package when getting value for resource number 0x7f020444
04-06 19:31:33.349  1789  1859 W ResourceType: No known package when getting value for resource number 0x7f0a030c
04-06 19:31:33.349  1789  1859 W ResourceType: No known package when getting value for resource number 0x7f0a030c
04-06 19:31:33.349  1789  1859 W ResourceType: No known package when getting value for resource number 0x7f0a030d
04-06 19:31:33.379  2830  2830 I chatty  : uid=10012 com.google.android.gms.persistent expire 1 line
04-06 19:31:33.493  1789  1859 W ResourceType: No known package when getting value for resource number 0x7f0200fc
04-06 19:31:33.493  1789  1859 W ResourceType: No known package when getting value for resource number 0x7f0e03a5
04-06 19:31:33.493  1789  1859 W ResourceType: No known package when getting value for resource number 0x7f0200fb
04-06 19:31:33.494  1789  1859 W ResourceType: No known package when getting value for resource number 0x7f0e0927
04-06 19:31:33.494  1789  1859 W ResourceType: No known package when getting value for resource number 0x7f0200fa
04-06 19:31:33.494  1789  1859 W ResourceType: No known package when getting value for resource number 0x7f0e07e1
04-06 19:31:33.810  3130  3621 I chatty  : uid=10012(com.google.android.gms) expire 1 line
04-06 19:31:34.912  1313  2498 E MetadataRetrieverClient: failed to extract an album art
04-06 19:31:35.055  2859  3793 W MediaProvider: Missing volume for /system/media/audio/notifications/Helium.ogg; assuming invalid
04-06 19:31:35.059  2859  3793 W MediaProvider: Missing volume for /system/media/audio/notifications/Highwire.ogg; assuming invalid
04-06 19:31:35.063  2859  3793 W MediaProvider: Missing volume for /system/media/audio/notifications/Hojus.ogg; assuming invalid
04-06 19:31:35.068  2859  3793 W MediaProvider: Missing volume for /system/media/audio/notifications/Iridium.ogg; assuming invalid
04-06 19:31:35.073  2859  3793 W MediaProvider: Missing volume for /system/media/audio/notifications/Krypton.ogg; assuming invalid
04-06 19:31:35.077  2859  3793 W MediaProvider: Missing volume for /system/media/audio/notifications/KzurbSonar.ogg; assuming invalid
04-06 19:31:35.081  2859  3793 W MediaProvider: Missing volume for /system/media/audio/notifications/Lalande.ogg; assuming invalid
04-06 19:31:35.085  2859  3793 W MediaProvider: Missing volume for /system/media/audio/notifications/Merope.ogg; assuming invalid
04-06 19:31:35.089  2859  3793 W MediaProvider: Missing volume for /system/media/audio/notifications/Mira.ogg; assuming invalid
04-06 19:31:35.098  2859  3793 W MediaProvider: Missing volume for /system/media/audio/notifications/OnTheHunt.ogg; assuming invalid
04-06 19:31:35.133  2859  3793 I MediaScanner: forcing rescan of /system/media/audio/notifications/Palladium.ogg since build fingerprint changed
04-06 19:31:35.161  2859  3793 I MediaScanner: forcing rescan of /system/media/audio/notifications/Plastic_Pipe.ogg since build fingerprint changed
04-06 19:31:35.173  2859  3793 I MediaScanner: forcing rescan of /system/media/audio/notifications/Polaris.ogg since build fingerprint changed
04-06 19:31:35.189  2859  3793 I MediaScanner: forcing rescan of /system/media/audio/notifications/Pollux.ogg since build fingerprint changed
04-06 19:31:35.212  2859  3793 I MediaScanner: forcing rescan of /system/media/audio/notifications/Procyon.ogg since build fingerprint changed
04-06 19:31:35.218  2859  3793 I MediaScanner: forcing rescan of /system/media/audio/notifications/Proxima.ogg since build fingerprint changed
04-06 19:31:35.238  2859  3793 I MediaScanner: forcing rescan of /system/media/audio/notifications/Radon.ogg since build fingerprint changed
04-06 19:31:35.292  2859  3793 I MediaScanner: forcing rescan of /system/media/audio/notifications/Rubidium.ogg since build fingerprint changed
04-06 19:31:35.315  2859  3793 I MediaScanner: forcing rescan of /system/media/audio/notifications/Selenium.ogg since build fingerprint changed
04-06 19:31:35.334  2859  3793 I MediaScanner: forcing rescan of /system/media/audio/notifications/Shaula.ogg since build fingerprint changed
04-06 19:31:35.365  2859  3793 I MediaScanner: forcing rescan of /system/media/audio/notifications/Sirrah.ogg since build fingerprint changed
04-06 19:31:35.397  2859  3793 I MediaScanner: forcing rescan of /system/media/audio/notifications/SpaceSeed.ogg since build fingerprint changed
04-06 19:31:35.455  2859  3793 I MediaScanner: forcing rescan of /system/media/audio/notifications/Spica.ogg since build fingerprint changed
04-06 19:31:35.481  2859  3793 I MediaScanner: forcing rescan of /system/media/audio/notifications/Strontium.ogg since build fingerprint changed
04-06 19:31:35.512  2859  3793 I MediaScanner: forcing rescan of /system/media/audio/notifications/Syrma.ogg since build fingerprint changed
04-06 19:31:35.537  2859  3793 I MediaScanner: forcing rescan of /system/media/audio/notifications/TaDa.ogg since build fingerprint changed
04-06 19:31:35.573  2859  3793 I MediaScanner: forcing rescan of /system/media/audio/notifications/Talitha.ogg since build fingerprint changed
04-06 19:31:35.591  2859  3793 I MediaScanner: forcing rescan of /system/media/audio/notifications/Tejat.ogg since build fingerprint changed
04-06 19:31:35.617  2859  3793 I MediaScanner: forcing rescan of /system/media/audio/notifications/Thallium.ogg since build fingerprint changed
04-06 19:31:35.646  2859  3793 I MediaScanner: forcing rescan of /system/media/audio/notifications/Tinkerbell.ogg since build fingerprint changed
04-06 19:31:35.670  2859  3793 I MediaScanner: forcing rescan of /system/media/audio/notifications/Upsilon.ogg since build fingerprint changed
04-06 19:31:35.700  2859  3793 I MediaScanner: forcing rescan of /system/media/audio/notifications/Vega.ogg since build fingerprint changed
04-06 19:31:35.730  3700  3718 I GlobalDismissManager: no sender configured
04-06 19:31:35.734  3700  3718 D AlertService: Beginning updateAlertNotification
04-06 19:31:35.743  2859  3793 I MediaScanner: forcing rescan of /system/media/audio/notifications/Voila.ogg since build fingerprint changed
04-06 19:31:35.775  3700  3718 D AlertService: No fired or scheduled alerts
04-06 19:31:35.817  2859  3793 I MediaScanner: forcing rescan of /system/media/audio/notifications/Xenon.ogg since build fingerprint changed
04-06 19:31:35.820  3700  3718 D AlertService: Scheduling next alarm with AlarmScheduler. sEventReminderReceived: null
04-06 19:31:35.834  3700  3718 D AlarmScheduler: No events found starting within 1 week.
04-06 19:31:35.839  3700  3718 D AlertService: 0 Action = android.intent.action.BOOT_COMPLETED
04-06 19:31:35.843  3700  3718 D AlertService: Scheduling next alarm with AlarmScheduler. sEventReminderReceived: null
04-06 19:31:35.853  2859  3793 I MediaScanner: forcing rescan of /system/media/audio/notifications/Zirconium.ogg since build fingerprint changed
04-06 19:31:35.856  3700  3718 D AlarmScheduler: No events found starting within 1 week.
04-06 19:31:35.865  2859  3793 I MediaScanner: forcing rescan of /system/media/audio/notifications/arcturus.ogg since build fingerprint changed
04-06 19:31:35.895  2859  3793 I MediaScanner: forcing rescan of /system/media/audio/notifications/moonbeam.ogg since build fingerprint changed
04-06 19:31:35.910  2859  3793 I MediaScanner: forcing rescan of /system/media/audio/notifications/pixiedust.ogg since build fingerprint changed
04-06 19:31:35.931  2859  3793 I MediaScanner: forcing rescan of /system/media/audio/notifications/pizzicato.ogg since build fingerprint changed
04-06 19:31:35.959  2859  3793 I MediaScanner: forcing rescan of /system/media/audio/notifications/regulus.ogg since build fingerprint changed
04-06 19:31:35.981  2859  3793 I MediaScanner: forcing rescan of /system/media/audio/notifications/sirius.ogg since build fingerprint changed
04-06 19:31:35.989  2859  3793 I MediaScanner: forcing rescan of /system/media/audio/notifications/tweeters.ogg since build fingerprint changed
04-06 19:31:36.009  2859  3793 I MediaScanner: forcing rescan of /system/media/audio/notifications/vega.ogg since build fingerprint changed
04-06 19:31:36.381  2859  3793 I MediaScanner: forcing rescan of /system/media/audio/ringtones/ANDROMEDA.ogg since build fingerprint changed
04-06 19:31:36.427  2859  3793 W MediaProvider: Missing volume for /system/media/audio/ringtones; assuming invalid
04-06 19:31:36.440  2859  3793 W MediaProvider: Missing volume for /system/media/audio/notifications/Palladium.ogg; assuming invalid
04-06 19:31:36.448  2859  3793 W MediaProvider: Missing volume for /system/media/audio/notifications/Plastic_Pipe.ogg; assuming invalid
04-06 19:31:36.455  2859  3793 W MediaProvider: Missing volume for /system/media/audio/notifications/Polaris.ogg; assuming invalid
04-06 19:31:36.471  2859  3793 W MediaProvider: Missing volume for /system/media/audio/notifications/Pollux.ogg; assuming invalid
04-06 19:31:36.486  1313  1385 E MetadataRetrieverClient: failed to extract an album art
04-06 19:31:36.488  2859  3793 W MediaProvider: Missing volume for /system/media/audio/notifications/Procyon.ogg; assuming invalid
04-06 19:31:36.494  2859  3793 W MediaProvider: Missing volume for /system/media/audio/notifications/Proxima.ogg; assuming invalid
04-06 19:31:36.510  2859  3793 W MediaProvider: Missing volume for /system/media/audio/notifications/Radon.ogg; assuming invalid
04-06 19:31:36.512  3095  3823 I chatty  : uid=10022 com.google.android.googlequicksearchbox:search expire 5 lines
04-06 19:31:36.513  1305  2399 W APM_AudioPolicyManager: getInputForAttr() failed opening input: samplingRate 16000, format 1, channelMask 10
04-06 19:31:36.515  3095  3152 E ActivityThread: Failed to find provider info for com.google.android.apps.gsa.testing.ui.audio.recorded
04-06 19:31:36.535  3095  3821 I chatty  : uid=10022 com.google.android.googlequicksearchbox:search expire 1 line
04-06 19:31:36.543  2859  3793 W MediaProvider: Missing volume for /system/media/audio/notifications/Rubidium.ogg; assuming invalid
04-06 19:31:36.550  2859  3793 W MediaProvider: Missing volume for /system/media/audio/notifications/Selenium.ogg; assuming invalid
04-06 19:31:36.556  2859  3793 W MediaProvider: Missing volume for /system/media/audio/notifications/Shaula.ogg; assuming invalid
04-06 19:31:36.562  2859  3793 W MediaProvider: Missing volume for /system/media/audio/notifications/Sirrah.ogg; assuming invalid
04-06 19:31:36.566  2859  3793 W MediaProvider: Missing volume for /system/media/audio/notifications/SpaceSeed.ogg; assuming invalid
04-06 19:31:36.571  2859  3793 W MediaProvider: Missing volume for /system/media/audio/notifications/Spica.ogg; assuming invalid
04-06 19:31:36.578  2859  3793 W MediaProvider: Missing volume for /system/media/audio/notifications/Strontium.ogg; assuming invalid
