04-06 19:30:44.942  1789  1789 I SystemServer: StartContentService
04-06 19:30:44.953  1789  1789 I SystemServiceManager: Starting com.android.server.content.ContentService$Lifecycle
04-06 19:30:44.955  1789  1789 I SystemServer: InstallSystemProviders
04-06 19:30:45.148  1789  1789 I SettingsState: No settings state /data/system/users/0/settings_system.xml
04-06 19:30:45.152  1789  1789 I SettingsState: No settings state /data/system/users/0/settings_secure.xml
04-06 19:30:45.155  1789  1789 D SettingsProvider: Generated and saved new ANDROID_ID [9f08c40d3ce74a07] for user 0
04-06 19:30:45.157  1789  1789 I SettingsState: No settings state /data/system/users/0/settings_global.xml
04-06 19:30:45.202  1789  1789 I SystemServer: StartVibratorService
04-06 19:30:45.204  1789  1789 I SystemServer: StartConsumerIrService
04-06 19:30:45.205  1789  1789 I SystemServer: StartAlarmManagerService
04-06 19:30:45.205  1789  1789 I SystemServiceManager: Starting com.android.server.AlarmManagerService
04-06 19:30:45.210  1789  1789 I SystemServer: InitWatchdog
04-06 19:30:45.211  1789  1789 I SystemServer: StartInputManagerService
04-06 19:30:45.239  1789  1789 I InputManager: Initializing input manager, mUseDevInputEventForAudioJack=false
04-06 19:30:45.239  1789  1789 I SystemServer: StartWindowManagerService
04-06 19:30:45.333  1789  1880 I WindowManager: No existing display settings /data/system/display_settings.xml; starting empty
04-06 19:30:45.393  1789  1789 I SystemServer: StartVrManagerService
04-06 19:30:45.393  1789  1789 I SystemServiceManager: Starting com.android.server.vr.VrManagerService
04-06 19:30:45.409  1789  1789 I InputManager: Starting input manager
04-06 19:30:45.815  1789  1789 I SystemServer: No Bluetooth Service (emulator)
04-06 19:30:45.815  1789  1789 I SystemServer: ConnectivityMetricsLoggerService
04-06 19:30:45.815  1789  1789 I SystemServiceManager: Starting com.android.server.connectivity.MetricsLoggerService
04-06 19:30:45.838  1789  1789 I SystemServer: IpConnectivityMetrics
04-06 19:30:45.839  1789  1789 I SystemServiceManager: Starting com.android.server.connectivity.IpConnectivityMetrics
04-06 19:30:45.840  1789  1789 I SystemServer: PinnerService
04-06 19:30:45.840  1789  1789 I SystemServiceManager: Starting com.android.server.PinnerService
04-06 19:30:45.843  1789  1789 I SystemServiceManager: Starting com.android.server.InputMethodManagerService$Lifecycle
04-06 19:30:46.031  1789  1789 W InputMethodManagerService: No IME selected. Choose the most applicable IME.
04-06 19:30:46.033  1789  1789 I InputMethodManagerService: Default found, using com.android.inputmethod.latin/.LatinIME
04-06 19:30:46.038  1789  1789 I SystemServer: StartAccessibilityManagerService
04-06 19:30:46.092  1789  1789 I ActivityManager: Config changes=1df8 {1.0 ?mcc?mnc [en_US] ldltr sw411dp w411dp h731dp 560dpi nrml long port ?uimode ?night -touch qwerty/v/v -nav/h s.2}
04-06 19:30:46.102  1789  1859 I UsageStatsDatabase: Upgrading from version 0 to 3
04-06 19:30:46.102  1789  1859 I UsageStatsDatabase: Deleting all usage stats files
04-06 19:30:46.109  1789  1859 I UsageStatsService: User[0] Rollover scheduled @ 2017-04-08 02:30:46(1491618646093)
04-06 19:30:46.111  1789  1859 D UsageStatsService: Initializing defaults for system apps on user 0
04-06 19:30:46.111  1789  1789 I ActivityManager: Config changes=508 {1.0 ?mcc?mnc [en_US] ldltr sw411dp w411dp h659dp 560dpi nrml port ?uimode ?night finger qwerty/v/v -nav/h s.3}
04-06 19:30:46.117  1789  1859 E AppIdleHistory: Unable to read app idle file for user 0
04-06 19:30:46.142  1789  1789 I SystemServiceManager: Starting com.android.server.MountService$Lifecycle
04-06 19:30:46.183  1789  1789 I SystemServiceManager: Starting com.android.server.UiModeManagerService
04-06 19:30:46.184  1789  2340 D MountService: Thinking about init, mSystemReady=false, mDaemonConnected=true
04-06 19:30:46.184  1789  2340 D MountService: Thinking about reset, mSystemReady=false, mDaemonConnected=true
04-06 19:30:46.186  1789  1789 I ActivityManager: Config changes=200 {1.0 ?mcc?mnc [en_US] ldltr sw411dp w411dp h659dp 560dpi nrml port finger qwerty/v/v -nav/h s.4}
04-06 19:30:46.187  1789  2340 D MountService: Thinking about init, mSystemReady=false, mDaemonConnected=true
04-06 19:30:46.187  1789  2340 D MountService: Thinking about reset, mSystemReady=false, mDaemonConnected=true
04-06 19:30:46.188  1789  2340 D CryptdConnector: SND -> {1 cryptfs getfield SystemLocale}
04-06 19:30:46.192  1789  2342 D CryptdConnector: RCV <- {200 1 -1}
04-06 19:30:46.199  1789  2340 W MountService: No primary storage mounted!
04-06 19:30:46.199  1789  2340 D VoldConnector: SND -> {1 asec list}
04-06 19:30:46.200  1789  2341 D VoldConnector: RCV <- {200 1 asec operation succeeded}
04-06 19:30:46.201  1789  2340 W PackageManager: Unknown permission com.google.android.launcher.permission.CONTENT_REDIRECT in package com.google.android.googlequicksearchbox
04-06 19:30:46.201  1789  2340 W PackageManager: Unknown permission com.google.android.voicesearch.SHORTCUTS_ACCESS in package com.google.android.googlequicksearchbox
04-06 19:30:46.201  1789  2340 W PackageManager: Unknown permission com.google.android.voicesearch.ACCESS_SETTINGS in package com.google.android.googlequicksearchbox
04-06 19:30:46.201  1789  2340 W PackageManager: Unknown permission com.android.browser.permission.PRELOAD in package com.google.android.googlequicksearchbox
04-06 19:30:46.201  1789  2340 W PackageManager: Unknown permission com.google.android.ears.permission.WRITE in package com.google.android.googlequicksearchbox
04-06 19:30:46.201  1789  2340 W PackageManager: Unknown permission com.google.android.apps.googlevoice.permission.AUTO_SEND in package com.google.android.googlequicksearchbox
04-06 19:30:46.201  1789  2340 W PackageManager: Unknown permission com.google.android.gm.permission.AUTO_SEND in package com.google.android.googlequicksearchbox
04-06 19:30:46.201  1789  2340 W PackageManager: Unknown permission com.google.android.gm.permission.READ_GMAIL in package com.google.android.googlequicksearchbox
04-06 19:30:46.201  1789  2340 W PackageManager: Unknown permission com.google.android.hangouts.START_HANGOUT in package com.google.android.googlequicksearchbox
04-06 19:30:46.201  1789  2340 W PackageManager: Unknown permission com.android.chrome.PRERENDER_URL in package com.google.android.googlequicksearchbox
04-06 19:30:46.202  1789  2340 W PackageManager: Not granting permission com.google.android.googleapps.permission.GOOGLE_AUTH to package com.android.providers.calendar (protectionLevel=2 flags=0x30883e45)
04-06 19:30:46.202  1789  2340 W PackageManager: Not granting permission com.google.android.googleapps.permission.GOOGLE_AUTH.cl to package com.android.providers.calendar (protectionLevel=2 flags=0x30883e45)
04-06 19:30:46.205  1789  2340 W PackageManager: Not granting permission com.google.android.googleapps.permission.GOOGLE_AUTH.mail to package com.android.calendar (protectionLevel=2 flags=0x3089be45)
04-06 19:30:46.205  1789  2340 W PackageManager: Not granting permission android.permission.INTERACT_ACROSS_USERS to package com.google.android.syncadapters.contacts (protectionLevel=50 flags=0x38883e45)
04-06 19:30:46.205  1789  2340 W PackageManager: Unknown permission com.google.android.syncadapters.contacts.permission.GAL_SEARCH in package com.google.android.syncadapters.contacts
04-06 19:30:46.205  1789  2340 W PackageManager: Unknown permission com.chrome.permission.DEVICE_EXTRAS in package com.android.chrome
04-06 19:30:46.205  1789  2340 W PackageManager: Unknown permission com.sec.enterprise.knox.MDM_CONTENT_PROVIDER in package com.android.chrome
04-06 19:30:46.206  1789  2340 W PackageManager: Unknown permission com.google.android.apps.enterprise.dmagent.permission.AutoSyncPermission in package com.google.android.gms
04-06 19:30:46.206  1789  2340 W PackageManager: Unknown permission com.google.android.hangouts.START_HANGOUT in package com.google.android.gms
04-06 19:30:46.206  1789  2340 W PackageManager: Unknown permission com.google.android.wearable.READ_SETTINGS in package com.google.android.gms
04-06 19:30:46.206  1789  2340 W PackageManager: Unknown permission com.android.vending.setup.PLAY_SETUP_SERVICE in package com.google.android.gms
04-06 19:30:46.206  1789  2340 W PackageManager: Unknown permission com.google.android.vending.verifier.ACCESS_VERIFIER in package com.google.android.gms
04-06 19:30:46.206  1789  2340 W PackageManager: Unknown permission com.google.android.gm.permission.READ_GMAIL in package com.google.android.gms
04-06 19:30:46.206  1789  2340 W PackageManager: Unknown permission com.google.android.permission.INSTALL_WEARABLE_PACKAGES in package com.android.packageinstaller
04-06 19:30:46.206  1789  2340 W PackageManager: Unknown permission com.android.launcher.permission.READ_SETTINGS in package com.google.android.apps.nexuslauncher
04-06 19:30:46.207  1789  2340 W PackageManager: Not granting permission android.permission.DELETE_PACKAGES to package com.svox.pico (protectionLevel=18 flags=0x3888be45)
04-06 19:30:46.207  1789  2340 W PackageManager: Not granting permission android.permission.READ_CONTACTS to package com.example.android.apis because it was previously installed without
04-06 19:30:46.207  1789  2340 W PackageManager: Not granting permission android.permission.WRITE_CONTACTS to package com.example.android.apis because it was previously installed without
04-06 19:30:46.207  1789  2340 W PackageManager: Not granting permission android.permission.ACCESS_COARSE_LOCATION to package com.example.android.apis because it was previously installed without
04-06 19:30:46.207  1789  2340 W PackageManager: Not granting permission android.permission.WRITE_EXTERNAL_STORAGE to package com.example.android.apis because it was previously installed without
04-06 19:30:46.207  1789  2340 W PackageManager: Not granting permission android.permission.SEND_SMS to package com.example.android.apis because it was previously installed without
04-06 19:30:46.207  1789  2340 W PackageManager: Not granting permission android.permission.RECEIVE_SMS to package com.example.android.apis because it was previously installed without
04-06 19:30:46.207  1789  2340 W PackageManager: Not granting permission android.permission.RECEIVE_MMS to package com.example.android.apis because it was previously installed without
04-06 19:30:46.207  1789  2340 W PackageManager: Not granting permission android.permission.READ_SMS to package com.example.android.apis because it was previously installed without
04-06 19:30:46.207  1789  2340 W PackageManager: Not granting permission android.permission.READ_PHONE_STATE to package com.example.android.apis because it was previously installed without
04-06 19:30:46.207  1789  2340 W PackageManager: Not granting permission android.permission.RECORD_AUDIO to package com.example.android.apis because it was previously installed without
04-06 19:30:46.207  1789  2340 W PackageManager: Not granting permission android.permission.CAMERA to package com.example.android.apis because it was previously installed without
04-06 19:30:46.207  1789  2340 W PackageManager: Not granting permission android.permission.READ_EXTERNAL_STORAGE to package com.example.android.apis because it was previously installed without
04-06 19:30:46.207  1789  2340 W PackageManager: Unknown permission android.permission.RUN_INSTRUMENTATION in package org.chromium.webview_shell
04-06 19:30:46.208  1789  2340 W PackageManager: Not granting permission android.permission.CONTROL_KEYGUARD to package com.google.android.gsf.login (protectionLevel=2 flags=0x30c8be45)
04-06 19:30:46.208  1789  2340 W PackageManager: Unknown permission com.android.vending.billing.BILLING_ACCOUNT_SERVICE in package com.google.android.gsf.login
04-06 19:30:46.208  1789  2340 W PackageManager: Unknown permission com.android.vending.billing.ADD_CREDIT_CARD in package com.google.android.gsf.login
04-06 19:30:46.208  1789  2340 W PackageManager: Unknown permission com.android.vending.billing.IBillingAccountService.BIND2 in package com.google.android.gsf.login
04-06 19:30:46.208  1789  2340 W PackageManager: Unknown permission com.android.vending.TOS_ACKED in package com.google.android.gsf.login
04-06 19:30:46.208  1789  2340 W PackageManager: Unknown permission com.android.launcher.permission.READ_SETTINGS in package com.android.settings
04-06 19:30:46.208  1789  2340 W PackageManager: Unknown permission com.android.launcher.permission.WRITE_SETTINGS in package com.android.settings
04-06 19:30:46.208  1789  2340 W PackageManager: Unknown permission com.android.smspush.WAPPUSH_MANAGER_BIND in package com.android.phone
04-06 19:30:46.209  1789  2340 W PackageManager: Not granting permission android.permission.BIND_APPWIDGET to package com.android.widgetpreview (protectionLevel=18 flags=0x1808be44)
04-06 19:30:46.267  1789  2340 W MountService: No primary storage mounted!
04-06 19:30:46.267  1789  2340 D VoldConnector: SND -> {2 asec list}
04-06 19:30:46.271  1789  2341 D VoldConnector: RCV <- {200 2 asec operation succeeded}
--------- beginning of main
04-06 19:30:48.636  2356  2356 W dex2oat : /system/bin/dex2oat --zip-fd=6 --zip-location=ApiDemos.apk --oat-fd=7 --oat-location=/data/app/ApiDemos/oat/x86/ApiDemos.odex --instruction-set=x86 --instruction-set-variant=x86 --instruction-set-features=default --runtime-arg -Xms64m --runtime-arg -Xmx512m --compiler-filter=interpret-only --swap-fd=9
04-06 19:30:48.636  2356  2356 I dex2oat : /system/bin/dex2oat --compiler-filter=interpret-only
04-06 19:30:48.637  2356  2356 E cutils-trace: Error opening trace file: Permission denied (13)
04-06 19:30:50.050  2356  2356 I dex2oat : dex2oat took 1.414s (threads: 2) arena alloc=2016B (2016B) java alloc=5MB (5247328B) native alloc=3MB (3782936B) free=1937KB (1984232B)
04-06 19:30:50.315  2363  2363 W dex2oat : Unexpected CPU variant for X86 using defaults: x86
04-06 19:30:50.315  2363  2363 W dex2oat : Mismatch between dex2oat instruction set features (ISA: X86 Feature string: smp,-ssse3,-sse4.1,-sse4.2,-avx,-avx2,-lock_add,-popcnt) and those of dex2oat executable (ISA: X86 Feature string: smp,ssse3,-sse4.1,-sse4.2,-avx,-avx2,-lock_add,-popcnt) for the command line:
04-06 19:30:50.315  2363  2363 W dex2oat : /system/bin/dex2oat --zip-fd=6 --zip-location=GestureBuilder.apk --oat-fd=7 --oat-location=/data/app/GestureBuilder/oat/x86/GestureBuilder.odex --instruction-set=x86 --instruction-set-variant=x86 --instruction-set-features=default --runtime-arg -Xms64m --runtime-arg -Xmx512m --compiler-filter=interpret-only --swap-fd=9
04-06 19:30:50.316  2363  2363 I dex2oat : /system/bin/dex2oat --compiler-filter=interpret-only
04-06 19:30:50.316  2363  2363 E cutils-trace: Error opening trace file: Permission denied (13)
04-06 19:30:50.540  2363  2363 I dex2oat : dex2oat took 225.665ms (threads: 2) arena alloc=1576B (1576B) java alloc=120KB (123112B) native alloc=913KB (935392B) free=1134KB (1161760B)
04-06 19:30:50.756  2368  2368 W dex2oat : Unexpected CPU variant for X86 using defaults: x86
04-06 19:30:50.760  2368  2368 W dex2oat : Mismatch between dex2oat instruction set features (ISA: X86 Feature string: smp,-ssse3,-sse4.1,-sse4.2,-avx,-avx2,-lock_add,-popcnt) and those of dex2oat executable (ISA: X86 Feature string: smp,ssse3,-sse4.1,-sse4.2,-avx,-avx2,-lock_add,-popcnt) for the command line:
04-06 19:30:50.760  2368  2368 W dex2oat : /system/bin/dex2oat --zip-fd=6 --zip-location=SmokeTest.apk --oat-fd=7 --oat-location=/data/app/SmokeTest/oat/x86/SmokeTest.odex --instruction-set=x86 --instruction-set-variant=x86 --instruction-set-features=default --runtime-arg -Xms64m --runtime-arg -Xmx512m --compiler-filter=interpret-only --swap-fd=9 --runtime-arg -classpath --runtime-arg /system/framework/android.test.runner.jar
04-06 19:30:50.760  2368  2368 I dex2oat : /system/bin/dex2oat --compiler-filter=interpret-only
04-06 19:30:50.761  2368  2368 E cutils-trace: Error opening trace file: Permission denied (13)
04-06 19:30:50.908  2368  2368 I dex2oat : dex2oat took 152.455ms (threads: 2) arena alloc=5KB (5176B) java alloc=89KB (91672B) native alloc=881KB (902584B) free=1166KB (1194568B)
04-06 19:30:50.941  2371  2371 W dex2oat : Unexpected CPU variant for X86 using defaults: x86
04-06 19:30:50.941  2371  2371 W dex2oat : Mismatch between dex2oat instruction set features (ISA: X86 Feature string: smp,-ssse3,-sse4.1,-sse4.2,-avx,-avx2,-lock_add,-popcnt) and those of dex2oat executable (ISA: X86 Feature string: smp,ssse3,-sse4.1,-sse4.2,-avx,-avx2,-lock_add,-popcnt) for the command line:
04-06 19:30:50.941  2371  2371 W dex2oat : /system/bin/dex2oat --zip-fd=6 --zip-location=SoftKeyboard.apk --oat-fd=7 --oat-location=/data/app/SoftKeyboard/oat/x86/SoftKeyboard.odex --instruction-set=x86 --instruction-set-variant=x86 --instruction-set-features=default --runtime-arg -Xms64m --runtime-arg -Xmx512m --compiler-filter=interpret-only --swap-fd=9
04-06 19:30:50.942  2371  2371 I dex2oat : /system/bin/dex2oat --compiler-filter=interpret-only
04-06 19:30:50.942  2371  2371 E cutils-trace: Error opening trace file: Permission denied (13)
04-06 19:30:51.049  2371  2371 I dex2oat : dex2oat took 108.976ms (threads: 2) arena alloc=2272B (2272B) java alloc=165KB (169360B) native alloc=1079KB (1105816B) free=968KB (991336B)
04-06 19:30:51.143  2374  2374 W dex2oat : Unexpected CPU variant for X86 using defaults: x86
04-06 19:30:51.143  2374  2374 W dex2oat : Mismatch between dex2oat instruction set features (ISA: X86 Feature string: smp,-ssse3,-sse4.1,-sse4.2,-avx,-avx2,-lock_add,-popcnt) and those of dex2oat executable (ISA: X86 Feature string: smp,ssse3,-sse4.1,-sse4.2,-avx,-avx2,-lock_add,-popcnt) for the command line:
04-06 19:30:51.143  2374  2374 W dex2oat : /system/bin/dex2oat --zip-fd=6 --zip-location=WidgetPreview.apk --oat-fd=7 --oat-location=/data/app/WidgetPreview/oat/x86/WidgetPreview.odex --instruction-set=x86 --instruction-set-variant=x86 --instruction-set-features=default --runtime-arg -Xms64m --runtime-arg -Xmx512m --compiler-filter=interpret-only --swap-fd=9
04-06 19:30:51.143  2374  2374 I dex2oat : /system/bin/dex2oat --compiler-filter=interpret-only
04-06 19:30:51.144  2374  2374 E cutils-trace: Error opening trace file: Permission denied (13)
04-06 19:30:51.239  2374  2374 I dex2oat : dex2oat took 97.056ms (threads: 2) arena alloc=1016B (1016B) java alloc=66KB (67616B) native alloc=886KB (907600B) free=1161KB (1189552B)
04-06 19:30:51.243  1789  1789 W PackageManager: No disk maintenance in 1491532251243; running immediately
04-06 19:30:51.243  1789  1789 I SystemServer: StartLockSettingsService
04-06 19:30:51.243  1789  1789 I SystemServiceManager: Starting com.android.server.LockSettingsService$Lifecycle
04-06 19:30:51.245  1789  2340 I MountService: Running fstrim idle maintenance
04-06 19:30:51.246  1789  2340 D VoldConnector: SND -> {3 fstrim dotrim}
04-06 19:30:51.247  1789  2341 D VoldConnector: RCV <- {200 3 Command succeeded}
04-06 19:30:51.247  1249  2377 D vold    : Starting trim of /cache
04-06 19:30:51.247  1249  2377 W vold    : Trim failed on /cache: Operation not supported on transport endpoint
04-06 19:30:51.247  1789  2341 D VoldConnector: RCV <- {662 /cache -1 -1}
04-06 19:30:51.248  1249  2377 D vold    : Starting trim of /data
04-06 19:30:51.248  1249  2377 W vold    : Trim failed on /data: Operation not supported on transport endpoint
04-06 19:30:51.248  1789  2341 D VoldConnector: RCV <- {662 /data -1 -1}
04-06 19:30:51.251  1789  1878 E VoldConnector: Error handling '662 /cache -1 -1': java.lang.NullPointerException: Attempt to invoke virtual method 'void android.os.DropBoxManager.addText(java.lang.String, java.lang.String)' on a null object reference
04-06 19:30:51.252  1789  1878 E VoldConnector: Error handling '662 /data -1 -1': java.lang.NullPointerException: Attempt to invoke virtual method 'void android.os.DropBoxManager.addText(java.lang.String, java.lang.String)' on a null object reference
04-06 19:30:51.303  1789  1789 I SystemServiceManager: Starting com.android.server.DeviceIdleController
04-06 19:30:51.308  1789  1789 I SystemServiceManager: Starting com.android.server.devicepolicy.DevicePolicyManagerService$Lifecycle
04-06 19:30:51.391  1789  1789 I SystemServer: StartStatusBarManagerService
04-06 19:30:51.396  1789  1789 I SystemServer: StartClipboardService
04-06 19:30:51.400  1789  1789 I SystemServer: StartNetworkManagementService
04-06 19:30:51.409  1789  2381 I NetworkManagement: onDaemonConnected()
04-06 19:30:51.413  1789  1789 I SystemServiceManager: Starting com.android.server.TextServicesManagerService$Lifecycle
04-06 19:30:51.420  1789  1789 I SystemServer: StartNetworkScoreService
04-06 19:30:51.424  1789  1789 I SystemServer: StartNetworkStatsService
04-06 19:30:51.562  1789  1789 I SystemServer: StartNetworkPolicyManagerService
04-06 19:30:51.575  1789  1789 I SystemServer: No Wi-Fi NAN Service (NAN support Not Present)
04-06 19:30:51.669  1789  1799 I chatty  : uid=1000(system) HeapTaskDaemon expire 3 lines
04-06 19:30:51.676  1789  1789 I SystemServiceManager: Starting com.android.server.wifi.p2p.WifiP2pService
04-06 19:30:51.779  1789  1789 I SystemServiceManager: Starting com.android.server.wifi.WifiService
04-06 19:30:51.963  1789  2387 I chatty  : uid=1000(system) IpManager.wlan0 expire 1 line
04-06 19:30:51.964  1314  1593 D CommandListener: Clearing all IP addresses on wlan0
04-06 19:30:51.966  1789  1789 I chatty  : uid=1000 system_server expire 58 lines
04-06 19:30:51.978  1789  1789 I SystemServiceManager: Starting com.android.server.wifi.scanner.WifiScanningService
04-06 19:30:51.983  1789  1789 I SystemServiceManager: Starting com.android.server.wifi.RttService
04-06 19:30:51.987  1789  1789 I SystemServer: StartConnectivityService
04-06 19:30:51.993  1789  1789 D ConnectivityService: ConnectivityService starting up
04-06 19:30:51.996  1789  1789 D ConnectivityService: wifiOnly=false
04-06 19:30:52.007  1789  1789 I SystemServer: StartNsdService
04-06 19:30:52.012  1789  1789 I SystemServer: StartUpdateLockService
04-06 19:30:52.013  1789  1789 I SystemServiceManager: Starting com.android.server.RecoverySystemService
04-06 19:30:52.016  1789  1789 I SystemServiceManager: Starting com.android.server.notification.NotificationManagerService
04-06 19:30:52.064  1789  1789 D ConditionProviders.SCP: new ScheduleConditionProvider()
04-06 19:30:52.073  1789  1789 D ZenLog  : set_zen_mode: off,init
04-06 19:30:52.076  1789  1789 I SystemServiceManager: Starting com.android.server.storage.DeviceStorageMonitorService
04-06 19:30:52.078  1789  1789 I SystemServer: StartLocationManagerService
04-06 19:30:52.095  1789  1789 I SystemServer: StartCountryDetectorService
04-06 19:30:52.096  1789  1789 I SystemServer: StartSearchManagerService
04-06 19:30:52.096  1789  1789 I SystemServiceManager: Starting com.android.server.search.SearchManagerService$Lifecycle
04-06 19:30:52.097  1789  1789 I SystemServiceManager: Starting com.android.server.DropBoxManagerService
04-06 19:30:52.099  1789  1789 I SystemServer: StartWallpaperManagerService
04-06 19:30:52.099  1789  1789 I SystemServiceManager: Starting com.android.server.wallpaper.WallpaperManagerService$Lifecycle
04-06 19:30:52.104  1789  1789 E WallpaperManagerService: Invalid wallpaper data
04-06 19:30:52.104  1789  1789 E WallpaperManagerService: Unable to apply new wallpaper
04-06 19:30:52.105  1789  1789 W WallpaperManagerService: no current wallpaper -- first boot?
04-06 19:30:52.106  1789  1789 I SystemServer: StartAudioService
04-06 19:30:52.107  1789  1789 I SystemServiceManager: Starting com.android.server.audio.AudioService$Lifecycle
04-06 19:30:52.117  1305  1390 D PermissionCache: checking android.permission.MODIFY_AUDIO_SETTINGS for uid=1000 => granted (424 us)
04-06 19:30:52.137  1305  1386 W AudioFlinger: no wake lock to update, system not ready yet
04-06 19:30:52.144  1789  1789 I SystemServiceManager: Starting com.android.server.DockObserver
04-06 19:30:52.145  1789  1789 W DockObserver: This kernel does not have dock station support
04-06 19:30:52.147  1789  1789 I SystemServer: StartWiredAccessoryManager
04-06 19:30:52.148  1789  1789 W WiredAccessoryManager: This kernel does not have wired headset support
04-06 19:30:52.148  1789  1789 W WiredAccessoryManager: This kernel does not have usb audio support
04-06 19:30:52.148  1789  1789 W WiredAccessoryManager: This kernel does not have HDMI audio support
04-06 19:30:52.148  1789  1789 I SystemServiceManager: Starting com.android.server.midi.MidiService$Lifecycle
04-06 19:30:52.151  1789  1789 I SystemServiceManager: Starting com.android.server.usb.UsbService$Lifecycle
04-06 19:30:52.168  1789  2386 I chatty  : uid=1000(system) WifiStateMachin expire 3 lines
04-06 19:30:52.176  1789  1789 I SystemServer: StartSerialService
04-06 19:30:52.178  1789  1789 I SystemServiceManager: Starting com.android.server.twilight.TwilightService
04-06 19:30:52.179  1789  1789 I SystemServiceManager: Starting com.android.server.job.JobSchedulerService
04-06 19:30:52.189  1789  1789 I SystemServiceManager: Starting com.android.server.soundtrigger.SoundTriggerService
04-06 19:30:52.192  1789  1789 I SystemServiceManager: Starting com.android.server.backup.BackupManagerService$Lifecycle
04-06 19:30:52.196  1789  1789 I SystemServiceManager: Starting com.android.server.appwidget.AppWidgetService
04-06 19:30:52.220  1789  1789 I SystemServiceManager: Starting com.android.server.voiceinteraction.VoiceInteractionManagerService
04-06 19:30:52.222  1789  1789 I SystemServer: Gesture Launcher Service
04-06 19:30:52.222  1789  1789 I SystemServiceManager: Starting com.android.server.GestureLauncherService
04-06 19:30:52.223  1789  1789 I SystemServiceManager: Starting com.android.server.SensorNotificationService
04-06 19:30:52.223  1789  1789 I SystemServiceManager: Starting com.android.server.ContextHubSystemService
04-06 19:30:52.236  1789  1789 I SystemServer: StartDiskStatsService
04-06 19:30:52.236  1789  1789 I SystemServer: StartSamplingProfilerService
04-06 19:30:52.255  1789  1789 I SystemServer: StartNetworkTimeUpdateService
04-06 19:30:52.257  1789  1789 I SystemServer: StartCommonTimeManagementService
04-06 19:30:52.258  1789  1789 I SystemServer: CertBlacklister
04-06 19:30:52.260  1789  1789 I SystemServiceManager: Starting com.android.server.emergency.EmergencyAffordanceService
04-06 19:30:52.263  1789  1789 I SystemServiceManager: Starting com.android.server.dreams.DreamManagerService
04-06 19:30:52.266  1789  1789 I SystemServer: StartAssetAtlasService
04-06 19:30:52.270  1789  2401 I chatty  : uid=1000 system_server expire 5 lines
04-06 19:30:52.272  1789  1789 I SystemServiceManager: Starting com.android.server.print.PrintManagerService
04-06 19:30:52.273  1789  2403 I chatty  : uid=1000 system_server expire 1 line
04-06 19:30:52.279  1789  2402 I chatty  : uid=1000 system_server expire 1 line
04-06 19:30:52.298  1789  1789 I SystemServiceManager: Starting com.android.server.restrictions.RestrictionsManagerService
04-06 19:30:52.300  1789  1789 I SystemServiceManager: Starting com.android.server.media.MediaSessionService
04-06 19:30:52.306  1789  1789 I SystemServer: StartMediaRouterService
04-06 19:30:52.327  1789  1789 I SystemServiceManager: Starting com.android.server.trust.TrustManagerService
04-06 19:30:52.333  1789  1789 I SystemServiceManager: Starting com.android.server.fingerprint.FingerprintService
04-06 19:30:52.337  1299  1392 D gralloc_ranchu: gralloc_alloc: format 1 and usage 0x100 imply creation of host color buffer
04-06 19:30:52.337  1316  1316 D PermissionCache: checking android.permission.MANAGE_FINGERPRINT for uid=1000 => granted (329 us)
04-06 19:30:52.338  1316  1316 V fingerprintd: nativeOpenHal()
04-06 19:30:52.341  1316  1316 D FingerprintHal: ----------------> fingerprint_open ----------------->
04-06 19:30:52.341  1316  1316 E fingerprintd: Wrong fp version. Expected 512, got 513
04-06 19:30:52.341  1316  1316 D FingerprintHal: ----------------> set_notify_callback ----------------->
04-06 19:30:52.341  1316  1316 D FingerprintHal: fingerprint callback notification set
04-06 19:30:52.341  1316  1316 V fingerprintd: fingerprint HAL successfully initialized
04-06 19:30:52.350  1316  1316 V fingerprintd: setActiveGroup(0, /data/system/users/0/fpdata, 27)
04-06 19:30:52.350  1316  1316 D FingerprintHal: ----------------> fingerprint_set_active_group -----------------> path /data/system/users/0/fpdata
04-06 19:30:52.350  1316  1316 D FingerprintHal: ----------------> loadFingerprints ----------------->
04-06 19:30:52.350  1316  1316 E FingerprintHal: Could not load fingerprints from storage at /data/system/users/0/fpdata/emufp.bin; it has not yet been created.
04-06 19:30:52.350  1316  2404 D FingerprintHal: ----------------> listenerFunction ----------------->
04-06 19:30:52.351  1316  1316 D FingerprintHal: ----------------> loadAuthenticatorId ----------------->
04-06 19:30:52.351  1316  1316 E FingerprintHal: Could not load authenticator id from storage at /data/system/users/0/fpdata/emuauthid.bin; it has not yet been created.
04-06 19:30:52.351  1316  1316 D FingerprintHal: ----------------> get_64bit_rand ----------------->
04-06 19:30:52.351  1316  1316 D FingerprintHal: ----------------> saveAuthenticatorId ----------------->
04-06 19:30:52.352  1316  1316 D FingerprintHal: Save authenticator id (0x6b8b4567327b23c6)
04-06 19:30:52.353  1316  1316 D FingerprintHal: ----------------> fingerprint_get_auth_id ----------------->
04-06 19:30:52.353  1316  1316 D FingerprintHal: ----------------> fingerprint_get_auth_id auth id 6b8b4567327b23c6----------------->
04-06 19:30:52.354  1789  1789 V FingerprintService: Fingerprint HAL id: 3034791936
04-06 19:30:52.355  1789  1789 I SystemServer: StartBackgroundDexOptService
04-06 19:30:52.362  1789  1789 I SystemServiceManager: Starting com.android.server.pm.ShortcutService$Lifecycle
04-06 19:30:52.387  1789  1789 I SystemServiceManager: Starting com.android.server.pm.LauncherAppsService
04-06 19:30:52.388  1789  1789 I SystemServiceManager: Starting com.android.server.media.projection.MediaProjectionManagerService
04-06 19:30:52.465  1299  1394 D         : HostConnection::get() New Host Connection established 0xb5d1bd80, tid 1394
04-06 19:30:52.469  1789  1789 I SystemServiceManager: Starting com.android.server.MmsServiceBroker
04-06 19:30:52.472  1789  1789 I SystemServiceManager: Starting com.android.server.retaildemo.RetailDemoModeService
04-06 19:30:52.473  1789  2405 I ServiceThread: Enabled StrictMode logging for RetailDemoModeService looper.
04-06 19:30:52.502  1789  1789 I LockSettingsService: Migrated lock settings to new location
04-06 19:30:52.521  1789  1789 I LockSettingsService: Migrated per-user lock settings to new location
04-06 19:30:52.529  1789  1789 I LockSettingsService: Migrated biometric weak to use the fallback instead
04-06 19:30:52.542  1789  1789 I LockSettingsService: Migrated lockscreen disabled flag
04-06 19:30:52.548  1789  1789 E LockSettingsStorage: Cannot read file java.io.FileNotFoundException: /data/system/gatekeeper.password.key: open failed: ENOENT (No such file or directory)
04-06 19:30:52.548  1789  1789 E LockSettingsStorage: Cannot read file java.io.FileNotFoundException: /data/system/password.key: open failed: ENOENT (No such file or directory)
04-06 19:30:52.549  1789  1789 E LockSettingsStorage: Cannot read file java.io.FileNotFoundException: /data/system/gatekeeper.pattern.key: open failed: ENOENT (No such file or directory)
04-06 19:30:52.549  1789  1789 E LockSettingsStorage: Cannot read file java.io.FileNotFoundException: /data/system/gatekeeper.gesture.key: open failed: ENOENT (No such file or directory)
04-06 19:30:52.549  1789  1789 E LockSettingsStorage: Cannot read file java.io.FileNotFoundException: /data/system/gesture.key: open failed: ENOENT (No such file or directory)
04-06 19:30:52.549  1789  1789 I SystemServiceManager: Starting phase 480
04-06 19:30:52.571  1789  1789 I SystemServiceManager: Starting phase 500
04-06 19:30:52.577  1789  1789 I WifiService: WifiService starting up with Wi-Fi disabled
04-06 19:30:52.582  1789  1789 D ZenLog  : config: cleanUpZenRules,ZenModeConfig[user=0,allowCalls=true,allowRepeatCallers=false,allowMessages=false,allowCallsFrom=contacts,allowMessagesFrom=contacts,allowReminders=true,allowEvents=true,allowWhenScreenOff=true,allowWhenScreenOn=true,automaticRules={8033a426ece54947bd54418b0d930a60=ZenRule[enabled=false,snoozing=false,name=Weeknight,zenMode=ZEN_MODE_ALARMS,conditionId=condition://android/schedule?days=1.2.3.4.5&start=22.0&end=7.0&exitAtAlarm=false,condition=null,component=ComponentInfo{android/com.android.server.notification.ScheduleConditionProvider},id=8033a426ece54947bd54418b0d930a60,creationTime=1491532252062,enabler=null], 69a5a20e471b494cb1680756a80395fa=ZenRule[enabled=false,snoozing=false,name=Weekend,zenMode=ZEN_MODE_ALARMS,conditionId=condition://android/schedule?days=6.7&start=23.30&end=10.0&exitAtAlarm=false,condition=null,component=ComponentInfo{android/com.android.server.notification.ScheduleConditionProvider},id=69a5a20e471b494cb1680756a80395fa,creationTime=1491532252062,enabler=null], 420d86f6c00e4622814ad4b0601b7787=ZenRule[enabled=false,snoozing=false,name=Event,zenMode=ZEN_MODE_ALARMS,conditionId=condition://android/event?userId=-10000&calendar=&reply=1,condition=null,component=ComponentInfo{android/com.android.server.notification.EventConditionProvider},id=420d86f6c00e4622814ad4b0601b7787,creationTime=1491532252062,enabler=null]},manualRule=null],Diff[]
04-06 19:30:52.583  1789  1789 D ZenLog  : set_zen_mode: off,onSystemReady
04-06 19:30:52.584  1305  1390 D PermissionCache: checking android.permission.CAPTURE_AUDIO_HOTWORD for uid=1000 => granted (117 us)
04-06 19:30:52.584  1789  1789 W SoundTriggerHelper: listModules status=0, # of modules=0
04-06 19:30:52.707  1789  1884 W KeyguardServiceDelegate: onScreenTurningOn(): no keyguard service!
04-06 19:30:52.707  1789  1789 D VoldConnector: SND -> {4 volume remount_uid 1001 none}
04-06 19:30:52.708  1249  1290 D vold    : Remounting 1001 as mode none
04-06 19:30:52.711  1249  1290 D vold    : Found matching PID 1315
04-06 19:30:52.711  1249  1290 W vold    : Skipping due to root namespace
04-06 19:30:52.711  1789  2341 D VoldConnector: RCV <- {200 4 Command succeeded}
04-06 19:30:52.713  1789  1789 D VoldConnector: SND -> {5 volume remount_uid 1001 none}
04-06 19:30:52.714  1249  1290 D vold    : Remounting 1001 as mode none
04-06 19:30:52.716  1249  1290 D vold    : Found matching PID 1315
04-06 19:30:52.721  1249  1290 W vold    : Skipping due to root namespace
04-06 19:30:52.722  1789  2341 D VoldConnector: RCV <- {200 5 Command succeeded}
04-06 19:30:52.729  1789  1789 D VoldConnector: SND -> {6 volume remount_uid 1000 none}
04-06 19:30:52.731  1249  1290 D vold    : Remounting 1000 as mode none
04-06 19:30:52.734  1249  1290 D vold    : Found matching PID 1298
04-06 19:30:52.734  1249  1290 W vold    : Skipping due to root namespace
04-06 19:30:52.734  1249  1290 D vold    : Found matching PID 1299
04-06 19:30:52.734  1249  1290 W vold    : Skipping due to root namespace
04-06 19:30:52.736  1249  1290 D vold    : Found matching PID 1316
04-06 19:30:52.736  1249  1290 W vold    : Skipping due to root namespace
04-06 19:30:52.736  1249  1290 D vold    : Found matching PID 1317
04-06 19:30:52.736  1249  1290 W vold    : Skipping due to root namespace
04-06 19:30:52.736  1249  1290 D vold    : Found matching PID 1789
04-06 19:30:52.737  1299  1392 D gralloc_ranchu: gralloc_alloc: format 1 and usage 0x933 imply creation of host color buffer
04-06 19:30:52.781  1789  2341 D VoldConnector: RCV <- {200 6 Command succeeded}
04-06 19:30:52.786  1789  1789 D VoldConnector: SND -> {7 volume remount_uid 1000 none}
04-06 19:30:52.787  1249  1290 D vold    : Remounting 1000 as mode none
04-06 19:30:52.788  1249  1290 D vold    : Found matching PID 1298
04-06 19:30:52.788  1249  1290 W vold    : Skipping due to root namespace
04-06 19:30:52.788  1249  1290 D vold    : Found matching PID 1299
04-06 19:30:52.788  1249  1290 W vold    : Skipping due to root namespace
04-06 19:30:52.788  1249  1290 D vold    : Found matching PID 1316
04-06 19:30:52.788  1249  1290 W vold    : Skipping due to root namespace
04-06 19:30:52.788  1249  1290 D vold    : Found matching PID 1317
04-06 19:30:52.788  1249  1290 W vold    : Skipping due to root namespace
04-06 19:30:52.788  1249  1290 D vold    : Found matching PID 1789
04-06 19:30:52.811  1789  1861 I chatty  : uid=1000(system) android.ui expire 2 lines
04-06 19:30:52.841  1789  2341 D VoldConnector: RCV <- {200 7 Command succeeded}
04-06 19:30:52.844  1789  1789 D VoldConnector: SND -> {8 volume remount_uid 2000 none}
04-06 19:30:52.846  1249  1290 D vold    : Remounting 2000 as mode none
04-06 19:30:52.846  1249  1290 D vold    : Found matching PID 1302
04-06 19:30:52.846  1249  1290 W vold    : Skipping due to root namespace
04-06 19:30:52.846  1249  1290 D vold    : Found matching PID 1303
04-06 19:30:52.846  1249  1290 W vold    : Skipping due to root namespace
04-06 19:30:52.846  1249  1290 D vold    : Found matching PID 1323
04-06 19:30:52.846  1249  1290 W vold    : Skipping due to root namespace
04-06 19:30:52.847  1789  2341 D VoldConnector: RCV <- {200 8 Command succeeded}
04-06 19:30:52.847  1789  1789 D VoldConnector: SND -> {9 volume remount_uid 2000 none}
04-06 19:30:52.847  1249  1290 D vold    : Remounting 2000 as mode none
04-06 19:30:52.848  1249  1290 D vold    : Found matching PID 1302
04-06 19:30:52.848  1249  1290 W vold    : Skipping due to root namespace
04-06 19:30:52.848  1249  1290 D vold    : Found matching PID 1303
04-06 19:30:52.848  1249  1290 W vold    : Skipping due to root namespace
04-06 19:30:52.848  1249  1290 D vold    : Found matching PID 1323
04-06 19:30:52.848  1249  1290 W vold    : Skipping due to root namespace
04-06 19:30:52.848  1789  2341 D VoldConnector: RCV <- {200 9 Command succeeded}
04-06 19:30:52.849  1789  1789 D VoldConnector: SND -> {10 volume remount_uid 10021 none}
04-06 19:30:52.849  1249  1290 D vold    : Remounting 10021 as mode none
04-06 19:30:52.850  1789  2341 D VoldConnector: RCV <- {200 10 Command succeeded}
04-06 19:30:52.850  1789  1789 D VoldConnector: SND -> {11 volume remount_uid 10021 none}
04-06 19:30:52.850  1249  1290 D vold    : Remounting 10021 as mode none
04-06 19:30:52.851  1789  2341 D VoldConnector: RCV <- {200 11 Command succeeded}
04-06 19:30:52.877  1789  1789 I SyncManager: No initial accounts
04-06 19:30:52.877  1789  1789 I SyncManager: No initial status
04-06 19:30:52.878  1789  1789 I SyncManager: No initial statistics
04-06 19:30:52.915  1789  1789 D VoldConnector: SND -> {12 volume remount_uid 10015 none}
04-06 19:30:52.916  1249  1290 D vold    : Remounting 10015 as mode none
04-06 19:30:52.916  1789  2341 D VoldConnector: RCV <- {200 12 Command succeeded}
04-06 19:30:52.921  1789  1789 D VoldConnector: SND -> {13 volume remount_uid 10044 none}
04-06 19:30:52.921  1249  1290 D vold    : Remounting 10044 as mode none
04-06 19:30:52.922  1789  2341 D VoldConnector: RCV <- {200 13 Command succeeded}
04-06 19:30:52.923  1789  1789 D VoldConnector: SND -> {14 volume remount_uid 10044 none}
04-06 19:30:52.924  1249  1290 D vold    : Remounting 10044 as mode none
04-06 19:30:52.925  1789  2341 D VoldConnector: RCV <- {200 14 Command succeeded}
04-06 19:30:52.929  1789  1789 D VoldConnector: SND -> {15 volume remount_uid 10011 none}
04-06 19:30:52.929  1249  1290 D vold    : Remounting 10011 as mode none
04-06 19:30:52.931  1789  2341 D VoldConnector: RCV <- {200 15 Command succeeded}
04-06 19:30:52.932  1789  1789 D VoldConnector: SND -> {16 volume remount_uid 10011 none}
04-06 19:30:52.933  1249  1290 D vold    : Remounting 10011 as mode none
04-06 19:30:52.933  1789  2341 D VoldConnector: RCV <- {200 16 Command succeeded}
04-06 19:30:52.944  1789  1789 D VoldConnector: SND -> {17 volume remount_uid 10002 none}
04-06 19:30:52.945  1249  1290 D vold    : Remounting 10002 as mode none
04-06 19:30:52.947  1789  2341 D VoldConnector: RCV <- {200 17 Command succeeded}
04-06 19:30:52.949  1789  1789 D VoldConnector: SND -> {18 volume remount_uid 10002 none}
04-06 19:30:52.949  1249  1290 D vold    : Remounting 10002 as mode none
04-06 19:30:52.953  1789  2341 D VoldConnector: RCV <- {200 18 Command succeeded}
04-06 19:30:52.984  1789  1789 D VoldConnector: SND -> {19 volume remount_uid 10012 none}
04-06 19:30:52.985  1249  1290 D vold    : Remounting 10012 as mode none
04-06 19:30:52.986  1789  2341 D VoldConnector: RCV <- {200 19 Command succeeded}
04-06 19:30:52.987  1789  1789 D VoldConnector: SND -> {20 volume remount_uid 10012 none}
04-06 19:30:52.987  1249  1290 D vold    : Remounting 10012 as mode none
04-06 19:30:52.988  1789  2341 D VoldConnector: RCV <- {200 20 Command succeeded}
04-06 19:30:52.989  1789  1789 D VoldConnector: SND -> {21 volume remount_uid 10048 none}
04-06 19:30:52.990  1249  1290 D vold    : Remounting 10048 as mode none
04-06 19:30:52.990  1789  2341 D VoldConnector: RCV <- {200 21 Command succeeded}
04-06 19:30:52.991  1789  1789 D VoldConnector: SND -> {22 volume remount_uid 10048 none}
04-06 19:30:52.992  1249  1290 D vold    : Remounting 10048 as mode none
04-06 19:30:52.993  1789  2341 D VoldConnector: RCV <- {200 22 Command succeeded}
04-06 19:30:52.995  1789  1789 D VoldConnector: SND -> {23 volume remount_uid 10020 none}
04-06 19:30:52.996  1249  1290 D vold    : Remounting 10020 as mode none
04-06 19:30:52.996  1789  2341 D VoldConnector: RCV <- {200 23 Command succeeded}
04-06 19:30:52.998  1789  1789 D VoldConnector: SND -> {24 volume remount_uid 10020 none}
04-06 19:30:52.998  1249  1290 D vold    : Remounting 10020 as mode none
04-06 19:30:52.999  1789  2341 D VoldConnector: RCV <- {200 24 Command succeeded}
04-06 19:30:53.001  1789  1789 V UserManagerService: Found /data/user_de/0 with serial number -1
04-06 19:30:53.001  1789  1789 D UserManagerService: Serial number missing on /data/user_de/0; assuming current is valid
04-06 19:30:53.003  1789  1789 V UserManagerService: Found /data/user/0 with serial number -1
04-06 19:30:53.003  1789  1789 D UserManagerService: Serial number missing on /data/user/0; assuming current is valid
04-06 19:30:53.003  1789  1789 V UserManagerService: Found /data/system_de/0 with serial number -1
04-06 19:30:53.003  1789  1789 D UserManagerService: Serial number missing on /data/system_de/0; assuming current is valid
04-06 19:30:53.010  1789  1789 I ActivityManager: System now ready
04-06 19:30:53.012  1789  1789 I SystemServer: Making services ready
04-06 19:30:53.012  1789  1789 I SystemServiceManager: Starting phase 550
04-06 19:30:53.014  1789  1789 E InputMethodManagerService: Ignoring updateSystemUiLocked due to an invalid token. uid:1000 token:null
04-06 19:30:53.031  1789  1789 W InputMethodManagerService: Reset the default IME as "Resource" is ready here.
04-06 19:30:53.043  1789  1789 I InputMethodManagerService: Default found, using com.android.inputmethod.latin/.LatinIME
04-06 19:30:53.043  1789  1789 W InputMethodManagerService: Illegal subtype state: old subtype = null, new subtype = android.view.inputmethod.InputMethodSubtype@c9194f98
04-06 19:30:53.067  2413  2413 W art     : Unexpected CPU variant for X86 using defaults: x86
04-06 19:30:53.068  1789  1789 I ActivityManager: Start proc 2413:com.android.inputmethod.latin/u0a43 for service com.android.inputmethod.latin/.LatinIME
04-06 19:30:53.068  1789  1789 V InputMethodManagerService: Adding window token: android.os.Binder@efb35de
04-06 19:30:53.070  1789  2340 D MountService: Thinking about init, mSystemReady=true, mDaemonConnected=true
04-06 19:30:53.070  1789  2340 D MountService: Setting up emulation state, initlocked=false
04-06 19:30:53.070  1789  2340 D CryptdConnector: SND -> {2 cryptfs unlock_user_key 0 0 ! !}
04-06 19:30:53.071  1249  1291 D vold    : e4crypt_unlock_user_key 0 serial=0 token_present=0
04-06 19:30:53.071  1249  1291 E vold    : Failed to chmod /data/system_ce/0: No such file or directory
04-06 19:30:53.071  1249  1291 E vold    : Failed to chmod /data/misc_ce/0: No such file or directory
04-06 19:30:53.071  1249  1291 E vold    : Failed to chmod /data/media/0: No such file or directory
04-06 19:30:53.071  1789  2342 D CryptdConnector: RCV <- {200 2 Command succeeded}
04-06 19:30:53.071  1789  2340 D MountService: Thinking about reset, mSystemReady=true, mDaemonConnected=true
04-06 19:30:53.072  1789  2340 D VoldConnector: SND -> {25 volume reset}
04-06 19:30:53.072  1789  1860 I ActivityManager: Force stopping com.android.providers.media appid=10008 user=-1: vold reset
04-06 19:30:53.072  1249  1290 D vold    : Recognized experimental block major ID 253 as virtio-blk (emulator's virtual SD card device)
04-06 19:30:53.072  1249  1290 V vold    : /system/bin/sgdisk
04-06 19:30:53.072  1249  1290 V vold    :     --android-dump
04-06 19:30:53.072  1249  1290 V vold    :     /dev/block/vold/disk:253,48
04-06 19:30:53.072  1789  2341 D VoldConnector: RCV <- {651 emulated 7}
04-06 19:30:53.072  1789  2397 I chatty  : uid=1000(system) AudioService expire 2 lines
04-06 19:30:53.073  1789  2341 D VoldConnector: RCV <- {659 emulated}
04-06 19:30:53.073  1789  2341 D VoldConnector: RCV <- {650 emulated 2 "" ""}
04-06 19:30:53.073  1789  2341 D VoldConnector: RCV <- {651 emulated 0}
04-06 19:30:53.073  1789  2341 D VoldConnector: RCV <- {651 public:253,48 7}
04-06 19:30:53.074  1789  2341 D VoldConnector: RCV <- {659 public:253,48}
04-06 19:30:53.074  1789  2341 D VoldConnector: RCV <- {649 disk:253,48}
04-06 19:30:53.074  1789  2341 D VoldConnector: RCV <- {640 disk:253,48 5}
04-06 19:30:53.074  1789  2341 D VoldConnector: RCV <- {641 disk:253,48 104857600}
04-06 19:30:53.075  1789  2341 D VoldConnector: RCV <- {642 disk:253,48 Virtual}
04-06 19:30:53.076  1789  1878 V MountService: Found primary storage at VolumeInfo{emulated}:
04-06 19:30:53.076  1789  1878 V MountService:     type=EMULATED diskId=null partGuid=null mountFlags=0 mountUserId=-1 
04-06 19:30:53.076  1789  1878 V MountService:     state=UNMOUNTED 
04-06 19:30:53.076  1789  1878 V MountService:     fsType=null fsUuid=null fsLabel=null 
04-06 19:30:53.076  1789  1878 V MountService:     path=null internalPath=null 
04-06 19:30:53.077  1305  1305 I AudioFlinger: systemReady
04-06 19:30:53.077  1789  1789 D UsbAlsaManager: Adding ALSA device AlsaDevice: [card: 0, device: 0, type: 1]
04-06 19:30:53.077  1789  1789 D UsbAlsaManager: Adding ALSA device AlsaDevice: [card: 0, device: 0, type: 2]
04-06 19:30:53.077  1789  2341 D VoldConnector: RCV <- {644 disk:253,48 /sys//devices/pci0000:00/0000:00:06.0/virtio3/block/vdd}
04-06 19:30:53.079  1789  1789 I SystemServer: WebViewFactory preparation
04-06 19:30:53.086  1249  1290 V vold    : DISK mbr
04-06 19:30:53.086  1249  1290 V vold    : 
04-06 19:30:53.086  1249  1290 W vold    : disk:253,48 has unknown partition table; trying entire device
04-06 19:30:53.087  1249  1290 V vold    : /system/bin/blkid
04-06 19:30:53.087  1249  1290 V vold    :     -c
04-06 19:30:53.087  1249  1290 V vold    :     /dev/null
04-06 19:30:53.087  1249  1290 V vold    :     -s
04-06 19:30:53.087  1249  1290 V vold    :     TYPE
04-06 19:30:53.087  1249  1290 V vold    :     -s
04-06 19:30:53.087  1249  1290 V vold    :     UUID
04-06 19:30:53.087  1249  1290 V vold    :     -s
04-06 19:30:53.087  1249  1290 V vold    :     LABEL
04-06 19:30:53.087  1249  1290 V vold    :     /dev/block/vold/disk:253,48
04-06 19:30:53.091  2413  2420 I art     : Debugger is no longer active
04-06 19:30:53.091  2413  2420 I art     : Starting a blocking GC Instrumentation
04-06 19:30:53.102  1249  1290 V vold    : /dev/block/vold/disk:253,48: LABEL="SDCARD" UUID="09FD-1807" TYPE="vfat" 
04-06 19:30:53.102  1249  1290 V vold    : 
04-06 19:30:53.102  1789  2341 D VoldConnector: RCV <- {650 public:253,48 0 "disk:253,48" ""}
04-06 19:30:53.102  1789  2341 D VoldConnector: RCV <- {651 public:253,48 0}
04-06 19:30:53.103  1789  2341 D VoldConnector: RCV <- {643 disk:253,48}
04-06 19:30:53.103  1789  2341 D VoldConnector: RCV <- {200 25 Command succeeded}
04-06 19:30:53.103  1789  1789 I ActivityManager: Start proc 2430:WebViewLoader-x86/1037 [android.webkit.WebViewFactory$RelroFileCreator] for 
04-06 19:30:53.104  1789  2340 D VoldConnector: SND -> {26 volume user_added 0 0}
04-06 19:30:53.104  1789  2341 D VoldConnector: RCV <- {200 26 Command succeeded}
04-06 19:30:53.107  2430  2430 W art     : Unexpected CPU variant for X86 using defaults: x86
04-06 19:30:53.110  2430  2430 V WebViewFactory: RelroFileCreator (64bit = false),  32-bit lib: /system/app/webview/webview.apk!/lib/x86/libwebviewchromium.so, 64-bit lib: 
04-06 19:30:53.113  2442  2442 W art     : Unexpected CPU variant for X86 using defaults: x86
04-06 19:30:53.117  1789  1789 I ActivityManager: Start proc 2442:com.android.systemui/u0a21 for service com.android.systemui/.SystemUIService
04-06 19:30:53.118  1789  1789 D NetworkManagement: enabling bandwidth control
04-06 19:30:53.119  1789  2340 D VoldConnector: SND -> {27 volume mount emulated 3 -1}
04-06 19:30:53.120  1249  1290 V vold    : Waiting for FUSE to spin up...
04-06 19:30:53.120  1789  2341 D VoldConnector: RCV <- {651 emulated 1}
04-06 19:30:53.121  1789  2341 D VoldConnector: RCV <- {656 emulated /data/media}
04-06 19:30:53.121  1789  2341 D VoldConnector: RCV <- {655 emulated /storage/emulated}
04-06 19:30:53.145  2442  2442 W System  : ClassLoader referenced unknown path: /system/priv-app/SystemUIGoogle/lib/x86
04-06 19:30:53.148  2430  2430 I art     : System.exit called, status: 0
04-06 19:30:53.148  2430  2430 I AndroidRuntime: VM exiting with result code 0, cleanup skipped.
