04-06 19:30:53.167  1789  2460 I chatty  : uid=1000(system) SoundPoolThread expire 1 line
04-06 19:30:53.171  1249  1290 V vold    : Waiting for FUSE to spin up...
04-06 19:30:53.223  1249  1290 V vold    : Waiting for FUSE to spin up...
04-06 19:30:53.245  2458  2458 W sdcard  : Device explicitly disabled sdcardfs
04-06 19:30:53.267  1313  1313 I MediaPlayerService: MediaPlayerService::getOMX
04-06 19:30:53.268  1313  1313 I OMXClient: MuxOMX ctor
04-06 19:30:53.276  1789  2341 D VoldConnector: RCV <- {651 emulated 2}
04-06 19:30:53.276  1789  2341 D VoldConnector: RCV <- {200 27 Command succeeded}
04-06 19:30:53.277  1789  1789 D NetworkPolicy: setRestrictBackgroundUL(): false
04-06 19:30:53.277  1789  2340 D VoldConnector: SND -> {28 volume mount public:253,48 2 0}
04-06 19:30:53.278  1249  1290 V vold    : /system/bin/blkid
04-06 19:30:53.278  1249  1290 V vold    :     -c
04-06 19:30:53.278  1249  1290 V vold    :     /dev/null
04-06 19:30:53.278  1249  1290 V vold    :     -s
04-06 19:30:53.278  1249  1290 V vold    :     TYPE
04-06 19:30:53.278  1249  1290 V vold    :     -s
04-06 19:30:53.278  1249  1290 V vold    :     UUID
04-06 19:30:53.278  1249  1290 V vold    :     -s
04-06 19:30:53.278  1249  1290 V vold    :     LABEL
04-06 19:30:53.278  1249  1290 V vold    :     /dev/block/vold/public:253,48
04-06 19:30:53.279  1789  2341 D VoldConnector: RCV <- {651 public:253,48 1}
04-06 19:30:53.291  1249  1290 V vold    : /dev/block/vold/public:253,48: LABEL="SDCARD" UUID="09FD-1807" TYPE="vfat" 
04-06 19:30:53.291  1249  1290 V vold    : 
04-06 19:30:53.293  1249  1290 V vold    : /system/bin/fsck_msdos
04-06 19:30:53.293  1249  1290 V vold    :     -p
04-06 19:30:53.293  1249  1290 V vold    :     -f
04-06 19:30:53.293  1249  1290 V vold    :     /dev/block/vold/public:253,48
04-06 19:30:53.294  1789  2341 D VoldConnector: RCV <- {652 public:253,48 vfat}
04-06 19:30:53.295  1789  2341 D VoldConnector: RCV <- {653 public:253,48 09FD-1807}
04-06 19:30:53.296  1789  2341 D VoldConnector: RCV <- {654 public:253,48 SDCARD}
04-06 19:30:53.301  1313  1313 I MediaPlayerService: MediaPlayerService::getOMX
04-06 19:30:53.301  1313  1313 I OMXClient: MuxOMX ctor
04-06 19:30:53.302  1310  1310 I OMXMaster: makeComponentInstance(OMX.google.mp3.decoder) in mediacodec process
04-06 19:30:53.347  1249  1290 I fsck_msdos: ** /dev/block/vold/public:253,48
04-06 19:30:53.347  1249  1290 I fsck_msdos: Invalid signature in fsinfo block
04-06 19:30:53.348  1249  1290 I fsck_msdos: FIXED
04-06 19:30:53.348  1249  1290 I fsck_msdos: ** Phase 1 - Read and Compare FATs
04-06 19:30:53.348  1249  1290 I fsck_msdos: Attempting to allocate 794 KB for FAT
04-06 19:30:53.349  1313  1313 I MediaPlayerService: MediaPlayerService::getOMX
04-06 19:30:53.349  1313  1313 I OMXClient: MuxOMX ctor
04-06 19:30:53.349  1310  1369 I OMXMaster: makeComponentInstance(OMX.google.amrnb.decoder) in mediacodec process
04-06 19:30:53.356  1789  1789 I SystemServiceManager: Starting phase 600
04-06 19:30:53.459  1249  1290 I fsck_msdos: Attempting to allocate 794 KB for FAT
04-06 19:30:53.507  1249  1290 I fsck_msdos: ** Phase 2 - Check Cluster Chains
04-06 19:30:53.511  1249  1290 I fsck_msdos: ** Phase 3 - Checking Directories
04-06 19:30:53.512  1249  1290 I fsck_msdos: ** Phase 4 - Checking for Lost Files
04-06 19:30:53.514  1249  1290 I fsck_msdos: Free space in FSInfo block (201592) not correct (201591)
04-06 19:30:53.514  1249  1290 I fsck_msdos: FIXED
04-06 19:30:53.515  1249  1290 I fsck_msdos: 1 files, 100795 free (201591 clusters)
04-06 19:30:53.533  1313  1313 I MediaPlayerService: MediaPlayerService::getOMX
04-06 19:30:53.533  1313  1313 I OMXClient: MuxOMX ctor
04-06 19:30:53.534  1310  2497 I OMXMaster: makeComponentInstance(OMX.google.amrwb.decoder) in mediacodec process
04-06 19:30:53.541  1249  1290 I Vold    : Filesystem check completed OK
04-06 19:30:53.541  1789  2341 D VoldConnector: RCV <- {656 public:253,48 /mnt/media_rw/09FD-1807}
04-06 19:30:53.543  1789  2341 D VoldConnector: RCV <- {655 public:253,48 /storage/09FD-1807}
04-06 19:30:53.548  1313  1313 I MediaPlayerService: MediaPlayerService::getOMX
04-06 19:30:53.549  1313  1313 I OMXClient: MuxOMX ctor
04-06 19:30:53.549  1310  1310 I OMXMaster: makeComponentInstance(OMX.google.aac.decoder) in mediacodec process
04-06 19:30:53.558  1249  1290 V vold    : Waiting for FUSE to spin up...
04-06 19:30:53.574  1789  1789 D SensorNotificationService: Cannot obtain dynamic meta sensor, not supported.
04-06 19:30:53.586  2506  2506 W sdcard  : Device explicitly disabled sdcardfs
04-06 19:30:53.587  1313  1313 I MediaPlayerService: MediaPlayerService::getOMX
04-06 19:30:53.587  1313  1313 I OMXClient: MuxOMX ctor
04-06 19:30:53.587  1310  1369 I OMXMaster: makeComponentInstance(OMX.google.g711.alaw.decoder) in mediacodec process
04-06 19:30:53.588  1306  1606 V EmulatedCamera_Camera: getCameraInfo
04-06 19:30:53.588  1306  1606 V EmulatedCamera_BaseCamera: getCameraInfo
04-06 19:30:53.588  1306  1606 I CameraService: getCameraCharacteristics: Switching to HAL1 shim implementation...
04-06 19:30:53.588  1306  1606 V EmulatedCamera_Camera: getCameraInfo
04-06 19:30:53.588  1306  1606 V EmulatedCamera_BaseCamera: getCameraInfo
04-06 19:30:53.588  1306  1606 I CameraService: CameraService::connect call (PID -1 "cameraserver", camera ID 0) for HAL version default and Camera API version 1
04-06 19:30:53.588  1306  1606 E CameraService: getCameraPriorityFromProcState: Received invalid process state -1 from ActivityManagerService!
04-06 19:30:53.589  1306  1606 V EmulatedCamera_Camera: getCameraInfo
04-06 19:30:53.589  1306  1606 V EmulatedCamera_BaseCamera: getCameraInfo
04-06 19:30:53.606  1313  1313 I MediaPlayerService: MediaPlayerService::getOMX
04-06 19:30:53.606  1313  1313 I OMXClient: MuxOMX ctor
04-06 19:30:53.606  1310  2497 I OMXMaster: makeComponentInstance(OMX.google.g711.mlaw.decoder) in mediacodec process
04-06 19:30:53.609  1789  2341 D VoldConnector: RCV <- {651 public:253,48 2}
04-06 19:30:53.609  1789  2341 D VoldConnector: RCV <- {200 28 Command succeeded}
04-06 19:30:53.616  1313  2522 E WVMExtractor: Failed to open libwvm.so: dlopen failed: library "libwvm.so" not found
04-06 19:30:53.624  1313  1313 I MediaPlayerService: MediaPlayerService::getOMX
04-06 19:30:53.624  1313  1313 I OMXClient: MuxOMX ctor
04-06 19:30:53.624  1310  1310 I OMXMaster: makeComponentInstance(OMX.google.vorbis.decoder) in mediacodec process
04-06 19:30:53.644  1313  2517 D NuPlayerDriver: notifyListener_l(0xaa211000), (1, 0, 0), loop setting(0, 0)
04-06 19:30:53.655  1313  2525 D NuPlayerDriver: notifyListener_l(0xaa2110c0), (1, 0, 0), loop setting(0, 0)
04-06 19:30:53.659  1313  2527 D NuPlayerDriver: notifyListener_l(0xaba28c00), (1, 0, 0), loop setting(0, 0)
04-06 19:30:53.661  1306  1606 I CameraFlashlight: Opening camera 0
04-06 19:30:53.661  1306  1606 V EmulatedCamera_Camera: getCameraInfo
04-06 19:30:53.661  1306  1606 V EmulatedCamera_BaseCamera: getCameraInfo
04-06 19:30:53.661  1306  1606 V EmulatedCamera_Camera: connectCamera
04-06 19:30:53.661  1306  1606 V EmulatedCamera_FakeDevice: connectDevice
04-06 19:30:53.661  1306  1606 V EmulatedCamera_CallbackNotifier: setCallbacks: 0xb18f6000, 0xb18f6050, 0xb18f6170, 0xb18f6290 (0xb12901e0)
04-06 19:30:53.661  1306  1606 V EmulatedCamera_CallbackNotifier: enableMessage: msg_type = 0xc0d
04-06 19:30:53.661  1306  1606 V EmulatedCamera_CallbackNotifier:     CAMERA_MSG_ERROR
04-06 19:30:53.661  1306  1606 V EmulatedCamera_CallbackNotifier:     CAMERA_MSG_FOCUS
04-06 19:30:53.661  1306  1606 V EmulatedCamera_CallbackNotifier:     CAMERA_MSG_ZOOM
04-06 19:30:53.661  1306  1606 V EmulatedCamera_CallbackNotifier:     CAMERA_MSG_PREVIEW_METADATA
04-06 19:30:53.661  1306  1606 V EmulatedCamera_CallbackNotifier: **** Currently enabled messages:
04-06 19:30:53.661  1306  1606 V EmulatedCamera_CallbackNotifier:     CAMERA_MSG_ERROR
04-06 19:30:53.661  1306  1606 V EmulatedCamera_CallbackNotifier:     CAMERA_MSG_FOCUS
04-06 19:30:53.661  1306  1606 V EmulatedCamera_CallbackNotifier:     CAMERA_MSG_ZOOM
04-06 19:30:53.661  1306  1606 V EmulatedCamera_CallbackNotifier:     CAMERA_MSG_PREVIEW_METADATA
04-06 19:30:53.661  1306  1606 V EmulatedCamera_CallbackNotifier: disableMessage: msg_type = 0xffff
04-06 19:30:53.661  1306  1606 V EmulatedCamera_CallbackNotifier:     CAMERA_MSG_ERROR
04-06 19:30:53.662  1306  1606 V EmulatedCamera_CallbackNotifier:     CAMERA_MSG_SHUTTER
04-06 19:30:53.662  1306  1606 V EmulatedCamera_CallbackNotifier:     CAMERA_MSG_FOCUS
04-06 19:30:53.662  1306  1606 V EmulatedCamera_CallbackNotifier:     CAMERA_MSG_ZOOM
04-06 19:30:53.662  1306  1606 V EmulatedCamera_CallbackNotifier:     CAMERA_MSG_PREVIEW_FRAME
04-06 19:30:53.662  1306  1606 V EmulatedCamera_CallbackNotifier:     CAMERA_MSG_VIDEO_FRAME
04-06 19:30:53.662  1306  1606 V EmulatedCamera_CallbackNotifier:     CAMERA_MSG_POSTVIEW_FRAME
04-06 19:30:53.662  1306  1606 V EmulatedCamera_CallbackNotifier:     CAMERA_MSG_RAW_IMAGE
04-06 19:30:53.662  1306  1606 V EmulatedCamera_CallbackNotifier:     CAMERA_MSG_COMPRESSED_IMAGE
04-06 19:30:53.662  1306  1606 V EmulatedCamera_CallbackNotifier:     CAMERA_MSG_RAW_IMAGE_NOTIFY
04-06 19:30:53.662  1306  1606 V EmulatedCamera_CallbackNotifier:     CAMERA_MSG_PREVIEW_METADATA
04-06 19:30:53.662  1306  1606 V EmulatedCamera_CallbackNotifier: **** Currently enabled messages:
04-06 19:30:53.662  1306  1606 V EmulatedCamera_Camera: doStopPreview
04-06 19:30:53.662  1306  1606 V EmulatedCamera_Camera: cancelPicture
04-06 19:30:53.662  1306  1606 V EmulatedCamera_Camera: releaseCamera
04-06 19:30:53.662  1306  1606 V EmulatedCamera_Camera: doStopPreview
04-06 19:30:53.662  1306  1606 V EmulatedCamera_FakeDevice: disconnectDevice
04-06 19:30:53.662  1306  1606 I CameraFlashlight: Destroying camera 0
04-06 19:30:53.662  1306  1606 V EmulatedCamera_Camera: closeCamera
04-06 19:30:53.662  1306  1606 V EmulatedCamera_Camera: doStopPreview
04-06 19:30:53.663  1306  1606 I CameraService: disconnect: Disconnected client for camera 0 for PID 1306
04-06 19:30:53.663  1313  1385 D NuPlayerDriver: reset(0xaa211000) at state 4
04-06 19:30:53.663  1313  1385 D NuPlayerDriver: notifyListener_l(0xaa211000), (8, 0, 0), loop setting(0, 0)
04-06 19:30:53.663  1313  2517 D NuPlayerDriver: notifyResetComplete(0xaa211000)
04-06 19:30:53.664  1313  1385 D NuPlayerDriver: reset(0xaa2110c0) at state 4
04-06 19:30:53.664  1313  1385 D NuPlayerDriver: notifyListener_l(0xaa2110c0), (8, 0, 0), loop setting(0, 0)
04-06 19:30:53.665  1313  2525 D NuPlayerDriver: notifyResetComplete(0xaa2110c0)
04-06 19:30:53.665  1313  2498 D NuPlayerDriver: reset(0xaba28c00) at state 4
04-06 19:30:53.665  1313  2498 D NuPlayerDriver: notifyListener_l(0xaba28c00), (8, 0, 0), loop setting(0, 0)
04-06 19:30:53.666  1313  2527 D NuPlayerDriver: notifyResetComplete(0xaba28c00)
04-06 19:30:53.667  1306  1306 V EmulatedCamera_Camera: getCameraInfo
04-06 19:30:53.667  1306  1306 V EmulatedCamera_BaseCamera: getCameraInfo
04-06 19:30:53.667  1306  1306 I CameraService: getCameraCharacteristics: Switching to HAL1 shim implementation...
04-06 19:30:53.667  1306  1306 V EmulatedCamera_Camera: getCameraInfo
04-06 19:30:53.667  1306  1306 V EmulatedCamera_BaseCamera: getCameraInfo
04-06 19:30:53.667  1306  1306 I CameraService: CameraService::connect call (PID -1 "cameraserver", camera ID 1) for HAL version default and Camera API version 1
04-06 19:30:53.667  1306  1306 E CameraService: getCameraPriorityFromProcState: Received invalid process state -1 from ActivityManagerService!
04-06 19:30:53.667  1306  1306 V EmulatedCamera_Camera: getCameraInfo
04-06 19:30:53.667  1306  1306 V EmulatedCamera_BaseCamera: getCameraInfo
04-06 19:30:53.671  1313  2529 D NuPlayerDriver: notifyListener_l(0xaa2110c0), (1, 0, 0), loop setting(0, 0)
04-06 19:30:53.674  1313  2531 D NuPlayerDriver: notifyListener_l(0xaa211120), (1, 0, 0), loop setting(0, 0)
04-06 19:30:53.677  1313  2533 D NuPlayerDriver: notifyListener_l(0xaa211300), (1, 0, 0), loop setting(0, 0)
04-06 19:30:53.678  1306  1306 I CameraFlashlight: Opening camera 1
04-06 19:30:53.678  1306  1306 V EmulatedCamera_Camera: getCameraInfo
04-06 19:30:53.678  1306  1306 V EmulatedCamera_BaseCamera: getCameraInfo
04-06 19:30:53.678  1306  1306 V EmulatedCamera_Camera: connectCamera
04-06 19:30:53.678  1306  1306 V EmulatedCamera_FakeDevice: connectDevice
04-06 19:30:53.678  1306  1306 V EmulatedCamera_CallbackNotifier: setCallbacks: 0xb18f6000, 0xb18f6050, 0xb18f6170, 0xb18f6290 (0xb1643320)
04-06 19:30:53.678  1306  1306 V EmulatedCamera_CallbackNotifier: enableMessage: msg_type = 0xc0d
04-06 19:30:53.678  1306  1306 V EmulatedCamera_CallbackNotifier:     CAMERA_MSG_ERROR
04-06 19:30:53.678  1306  1306 V EmulatedCamera_CallbackNotifier:     CAMERA_MSG_FOCUS
04-06 19:30:53.678  1306  1306 V EmulatedCamera_CallbackNotifier:     CAMERA_MSG_ZOOM
04-06 19:30:53.678  1306  1306 V EmulatedCamera_CallbackNotifier:     CAMERA_MSG_PREVIEW_METADATA
04-06 19:30:53.679  1306  1306 V EmulatedCamera_CallbackNotifier: **** Currently enabled messages:
04-06 19:30:53.679  1306  1306 V EmulatedCamera_CallbackNotifier:     CAMERA_MSG_ERROR
04-06 19:30:53.679  1306  1306 V EmulatedCamera_CallbackNotifier:     CAMERA_MSG_FOCUS
04-06 19:30:53.679  1306  1306 V EmulatedCamera_CallbackNotifier:     CAMERA_MSG_ZOOM
04-06 19:30:53.679  1306  1306 V EmulatedCamera_CallbackNotifier:     CAMERA_MSG_PREVIEW_METADATA
04-06 19:30:53.679  1306  1306 V EmulatedCamera_CallbackNotifier: disableMessage: msg_type = 0xffff
04-06 19:30:53.679  1306  1306 V EmulatedCamera_CallbackNotifier:     CAMERA_MSG_ERROR
04-06 19:30:53.679  1306  1306 V EmulatedCamera_CallbackNotifier:     CAMERA_MSG_SHUTTER
04-06 19:30:53.679  1306  1306 V EmulatedCamera_CallbackNotifier:     CAMERA_MSG_FOCUS
04-06 19:30:53.679  1306  1306 V EmulatedCamera_CallbackNotifier:     CAMERA_MSG_ZOOM
04-06 19:30:53.679  1306  1306 V EmulatedCamera_CallbackNotifier:     CAMERA_MSG_PREVIEW_FRAME
04-06 19:30:53.679  1306  1306 V EmulatedCamera_CallbackNotifier:     CAMERA_MSG_VIDEO_FRAME
04-06 19:30:53.679  1306  1306 V EmulatedCamera_CallbackNotifier:     CAMERA_MSG_POSTVIEW_FRAME
04-06 19:30:53.679  1306  1306 V EmulatedCamera_CallbackNotifier:     CAMERA_MSG_RAW_IMAGE
04-06 19:30:53.679  1306  1306 V EmulatedCamera_CallbackNotifier:     CAMERA_MSG_COMPRESSED_IMAGE
04-06 19:30:53.679  1306  1306 V EmulatedCamera_CallbackNotifier:     CAMERA_MSG_RAW_IMAGE_NOTIFY
04-06 19:30:53.679  1306  1306 V EmulatedCamera_CallbackNotifier:     CAMERA_MSG_PREVIEW_METADATA
04-06 19:30:53.679  1306  1306 V EmulatedCamera_CallbackNotifier: **** Currently enabled messages:
04-06 19:30:53.679  1306  1306 V EmulatedCamera_Camera: doStopPreview
04-06 19:30:53.679  1306  1306 V EmulatedCamera_Camera: cancelPicture
04-06 19:30:53.679  1306  1306 V EmulatedCamera_Camera: releaseCamera
04-06 19:30:53.679  1306  1306 V EmulatedCamera_Camera: doStopPreview
04-06 19:30:53.679  1306  1306 V EmulatedCamera_FakeDevice: disconnectDevice
04-06 19:30:53.679  1306  1306 I CameraFlashlight: Destroying camera 1
04-06 19:30:53.679  1306  1306 V EmulatedCamera_Camera: closeCamera
04-06 19:30:53.679  1306  1306 V EmulatedCamera_Camera: doStopPreview
04-06 19:30:53.680  1306  1306 I CameraService: disconnect: Disconnected client for camera 1 for PID 1306
04-06 19:30:53.680  1313  1385 D NuPlayerDriver: reset(0xaa2110c0) at state 4
04-06 19:30:53.680  1313  1385 D NuPlayerDriver: notifyListener_l(0xaa2110c0), (8, 0, 0), loop setting(0, 0)
04-06 19:30:53.680  1313  2529 D NuPlayerDriver: notifyResetComplete(0xaa2110c0)
04-06 19:30:53.681  1313  2521 D NuPlayerDriver: reset(0xaa211120) at state 4
04-06 19:30:53.681  1313  2521 D NuPlayerDriver: notifyListener_l(0xaa211120), (8, 0, 0), loop setting(0, 0)
04-06 19:30:53.682  1313  2531 D NuPlayerDriver: notifyResetComplete(0xaa211120)
04-06 19:30:53.682  1313  1385 D NuPlayerDriver: reset(0xaa211300) at state 4
04-06 19:30:53.682  1313  1385 D NuPlayerDriver: notifyListener_l(0xaa211300), (8, 0, 0), loop setting(0, 0)
04-06 19:30:53.682  1313  2533 D NuPlayerDriver: notifyResetComplete(0xaa211300)
04-06 19:30:53.684  1306  2518 V EmulatedCamera_Camera: getCameraInfo
04-06 19:30:53.684  1306  2518 V EmulatedCamera_BaseCamera: getCameraInfo
04-06 19:30:53.685  1306  1306 V EmulatedCamera_Camera: getCameraInfo
04-06 19:30:53.685  1306  1306 V EmulatedCamera_BaseCamera: getCameraInfo
04-06 19:30:53.689  1306  2518 V EmulatedCamera_Camera: getCameraInfo
04-06 19:30:53.689  1306  2518 V EmulatedCamera_BaseCamera: getCameraInfo
04-06 19:30:53.689  1306  1306 V EmulatedCamera_Camera: getCameraInfo
04-06 19:30:53.689  1306  1306 V EmulatedCamera_BaseCamera: getCameraInfo
04-06 19:30:53.708  1789  1861 W WindowManager: Keyguard drawn timeout. Setting mKeyguardDrawComplete
04-06 19:30:53.731  1313  1313 I MediaPlayerService: MediaPlayerService::getOMX
04-06 19:30:53.731  1313  1313 I OMXClient: MuxOMX ctor
04-06 19:30:53.731  1310  1369 I OMXMaster: makeComponentInstance(OMX.google.opus.decoder) in mediacodec process
04-06 19:30:53.755  1789  1789 W LocationProviderProxy-network: Odd, no component found for service com.android.location.service.v3.NetworkLocationProvider
04-06 19:30:53.760  1789  1789 W GeocoderProxy: Odd, no component found for service com.android.location.service.GeocodeProvider
04-06 19:30:53.762  1789  1789 D LocationManagerService: FLP HAL not supported
04-06 19:30:53.765  1789  1789 W GeofenceProxy: Odd, no component found for service com.android.location.service.GeofenceProvider
04-06 19:30:53.767  1789  1789 D LocationManagerService: Hardware Activity-Recognition not supported.
04-06 19:30:53.767  1789  1789 W ActivityRecognitionProxy: Odd, no component found for service com.android.location.service.ActivityRecognitionProvider
04-06 19:30:53.777  1313  1313 I MediaPlayerService: MediaPlayerService::getOMX
04-06 19:30:53.778  1313  1313 I OMXClient: MuxOMX ctor
04-06 19:30:53.778  1310  1369 I OMXMaster: makeComponentInstance(OMX.google.raw.decoder) in mediacodec process
04-06 19:30:53.786  1789  1789 I MmsServiceBroker: Delay connecting to MmsService until an API is called
04-06 19:30:53.796  2542  2542 W art     : Unexpected CPU variant for X86 using defaults: x86
04-06 19:30:53.797  1789  1789 I ActivityManager: Start proc 2542:com.android.phone/1001 for added application com.android.phone
04-06 19:30:53.798  1789  1789 I ActivityManager: START u0 {act=android.intent.action.MAIN cat=[android.intent.category.HOME] flg=0x10000100 cmp=com.android.settings/.CryptKeeper} from uid 0 on display 0
04-06 19:30:53.830  1313  1313 I MediaPlayerService: MediaPlayerService::getOMX
04-06 19:30:53.831  1313  1313 I OMXClient: MuxOMX ctor
04-06 19:30:53.831  1310  1310 I OMXMaster: makeComponentInstance(OMX.google.aac.encoder) in mediacodec process
04-06 19:30:53.835  1789  1789 I ActivityManager: Loaded persisted task ids for user 0
04-06 19:30:53.845  2559  2559 W art     : Unexpected CPU variant for X86 using defaults: x86
04-06 19:30:53.846  1789  1789 I ActivityManager: Start proc 2559:com.android.settings:CryptKeeper/1000 for activity com.android.settings/.CryptKeeper
04-06 19:30:53.848  1789  1789 I SystemServer: Enabled StrictMode for system server main thread.
04-06 19:30:53.849  1789  1789 D ConditionProviders.SCP: onConnected
04-06 19:30:53.863  1313  1313 I MediaPlayerService: MediaPlayerService::getOMX
04-06 19:30:53.864  1313  1313 I OMXClient: MuxOMX ctor
04-06 19:30:53.864  1310  2497 I OMXMaster: makeComponentInstance(OMX.google.amrnb.encoder) in mediacodec process
04-06 19:30:53.870  2542  2542 W System  : ClassLoader referenced unknown path: /system/priv-app/TeleService/lib/x86
04-06 19:30:53.877  1313  1313 I MediaPlayerService: MediaPlayerService::getOMX
04-06 19:30:53.879  1313  1313 I OMXClient: MuxOMX ctor
04-06 19:30:53.879  1310  1369 I OMXMaster: makeComponentInstance(OMX.google.amrwb.encoder) in mediacodec process
04-06 19:30:53.886  1313  1313 I MediaPlayerService: MediaPlayerService::getOMX
04-06 19:30:53.887  1313  1313 I OMXClient: MuxOMX ctor
04-06 19:30:53.887  1310  1310 I OMXMaster: makeComponentInstance(OMX.google.flac.encoder) in mediacodec process
04-06 19:30:53.938  1313  1313 I MediaPlayerService: MediaPlayerService::getOMX
04-06 19:30:53.938  1313  1313 I OMXClient: MuxOMX ctor
04-06 19:30:53.939  1310  2497 I OMXMaster: makeComponentInstance(OMX.google.gsm.decoder) in mediacodec process
04-06 19:30:54.021  1313  1313 I MediaPlayerService: MediaPlayerService::getOMX
04-06 19:30:54.022  1313  1313 I OMXClient: MuxOMX ctor
04-06 19:30:54.022  1310  1369 I OMXMaster: makeComponentInstance(OMX.google.mpeg4.decoder) in mediacodec process
04-06 19:30:54.094  1299  1560 D PermissionCache: checking android.permission.READ_FRAME_BUFFER for uid=1000 => granted (1013 us)
04-06 19:30:54.095  1299  1560 D gralloc_ranchu: gralloc_alloc: format 1 and usage 0xb33 imply creation of host color buffer
04-06 19:30:54.158  1310  1369 E OMXNodeInstance: getExtensionIndex(51e000f:google.mpeg4.decoder, OMX.google.android.index.configureVideoTunnelMode) ERROR: UnsupportedIndex(0x8000101a)
04-06 19:30:54.159  1310  2497 W OMXNodeInstance: [51e000f:google.mpeg4.decoder] component does not support metadata mode; using fallback
04-06 19:30:54.162  1313  1313 I MediaPlayerService: MediaPlayerService::getOMX
04-06 19:30:54.162  1313  1313 I OMXClient: MuxOMX ctor
04-06 19:30:54.162  1310  1310 I OMXMaster: makeComponentInstance(OMX.google.h263.decoder) in mediacodec process
04-06 19:30:54.165  1299  1299 E EGL_emulation: tid 1299: eglCreateSyncKHR(1669): error 0x3004 (EGL_BAD_ATTRIBUTE)
04-06 19:30:54.189  1310  1369 E OMXNodeInstance: getExtensionIndex(51e0010:google.h263.decoder, OMX.google.android.index.configureVideoTunnelMode) ERROR: UnsupportedIndex(0x8000101a)
04-06 19:30:54.190  1310  2497 W OMXNodeInstance: [51e0010:google.h263.decoder] component does not support metadata mode; using fallback
04-06 19:30:54.194  1313  1313 I MediaPlayerService: MediaPlayerService::getOMX
04-06 19:30:54.194  1313  1313 I OMXClient: MuxOMX ctor
04-06 19:30:54.195  1310  1310 I OMXMaster: makeComponentInstance(OMX.google.h264.decoder) in mediacodec process
04-06 19:30:54.195  1789  1860 I chatty  : uid=1000(system) ActivityManager expire 2 lines
04-06 19:30:54.208  1789  1789 D ZenLog  : set_zen_mode: off,cleanUpZenRules
04-06 19:30:54.208  2559  2559 W System  : ClassLoader referenced unknown path: /system/priv-app/Settings/lib/x86
04-06 19:30:54.209  1789  2388 I chatty  : uid=1000(system) WifiScanningSer expire 1 line
04-06 19:30:54.210  1789  2389 I chatty  : uid=1000(system) WifiRttService expire 1 line
04-06 19:30:54.211  1789  1789 D ConditionProviders: Subscribing to condition://android/schedule?days=1.2.3.4.5&start=22.0&end=7.0&exitAtAlarm=false with ComponentInfo{android/com.android.server.notification.ScheduleConditionProvider}
04-06 19:30:54.212  1789  1789 D ZenLog  : subscribe: condition://android/schedule?days=1.2.3.4.5&start=22.0&end=7.0&exitAtAlarm=false,ok
04-06 19:30:54.212  1789  1789 D ConditionProviders: Subscribing to condition://android/schedule?days=6.7&start=23.30&end=10.0&exitAtAlarm=false with ComponentInfo{android/com.android.server.notification.ScheduleConditionProvider}
04-06 19:30:54.212  1789  1789 D ZenLog  : subscribe: condition://android/schedule?days=6.7&start=23.30&end=10.0&exitAtAlarm=false,ok
04-06 19:30:54.212  1789  1789 D ConditionProviders: Subscribing to condition://android/event?userId=-10000&calendar=&reply=1 with ComponentInfo{android/com.android.server.notification.EventConditionProvider}
04-06 19:30:54.212  1789  1789 D ZenLog  : subscribe: condition://android/event?userId=-10000&calendar=&reply=1,ok
04-06 19:30:54.235  1789  1859 W LocationProviderProxy-network: Odd, no component found for service com.android.location.service.v3.NetworkLocationProvider
04-06 19:30:54.236  1789  1859 W GeocoderProxy: Odd, no component found for service com.android.location.service.GeocodeProvider
04-06 19:30:54.237  1789  1859 W GeofenceProxy: Odd, no component found for service com.android.location.service.GeofenceProvider
04-06 19:30:54.237  1789  1859 W ActivityRecognitionProxy: Odd, no component found for service com.android.location.service.ActivityRecognitionProvider
04-06 19:30:54.324  1313  1313 W ACodec  : [OMX.google.h264.decoder] stopping checking profiles after 32: 2/8000
04-06 19:30:54.324  1310  1310 E OMXNodeInstance: getExtensionIndex(51e0011:google.h264.decoder, OMX.google.android.index.configureVideoTunnelMode) ERROR: UnsupportedIndex(0x8000101a)
04-06 19:30:54.325  1310  2497 W OMXNodeInstance: [51e0011:google.h264.decoder] component does not support metadata mode; using fallback
04-06 19:30:54.329  1313  1313 I MediaPlayerService: MediaPlayerService::getOMX
04-06 19:30:54.329  1313  1313 I OMXClient: MuxOMX ctor
04-06 19:30:54.329  1310  1369 I OMXMaster: makeComponentInstance(OMX.google.hevc.decoder) in mediacodec process
04-06 19:30:54.481  1310  2497 E OMXNodeInstance: getExtensionIndex(51e0012:google.hevc.decoder, OMX.google.android.index.configureVideoTunnelMode) ERROR: UnsupportedIndex(0x8000101a)
04-06 19:30:54.481  1310  1310 W OMXNodeInstance: [51e0012:google.hevc.decoder] component does not support metadata mode; using fallback
04-06 19:30:54.482  2542  2542 W System  : ClassLoader referenced unknown path: /system/priv-app/TelephonyProvider/lib/x86
04-06 19:30:54.483  2542  2542 D ApplicationLoaders: ignored Vulkan layer search path /system/priv-app/TelephonyProvider/lib/x86:/system/lib:/vendor/lib for namespace 0xaeaf2090
04-06 19:30:54.495  1313  1313 I MediaPlayerService: MediaPlayerService::getOMX
04-06 19:30:54.496  1313  1313 I OMXClient: MuxOMX ctor
04-06 19:30:54.502  1310  2594 I OMXMaster: makeComponentInstance(OMX.google.vp8.decoder) in mediacodec process
04-06 19:30:54.656  1310  2497 E OMXNodeInstance: getExtensionIndex(51e0013:google.vp8.decoder, OMX.google.android.index.configureVideoTunnelMode) ERROR: UnsupportedIndex(0x8000101a)
04-06 19:30:54.656  1310  2594 W OMXNodeInstance: [51e0013:google.vp8.decoder] component does not support metadata mode; using fallback
04-06 19:30:54.666  1313  1313 I MediaPlayerService: MediaPlayerService::getOMX
04-06 19:30:54.667  1313  1313 I OMXClient: MuxOMX ctor
04-06 19:30:54.667  1310  2594 I OMXMaster: makeComponentInstance(OMX.google.vp9.decoder) in mediacodec process
04-06 19:30:54.698  1310  1369 E OMXNodeInstance: getExtensionIndex(51e0014:google.vp9.decoder, OMX.google.android.index.configureVideoTunnelMode) ERROR: UnsupportedIndex(0x8000101a)
04-06 19:30:54.698  1310  1310 W OMXNodeInstance: [51e0014:google.vp9.decoder] component does not support metadata mode; using fallback
04-06 19:30:54.701  1313  1313 I MediaPlayerService: MediaPlayerService::getOMX
04-06 19:30:54.701  1313  1313 I OMXClient: MuxOMX ctor
04-06 19:30:54.702  1310  2497 I OMXMaster: makeComponentInstance(OMX.google.h263.encoder) in mediacodec process
04-06 19:30:54.735  1789  1789 W ContextImpl: Calling a method in the system process without a qualified user: android.app.ContextImpl.startService:1357 com.android.server.content.SyncManager$13.run:658 android.os.Handler.handleCallback:751 android.os.Handler.dispatchMessage:95 android.os.Looper.loop:154 
04-06 19:30:54.777  1310  2497 I SoftMPEG4Encoder: Construct SoftMPEG4Encoder
04-06 19:30:54.780  1313  1313 W ACodec  : do not know color format 0x7f000789 = 2130708361
04-06 19:30:54.780  1310  1369 E OMXNodeInstance: getConfig(51e0015:google.h263.encoder, ConfigAndroidIntraRefresh(0x6f60000a)) ERROR: Undefined(0x80001001)
04-06 19:30:54.781  1313  1313 I MediaPlayerService: MediaPlayerService::getOMX
04-06 19:30:54.781  1313  1313 I OMXClient: MuxOMX ctor
04-06 19:30:54.781  1310  1310 I OMXMaster: makeComponentInstance(OMX.google.h264.encoder) in mediacodec process
04-06 19:30:54.942  1313  1313 W ACodec  : do not know color format 0x7f000789 = 2130708361
04-06 19:30:54.943  1313  1313 I MediaPlayerService: MediaPlayerService::getOMX
04-06 19:30:54.943  1313  1313 I OMXClient: MuxOMX ctor
04-06 19:30:54.943  1310  2594 I OMXMaster: makeComponentInstance(OMX.google.mpeg4.encoder) in mediacodec process
04-06 19:30:54.959  1310  2594 I SoftMPEG4Encoder: Construct SoftMPEG4Encoder
04-06 19:30:54.960  1313  1313 W ACodec  : do not know color format 0x7f000789 = 2130708361
04-06 19:30:54.961  1310  1310 E OMXNodeInstance: getConfig(51e0017:google.mpeg4.encoder, ConfigAndroidIntraRefresh(0x6f60000a)) ERROR: Undefined(0x80001001)
04-06 19:30:54.962  1313  1313 I MediaPlayerService: MediaPlayerService::getOMX
04-06 19:30:54.962  1313  1313 I OMXClient: MuxOMX ctor
04-06 19:30:54.962  1310  2497 I OMXMaster: makeComponentInstance(OMX.google.vp8.encoder) in mediacodec process
04-06 19:30:55.049  1313  1313 W ACodec  : do not know color format 0x7f000789 = 2130708361
04-06 19:30:55.050  1310  1310 E OMXNodeInstance: getConfig(51e0018:google.vp8.encoder, ConfigAndroidIntraRefresh(0x6f60000a)) ERROR: Undefined(0x80001001)
04-06 19:30:55.051  1313  1313 I MediaPlayerService: MediaPlayerService::getOMX
04-06 19:30:55.051  1313  1313 I OMXClient: MuxOMX ctor
04-06 19:30:55.051  1313  1313 W MediaCodecList: unable to open media codecs configuration xml file: /etc/media_codecs_performance.xml
04-06 19:30:55.051  1313  1313 I MediaPlayerService: MediaPlayerService::getOMX
04-06 19:30:55.051  1313  1313 I OMXClient: MuxOMX ctor
04-06 19:30:55.051  1313  1313 W MediaCodecList: unable to open media codecs configuration xml file: /data/misc/media/media_codecs_profiling_results.xml
04-06 19:30:55.052  1313  2498 I MediaPlayerService: MediaPlayerService::getOMX
04-06 19:30:55.052  1789  2485 I chatty  : uid=1000 system_server expire 1 line
04-06 19:30:55.053  1310  1310 I OMXMaster: makeComponentInstance(OMX.google.vorbis.decoder) in mediacodec process
04-06 19:30:55.126  2559  2559 D CryptKeeper: Disabling component ComponentInfo{com.android.settings/com.android.settings.CryptKeeper}
04-06 19:30:55.128  1789  1813 I WindowManager: Screen frozen for +1s268ms due to AppWindowToken{d2fd02e token=Token{94bd630 ActivityRecord{db13773 u0 com.android.settings/.CryptKeeper t1}}}
04-06 19:30:55.206  2413  2413 I LatinIME: Hardware accelerated drawing: true
04-06 19:30:55.206  1789  2621 I ActivityManager: START u0 {act=android.intent.action.MAIN cat=[android.intent.category.HOME] flg=0x10000100 cmp=com.android.settings/.FallbackHome} from uid 0 on display 0
04-06 19:30:55.225  1789  2621 I ActivityManager: Start proc 2624:com.android.settings/1000 for activity com.android.settings/.FallbackHome
04-06 19:30:55.247  2624  2624 W art     : Unexpected CPU variant for X86 using defaults: x86
04-06 19:30:55.301  1299  1392 D gralloc_ranchu: gralloc_alloc: format 1 and usage 0xb33 imply creation of host color buffer
04-06 19:30:55.338  2542  2542 D TelephonyProvider: dbh.onCreate:+ db=SQLiteDatabase: /data/user_de/0/com.android.providers.telephony/databases/telephony.db
04-06 19:30:55.338  2542  2542 D TelephonyProvider: dbh.createSimInfoTable:+
04-06 19:30:55.340  2542  2542 D TelephonyProvider: dbh.createSimInfoTable:-
04-06 19:30:55.340  2542  2542 D TelephonyProvider: dbh.createCarriersTable: carriers
04-06 19:30:55.342  2542  2542 D TelephonyProvider: dbh.createCarriersTable:-
04-06 19:30:55.350  2542  2542 D TelephonyProvider: No APNs in OEM image = /oem/telephony/apns-conf.xml Load APNs from system image
04-06 19:30:55.351  2542  2542 D TelephonyProvider: No APNs in OEM image = /data/misc/apns-conf.xml Load APNs from system image
04-06 19:30:55.351  2542  2542 D TelephonyProvider: confFile = /system/etc/apns-conf.xml
04-06 19:30:55.377  2542  2542 D TelephonyProvider: Checksum for /system/etc/apns-conf.xml is 2001431324
04-06 19:30:55.381  2542  2542 D TelephonyProvider: dbh.onCreate:- db=SQLiteDatabase: /data/user_de/0/com.android.providers.telephony/databases/telephony.db
04-06 19:30:55.394  2542  2542 D TelephonyProvider: dbh.onOpen: ok, queried table=siminfo
04-06 19:30:55.394  2542  2542 D TelephonyProvider: dbh.onOpen: ok, queried table=carriers
04-06 19:30:55.395  2542  2542 D TelephonyProvider: onCreate: build id changed from  to NYC
04-06 19:30:55.395  2542  2542 D TelephonyProvider: No APNs in OEM image = /oem/telephony/apns-conf.xml Load APNs from system image
04-06 19:30:55.395  2542  2542 D TelephonyProvider: No APNs in OEM image = /data/misc/apns-conf.xml Load APNs from system image
04-06 19:30:55.396  2542  2542 D TelephonyProvider: Checksum for /system/etc/apns-conf.xml is 2001431324
04-06 19:30:55.396  2542  2542 D TelephonyProvider: newChecksum: 2001431324
04-06 19:30:55.396  2542  2542 D TelephonyProvider: oldChecksum: 2001431324
04-06 19:30:55.396  2542  2542 D TelephonyProvider: Skipping apn db update since apn-conf has not changed.
04-06 19:30:55.430  1299  1299 E EGL_emulation: tid 1299: eglCreateSyncKHR(1669): error 0x3004 (EGL_BAD_ATTRIBUTE)
04-06 19:30:55.464  2624  2624 W System  : ClassLoader referenced unknown path: /system/priv-app/Settings/lib/x86
04-06 19:30:55.491  1789  1789 I Telecom : SystemStateProvider: Registering car mode receiver: android.content.IntentFilter@ba93a25: TS.init@AAA
04-06 19:30:55.508  2413  2413 W InputAttributes: No editor info for this field. Bug?
04-06 19:30:55.527  1789  2641 I Telecom : Telecom: Non-call EVENT: AUDIO_ROUTE, Entering state QuiescentEarpieceRoute
04-06 19:30:55.532  1789  2643 I Telecom : CallAudioModeStateMachine: Message received: null.: TS.init->CAMSM.pM_1@AAA_0
04-06 19:30:55.545  1789  2645 E ActivityThread: Failed to find provider info for call_log
04-06 19:30:55.609  1789  1789 I Telecom : Class: TelecomSystem.INSTANCE being set
04-06 19:30:55.638  2442  2442 V SystemUIService: Starting SystemUI services for user 0.
04-06 19:30:55.648  1789  1789 V WiredAccessoryManager: init()
04-06 19:30:55.681  1789  1789 D AccessibilityManagerService: Ignoring non-encryption-aware service ComponentInfo{com.example.android.apis/com.example.android.apis.accessibility.ClockBackService}
04-06 19:30:55.681  1789  1789 D AccessibilityManagerService: Ignoring non-encryption-aware service ComponentInfo{com.example.android.apis/com.example.android.apis.accessibility.MagnificationService}
04-06 19:30:55.681  1789  1789 D AccessibilityManagerService: Ignoring non-encryption-aware service ComponentInfo{com.example.android.apis/com.example.android.apis.accessibility.TaskBackService}
04-06 19:30:55.712  1789  1789 D ConditionProviders.SCP: onSubscribe condition://android/schedule?days=1.2.3.4.5&start=22.0&end=7.0&exitAtAlarm=false
04-06 19:30:55.714  1789  1789 D ConditionProviders.SCP: setRegistered true
04-06 19:30:55.715  1789  1789 D ConditionProviders.SCP: notifyCondition condition://android/schedule?days=1.2.3.4.5&start=22.0&end=7.0&exitAtAlarm=false STATE_TRUE reason=meetsSchedule
04-06 19:30:55.721  1789  1789 D ConditionProviders.SCP: Scheduling evaluate for Fri Apr 07 07:00:00 GMT+00:00 2017 (1491548400000), in +4h29m4s285ms, now=Fri Apr 07 02:30:55 GMT+00:00 2017 (1491532255715)
04-06 19:30:55.722  1789  1789 D ConditionProviders.SCP: onSubscribe condition://android/schedule?days=6.7&start=23.30&end=10.0&exitAtAlarm=false
04-06 19:30:55.723  1789  1789 D ConditionProviders.SCP: notifyCondition condition://android/schedule?days=6.7&start=23.30&end=10.0&exitAtAlarm=false STATE_FALSE reason=!meetsSchedule
04-06 19:30:55.726  1789  1789 D ConditionProviders.SCP: notifyCondition condition://android/schedule?days=1.2.3.4.5&start=22.0&end=7.0&exitAtAlarm=false STATE_TRUE reason=meetsSchedule
04-06 19:30:55.727  1789  1789 D ConditionProviders.SCP: Scheduling evaluate for Fri Apr 07 07:00:00 GMT+00:00 2017 (1491548400000), in +4h29m4s277ms, now=Fri Apr 07 02:30:55 GMT+00:00 2017 (1491532255723)
04-06 19:30:55.729  1789  1789 I Telecom : WiredHeadsetManager: ACTION_HEADSET_PLUG event, plugged in: false, : WHC.oADA@AAE
04-06 19:30:55.738  1789  1789 I ActivityManager: user 0 is still locked. Cannot load recents
04-06 19:30:55.743  1789  1859 I SyncManager: Got SyncJobService instance.
04-06 19:30:55.746  1789  2396 E ActivityThread: Failed to find provider info for com.android.calendar
04-06 19:30:55.747  1789  2396 E ActivityThread: Failed to find provider info for com.android.calendar
04-06 19:30:55.874  1313  2521 I MediaPlayerService: MediaPlayerService::getOMX
04-06 19:30:55.877  1789  2660 I chatty  : uid=1000 system_server expire 1 line
04-06 19:30:55.881  1310  1310 I OMXMaster: makeComponentInstance(OMX.google.vorbis.decoder) in mediacodec process
04-06 19:30:55.908  2413  2644 I LatinIME:LogUtils: Dictionary info: dictionary = userunigram.en_US ; version = 1491532255 ; date = ?
04-06 19:30:55.909  2413  2644 E ActivityThread: Failed to find provider info for user_dictionary
04-06 19:30:55.910  2413  2644 I LatinIME:LogUtils: Dictionary info: dictionary = UserHistoryDictionary.en_US ; version = 1491532255 ; date = ?
04-06 19:30:55.965  2413  2644 I BinaryDictionaryFileDumper: reinitializeClientRecordInDictionaryContentProvider() : MetadataFileUri = 
04-06 19:30:55.996  2413  2644 I LatinIME:LogUtils: Dictionary info: dictionary = main:de ; version = 54 ; date = 1414726263
04-06 19:30:55.999  1299  1394 E SurfaceFlinger: ro.sf.lcd_density must be defined as a build property
04-06 19:30:56.009  1313  2521 I MediaPlayerService: MediaPlayerService::getOMX
04-06 19:30:56.009  1789  2664 I chatty  : uid=1000 system_server expire 1 line
04-06 19:30:56.010  1310  2594 I OMXMaster: makeComponentInstance(OMX.google.vorbis.decoder) in mediacodec process
04-06 19:30:56.047  1789  1789 I Telecom : PhoneAccountRegistrar: SimCallManager queried, returning: null: TSI.gSCM@AAM
04-06 19:30:56.055  1789  1789 D ZenLog  : config: conditionChanged,ZenModeConfig[user=0,allowCalls=true,allowRepeatCallers=false,allowMessages=false,allowCallsFrom=contacts,allowMessagesFrom=contacts,allowReminders=true,allowEvents=true,allowWhenScreenOff=true,allowWhenScreenOn=true,automaticRules={8033a426ece54947bd54418b0d930a60=ZenRule[enabled=false,snoozing=false,name=Weeknight,zenMode=ZEN_MODE_ALARMS,conditionId=condition://android/schedule?days=1.2.3.4.5&start=22.0&end=7.0&exitAtAlarm=false,condition=Condition[id=condition://android/schedule?days=1.2.3.4.5&start=22.0&end=7.0&exitAtAlarm=false,summary=...,line1=...,line2=...,icon=0,state=STATE_TRUE,flags=2],component=ComponentInfo{android/com.android.server.notification.ScheduleConditionProvider},id=8033a426ece54947bd54418b0d930a60,creationTime=1491532252062,enabler=null], 69a5a20e471b494cb1680756a80395fa=ZenRule[enabled=false,snoozing=false,name=Weekend,zenMode=ZEN_MODE_ALARMS,conditionId=condition://android/schedule?days=6.7&start=23.30&end=10.0&exitAtAlarm=false,condition=null,component=ComponentInfo{android/com.android.server.notification.ScheduleConditionProvider},id=69a5a20e471b494cb1680756a80395fa,creationTime=1491532252062,enabler=null], 420d86f6c00e4622814ad4b0601b7787=ZenRule[enabled=false,snoozing=false,name=Event,zenMode=ZEN_MODE_ALARMS,conditionId=condition://android/event?userId=-10000&calendar=&reply=1,condition=null,component=ComponentInfo{android/com.android.server.notification.EventConditionProvider},id=420d86f6c00e4622814ad4b0601b7787,creationTime=1491532252062,enabler=null]},manualRule=null],Diff[automaticRule[8033a426ece54947bd54418b0d930a60].condition:null->Condition[id=condition://android/schedule?days=1.2.3.4.5&start=22.0&end=7.0&exitAtAlarm=false,summary=...,line1=...,line2=...,icon=0,state=STATE_TRUE,flags=2]]
04-06 19:30:56.056  1789  1789 D ZenLog  : config: conditionChanged,ZenModeConfig[user=0,allowCalls=true,allowRepeatCallers=false,allowMessages=false,allowCallsFrom=contacts,allowMessagesFrom=contacts,allowReminders=true,allowEvents=true,allowWhenScreenOff=true,allowWhenScreenOn=true,automaticRules={8033a426ece54947bd54418b0d930a60=ZenRule[enabled=false,snoozing=false,name=Weeknight,zenMode=ZEN_MODE_ALARMS,conditionId=condition://android/schedule?days=1.2.3.4.5&start=22.0&end=7.0&exitAtAlarm=false,condition=Condition[id=condition://android/schedule?days=1.2.3.4.5&start=22.0&end=7.0&exitAtAlarm=false,summary=...,line1=...,line2=...,icon=0,state=STATE_TRUE,flags=2],component=ComponentInfo{android/com.android.server.notification.ScheduleConditionProvider},id=8033a426ece54947bd54418b0d930a60,creationTime=1491532252062,enabler=null], 69a5a20e471b494cb1680756a80395fa=ZenRule[enabled=false,snoozing=false,name=Weekend,zenMode=ZEN_MODE_ALARMS,conditionId=condition://android/schedule?days=6.7&start=23.30&end=10.0&exitAtAlarm=false,condition=Condition[id=condition://android/schedule?days=6.7&start=23.30&end=10.0&exitAtAlarm=false,summary=...,line1=...,line2=...,icon=0,state=STATE_FALSE,flags=2],component=ComponentInfo{android/com.android.server.notification.ScheduleConditionProvider},id=69a5a20e471b494cb1680756a80395fa,creationTime=1491532252062,enabler=null], 420d86f6c00e4622814ad4b0601b7787=ZenRule[enabled=false,snoozing=false,name=Event,zenMode=ZEN_MODE_ALARMS,conditionId=condition://android/event?userId=-10000&calendar=&reply=1,condition=null,component=ComponentInfo{android/com.android.server.notification.EventConditionProvider},id=420d86f6c00e4622814ad4b0601b7787,creationTime=1491532252062,enabler=null]},manualRule=null],Diff[automaticRule[69a5a20e471b494cb1680756a80395fa].condition:null->Condition[id=condition://android/schedule?days=6.7&start=23.30&end=10.0&exitAtAlarm=false,summary=...,line1=...,line2=...,icon=0,state=STATE_FALSE,flags=2]]
04-06 19:30:56.059  1789  1789 D ZenLog  : config: conditionChanged,ZenModeConfig[user=0,allowCalls=true,allowRepeatCallers=false,allowMessages=false,allowCallsFrom=contacts,allowMessagesFrom=contacts,allowReminders=true,allowEvents=true,allowWhenScreenOff=true,allowWhenScreenOn=true,automaticRules={8033a426ece54947bd54418b0d930a60=ZenRule[enabled=false,snoozing=false,name=Weeknight,zenMode=ZEN_MODE_ALARMS,conditionId=condition://android/schedule?days=1.2.3.4.5&start=22.0&end=7.0&exitAtAlarm=false,condition=Condition[id=condition://android/schedule?days=1.2.3.4.5&start=22.0&end=7.0&exitAtAlarm=false,summary=...,line1=...,line2=...,icon=0,state=STATE_TRUE,flags=2],component=ComponentInfo{android/com.android.server.notification.ScheduleConditionProvider},id=8033a426ece54947bd54418b0d930a60,creationTime=1491532252062,enabler=null], 69a5a20e471b494cb1680756a80395fa=ZenRule[enabled=false,snoozing=false,name=Weekend,zenMode=ZEN_MODE_ALARMS,conditionId=condition://android/schedule?days=6.7&start=23.30&end=10.0&exitAtAlarm=false,condition=Condition[id=condition://android/schedule?days=6.7&start=23.30&end=10.0&exitAtAlarm=false,summary=...,line1=...,line2=...,icon=0,state=STATE_FALSE,flags=2],component=ComponentInfo{android/com.android.server.notification.ScheduleConditionProvider},id=69a5a20e471b494cb1680756a80395fa,creationTime=1491532252062,enabler=null], 420d86f6c00e4622814ad4b0601b7787=ZenRule[enabled=false,snoozing=false,name=Event,zenMode=ZEN_MODE_ALARMS,conditionId=condition://android/event?userId=-10000&calendar=&reply=1,condition=Condition[id=condition://android/event?userId=-10000&calendar=&reply=1,summary=...,line1=...,line2=...,icon=0,state=STATE_FALSE,flags=2],component=ComponentInfo{android/com.android.server.notification.EventConditionProvider},id=420d86f6c00e4622814ad4b0601b7787,creationTime=1491532252062,enabler=null]},manualRule=null],Diff[automaticRule[420d86f6c00e4622814ad4b0601b7787].condition:null->Condition[id=condition://android/event?userId=-10000&calendar=&reply=1,summary=...,line1=...,line2=...,icon=0,state=STATE_FALSE,flags=2]]
04-06 19:30:56.060  1789  1789 D ZenLog  : set_zen_mode: off,conditionChanged
04-06 19:30:56.062  1789  1789 D ZenLog  : set_zen_mode: off,conditionChanged
04-06 19:30:56.073  1789  1789 D ZenLog  : set_zen_mode: off,conditionChanged
04-06 19:30:56.103  1313  1385 I MediaPlayerService: MediaPlayerService::getOMX
04-06 19:30:56.103  1789  2685 I chatty  : uid=1000 system_server expire 1 line
04-06 19:30:56.104  1310  2497 I OMXMaster: makeComponentInstance(OMX.google.vorbis.decoder) in mediacodec process
04-06 19:30:56.166  1313  1385 I MediaPlayerService: MediaPlayerService::getOMX
04-06 19:30:56.166  2442  2442 V MediaRouter: Adding route: RouteInfo{ name=Phone, description=null, status=null, category=RouteCategory{ name=null types=ROUTE_TYPE_LIVE_AUDIO ROUTE_TYPE_LIVE_VIDEO  groupable=false }, supportedTypes=ROUTE_TYPE_LIVE_AUDIO ROUTE_TYPE_LIVE_VIDEO , presentationDisplay=null }
04-06 19:30:56.166  1789  2688 I chatty  : uid=1000 system_server expire 1 line
04-06 19:30:56.166  1310  1369 I OMXMaster: makeComponentInstance(OMX.google.vorbis.decoder) in mediacodec process
04-06 19:30:56.168  2442  2442 V MediaRouter: Updating audio routes: AudioRoutesInfo{ type=SPEAKER }
04-06 19:30:56.169  2442  2442 V MediaRouter: Selecting route: RouteInfo{ name=Phone, description=null, status=null, category=RouteCategory{ name=null types=ROUTE_TYPE_LIVE_AUDIO ROUTE_TYPE_LIVE_VIDEO  groupable=false }, supportedTypes=ROUTE_TYPE_LIVE_AUDIO ROUTE_TYPE_LIVE_VIDEO , presentationDisplay=null }
04-06 19:30:56.259  1313  1385 I MediaPlayerService: MediaPlayerService::getOMX
04-06 19:30:56.259  1789  2691 I chatty  : uid=1000 system_server expire 1 line
04-06 19:30:56.259  1310  2594 I OMXMaster: makeComponentInstance(OMX.google.vorbis.decoder) in mediacodec process
04-06 19:30:56.313  2624  2624 D         : HostConnection::get() New Host Connection established 0xaab99a40, tid 2624
04-06 19:30:56.324  2413  2644 I LatinIME:LogUtils: Dictionary info: dictionary = main:en ; version = 54 ; date = 1414726273
04-06 19:30:56.327  2413  2644 I LatinIME:LogUtils: Dictionary info: dictionary = main:es ; version = 54 ; date = 1414726268
04-06 19:30:56.328  2413  2644 I LatinIME:LogUtils: Dictionary info: dictionary = main:fr ; version = 54 ; date = 1414726264
04-06 19:30:56.356  1299  1394 D gralloc_ranchu: gralloc_alloc: format 1 and usage 0x900 imply creation of host color buffer
04-06 19:30:56.358  2624  2663 D         : HostConnection::get() New Host Connection established 0xaabade00, tid 2663
04-06 19:30:56.361  2624  2663 I OpenGLRenderer: Initialized EGL, version 1.4
04-06 19:30:56.361  2624  2663 D OpenGLRenderer: Swap behavior 1
04-06 19:30:56.362  2624  2663 W OpenGLRenderer: Failed to choose config with EGL_SWAP_BEHAVIOR_PRESERVED, retrying without...
04-06 19:30:56.362  2624  2663 D OpenGLRenderer: Swap behavior 0
04-06 19:30:56.373  1299  1394 D gralloc_ranchu: gralloc_alloc: format 1 and usage 0x900 imply creation of host color buffer
04-06 19:30:56.431  1299  1394 D gralloc_ranchu: gralloc_alloc: format 1 and usage 0x900 imply creation of host color buffer
04-06 19:30:56.471  2413  2644 I LatinIME:LogUtils: Dictionary info: dictionary = main:it ; version = 54 ; date = 1414726258
04-06 19:30:56.522  2442  2697 E WVMExtractor: Failed to open libwvm.so: dlopen failed: library "libwvm.so" not found
04-06 19:30:56.816  1313  2521 I MediaPlayerService: MediaPlayerService::getOMX
04-06 19:30:56.816  2442  2708 I OMXClient: MuxOMX ctor
04-06 19:30:56.817  1310  2497 I OMXMaster: makeComponentInstance(OMX.google.vorbis.decoder) in mediacodec process
04-06 19:30:56.881  1789  1880 I chatty  : uid=1000(system) android.display expire 1 line
04-06 19:30:56.888  1789  1860 W KeyguardServiceDelegate: onScreenTurningOn(): no keyguard service!
04-06 19:30:56.889  1789  1880 I WindowManager: Screen frozen for +1s607ms due to AppWindowToken{31e4c54 token=Token{6bd3066 ActivityRecord{e3f60c1 u0 com.android.settings/.FallbackHome t2}}}
04-06 19:30:56.981  1313  1385 I MediaPlayerService: MediaPlayerService::getOMX
04-06 19:30:56.982  2442  2713 I OMXClient: MuxOMX ctor
04-06 19:30:56.982  1310  2497 I OMXMaster: makeComponentInstance(OMX.google.vorbis.decoder) in mediacodec process
04-06 19:30:56.995  2542  2542 D PhoneSwitcherNetworkRequstListener: Registering NetworkFactory
04-06 19:30:56.996  1789  2390 D ConnectivityService: Got NetworkFactory Messenger for PhoneSwitcherNetworkRequstListener
04-06 19:30:57.005  1789  2390 D ConnectivityService: Got NetworkFactory Messenger for TelephonyNetworkFactory[0]
04-06 19:30:57.017  2413  2644 I LatinIME:LogUtils: Dictionary info: dictionary = main:ru ; version = 54 ; date = 1414726277
04-06 19:30:57.032  2413  2644 I BinaryDictionaryFileDumper: reinitializeClientRecordInDictionaryContentProvider() : Insert DictionaryInfo : Id = 'main:de' : Locale=de : Version=54
04-06 19:30:57.065  2413  2644 I BinaryDictionaryFileDumper: reinitializeClientRecordInDictionaryContentProvider() : Insert DictionaryInfo : Id = 'main:en' : Locale=en : Version=54
04-06 19:30:57.088  2542  2542 D CarrierConfigLoader: CarrierConfigLoader has started
04-06 19:30:57.093  2542  2542 E BluetoothAdapter: Bluetooth binder is null
04-06 19:30:57.111  2442  2442 I vol.Events: writeEvent collection_started
04-06 19:30:57.122  2542  2717 E ActivityThread: Failed to find provider info for com.android.contacts
04-06 19:30:57.122  2542  2717 W CallerInfoCache: cursor is null
04-06 19:30:57.133  2442  2719 I vol.Events: writeEvent external_ringer_mode_changed normal
04-06 19:30:57.133  2442  2719 I vol.Events: writeEvent internal_ringer_mode_changed normal
04-06 19:30:57.146  2413  2644 I BinaryDictionaryFileDumper: reinitializeClientRecordInDictionaryContentProvider() : Insert DictionaryInfo : Id = 'main:es' : Locale=es : Version=54
04-06 19:30:57.147  1313  1385 I MediaPlayerService: MediaPlayerService::getOMX
04-06 19:30:57.147  2442  2720 I OMXClient: MuxOMX ctor
04-06 19:30:57.148  1310  1369 I OMXMaster: makeComponentInstance(OMX.google.vorbis.decoder) in mediacodec process
04-06 19:30:57.197  2542  2542 I Telephony: TtyManager: updateUiTtyMode -1 -> 0
04-06 19:30:57.206  2413  2644 I BinaryDictionaryFileDumper: reinitializeClientRecordInDictionaryContentProvider() : Insert DictionaryInfo : Id = 'main:fr' : Locale=fr : Version=54
