04-06 19:31:36.580  2859  3793 W MediaProvider: Missing volume for /system/media/audio/notifications/Syrma.ogg; assuming invalid
04-06 19:31:36.583  2859  3793 W MediaProvider: Missing volume for /system/media/audio/notifications/TaDa.ogg; assuming invalid
04-06 19:31:36.585  2859  3793 W MediaProvider: Missing volume for /system/media/audio/notifications/Talitha.ogg; assuming invalid
04-06 19:31:36.588  2859  3793 W MediaProvider: Missing volume for /system/media/audio/notifications/Tejat.ogg; assuming invalid
04-06 19:31:36.591  2859  3793 W MediaProvider: Missing volume for /system/media/audio/notifications/Thallium.ogg; assuming invalid
04-06 19:31:36.594  2859  3793 W MediaProvider: Missing volume for /system/media/audio/notifications/Tinkerbell.ogg; assuming invalid
04-06 19:31:36.597  2859  3793 W MediaProvider: Missing volume for /system/media/audio/notifications/Upsilon.ogg; assuming invalid
04-06 19:31:36.598  2859  3793 W MediaProvider: Missing volume for /system/media/audio/notifications/Vega.ogg; assuming invalid
04-06 19:31:36.599  2859  3793 W MediaProvider: Missing volume for /system/media/audio/notifications/Voila.ogg; assuming invalid
04-06 19:31:36.601  2859  3793 W MediaProvider: Missing volume for /system/media/audio/notifications/Xenon.ogg; assuming invalid
04-06 19:31:36.604  2859  3793 W MediaProvider: Missing volume for /system/media/audio/notifications/Zirconium.ogg; assuming invalid
04-06 19:31:36.605  2859  3793 W MediaProvider: Missing volume for /system/media/audio/notifications/arcturus.ogg; assuming invalid
04-06 19:31:36.607  2859  3793 W MediaProvider: Missing volume for /system/media/audio/notifications/moonbeam.ogg; assuming invalid
04-06 19:31:36.610  2859  3793 W MediaProvider: Missing volume for /system/media/audio/notifications/pixiedust.ogg; assuming invalid
04-06 19:31:36.613  2859  3793 W MediaProvider: Missing volume for /system/media/audio/notifications/pizzicato.ogg; assuming invalid
04-06 19:31:36.616  2859  3793 W MediaProvider: Missing volume for /system/media/audio/notifications/regulus.ogg; assuming invalid
04-06 19:31:36.618  2859  3793 W MediaProvider: Missing volume for /system/media/audio/notifications/sirius.ogg; assuming invalid
04-06 19:31:36.619  2859  3793 W MediaProvider: Missing volume for /system/media/audio/notifications/tweeters.ogg; assuming invalid
04-06 19:31:36.621  2859  3793 W MediaProvider: Missing volume for /system/media/audio/notifications/vega.ogg; assuming invalid
04-06 19:31:36.627  2859  3793 W MediaProvider: Missing volume for /system/media/audio/ringtones/ANDROMEDA.ogg; assuming invalid
04-06 19:31:36.631  1313  2498 E MetadataRetrieverClient: failed to extract an album art
04-06 19:31:36.651  2859  3793 I MediaScanner: forcing rescan of /system/media/audio/ringtones/Andromeda.ogg since build fingerprint changed
04-06 19:31:36.713  2859  3793 I MediaScanner: forcing rescan of /system/media/audio/ringtones/Aquila.ogg since build fingerprint changed
04-06 19:31:36.730  2859  3793 I MediaScanner: forcing rescan of /system/media/audio/ringtones/ArgoNavis.ogg since build fingerprint changed
04-06 19:31:36.766  2859  3793 I MediaScanner: forcing rescan of /system/media/audio/ringtones/Atria.ogg since build fingerprint changed
04-06 19:31:36.781  2859  3793 I MediaScanner: forcing rescan of /system/media/audio/ringtones/BOOTES.ogg since build fingerprint changed
04-06 19:31:36.824  2859  3793 I MediaScanner: forcing rescan of /system/media/audio/ringtones/Backroad.ogg since build fingerprint changed
04-06 19:31:36.834  2859  3793 I MediaScanner: forcing rescan of /system/media/audio/ringtones/BeatPlucker.ogg since build fingerprint changed
04-06 19:31:36.840  2859  3793 I MediaScanner: forcing rescan of /system/media/audio/ringtones/BentleyDubs.ogg since build fingerprint changed
04-06 19:31:36.872  2859  3793 I MediaScanner: forcing rescan of /system/media/audio/ringtones/Big_Easy.ogg since build fingerprint changed
04-06 19:31:36.885  2859  3793 I MediaScanner: forcing rescan of /system/media/audio/ringtones/BirdLoop.ogg since build fingerprint changed
04-06 19:31:36.893  2859  3793 I MediaScanner: forcing rescan of /system/media/audio/ringtones/Bollywood.ogg since build fingerprint changed
04-06 19:31:36.935  2859  3793 I MediaScanner: forcing rescan of /system/media/audio/ringtones/BussaMove.ogg since build fingerprint changed
04-06 19:31:36.943  2859  3793 I MediaScanner: forcing rescan of /system/media/audio/ringtones/CANISMAJOR.ogg since build fingerprint changed
04-06 19:31:36.953  2859  3793 I MediaScanner: forcing rescan of /system/media/audio/ringtones/CASSIOPEIA.ogg since build fingerprint changed
04-06 19:31:36.963  2859  3793 I MediaScanner: forcing rescan of /system/media/audio/ringtones/Cairo.ogg since build fingerprint changed
04-06 19:31:36.978  2859  3793 I MediaScanner: forcing rescan of /system/media/audio/ringtones/Calypso_Steel.ogg since build fingerprint changed
04-06 19:31:36.992  2859  3793 I MediaScanner: forcing rescan of /system/media/audio/ringtones/CanisMajor.ogg since build fingerprint changed
04-06 19:31:37.014  2859  3793 I MediaScanner: forcing rescan of /system/media/audio/ringtones/CaribbeanIce.ogg since build fingerprint changed
04-06 19:31:37.016  1789  2325 D VoldConnector: SND -> {30 volume mkdirs /storage/emulated/0/Android/data/com.google.android.apps.maps/files/}
04-06 19:31:37.018  1789  2341 D VoldConnector: RCV <- {200 30 Command succeeded}
04-06 19:31:37.021  1789  3323 D VoldConnector: SND -> {31 volume mkdirs /storage/09FD-1807/Android/data/com.google.android.apps.maps/files/}
04-06 19:31:37.026  2859  3793 I MediaScanner: forcing rescan of /system/media/audio/ringtones/Carina.ogg since build fingerprint changed
04-06 19:31:37.032  1789  2341 D VoldConnector: RCV <- {200 31 Command succeeded}
04-06 19:31:37.054  2859  3793 I MediaScanner: forcing rescan of /system/media/audio/ringtones/Centaurus.ogg since build fingerprint changed
04-06 19:31:37.078  2859  3793 I MediaScanner: forcing rescan of /system/media/audio/ringtones/Champagne_Edition.ogg since build fingerprint changed
04-06 19:31:37.103  2859  3793 I MediaScanner: forcing rescan of /system/media/audio/ringtones/Club_Cubano.ogg since build fingerprint changed
04-06 19:31:37.132  2859  3793 I MediaScanner: forcing rescan of /system/media/audio/ringtones/CrayonRock.ogg since build fingerprint changed
04-06 19:31:37.137  2859  3793 I MediaScanner: forcing rescan of /system/media/audio/ringtones/CrazyDream.ogg since build fingerprint changed
04-06 19:31:37.150  2859  3793 I MediaScanner: forcing rescan of /system/media/audio/ringtones/CurveBall.ogg since build fingerprint changed
04-06 19:31:37.159  2859  3793 I MediaScanner: forcing rescan of /system/media/audio/ringtones/Cygnus.ogg since build fingerprint changed
04-06 19:31:37.196  2859  3793 I MediaScanner: forcing rescan of /system/media/audio/ringtones/DancinFool.ogg since build fingerprint changed
04-06 19:31:37.203  2859  3793 I MediaScanner: forcing rescan of /system/media/audio/ringtones/Ding.ogg since build fingerprint changed
04-06 19:31:37.209  2859  3793 I MediaScanner: forcing rescan of /system/media/audio/ringtones/DonMessWivIt.ogg since build fingerprint changed
04-06 19:31:37.255  2859  3793 I MediaScanner: forcing rescan of /system/media/audio/ringtones/Draco.ogg since build fingerprint changed
04-06 19:31:37.269  2859  3793 I MediaScanner: forcing rescan of /system/media/audio/ringtones/DreamTheme.ogg since build fingerprint changed
04-06 19:31:37.307  2859  3793 I MediaScanner: forcing rescan of /system/media/audio/ringtones/Eastern_Sky.ogg since build fingerprint changed
04-06 19:31:37.310  3794  3805 W art     : Suspending all threads took: 103.087ms
04-06 19:31:37.325  2859  3793 I MediaScanner: forcing rescan of /system/media/audio/ringtones/Enter_the_Nexus.ogg since build fingerprint changed
04-06 19:31:37.362  2859  3793 I MediaScanner: forcing rescan of /system/media/audio/ringtones/Eridani.ogg since build fingerprint changed
04-06 19:31:37.396  2859  3793 I MediaScanner: forcing rescan of /system/media/audio/ringtones/EtherShake.ogg since build fingerprint changed
04-06 19:31:37.437  2859  3793 I MediaScanner: forcing rescan of /system/media/audio/ringtones/FreeFlight.ogg since build fingerprint changed
04-06 19:31:37.475  2859  3793 I MediaScanner: forcing rescan of /system/media/audio/ringtones/FriendlyGhost.ogg since build fingerprint changed
04-06 19:31:37.517  2859  3793 I MediaScanner: forcing rescan of /system/media/audio/ringtones/Funk_Yall.ogg since build fingerprint changed
04-06 19:31:37.550  2859  3793 I MediaScanner: forcing rescan of /system/media/audio/ringtones/GameOverGuitar.ogg since build fingerprint changed
04-06 19:31:37.577  2859  3793 I MediaScanner: forcing rescan of /system/media/audio/ringtones/Gimme_Mo_Town.ogg since build fingerprint changed
04-06 19:31:37.598  2859  3793 I MediaScanner: forcing rescan of /system/media/audio/ringtones/Girtab.ogg since build fingerprint changed
04-06 19:31:37.641  2859  3793 I MediaScanner: forcing rescan of /system/media/audio/ringtones/Glacial_Groove.ogg since build fingerprint changed
04-06 19:31:37.667  2859  3793 I MediaScanner: forcing rescan of /system/media/audio/ringtones/Growl.ogg since build fingerprint changed
04-06 19:31:37.692  2859  3793 I MediaScanner: forcing rescan of /system/media/audio/ringtones/HalfwayHome.ogg since build fingerprint changed
04-06 19:31:37.741  2859  3793 I MediaScanner: forcing rescan of /system/media/audio/ringtones/Hydra.ogg since build fingerprint changed
04-06 19:31:37.766  2859  3793 I MediaScanner: forcing rescan of /system/media/audio/ringtones/InsertCoin.ogg since build fingerprint changed
04-06 19:31:37.790  3842  3842 I chatty  : uid=10012 com.google.android.gms.feedback expire 1 line
04-06 19:31:37.792  1789  2784 I ActivityManager: Start proc 3842:com.google.android.gms.feedback/u0a12 for service com.google.android.gms/.feedback.FeedbackService
04-06 19:31:37.802  2859  3793 I MediaScanner: forcing rescan of /system/media/audio/ringtones/Kuma.ogg since build fingerprint changed
04-06 19:31:37.817  3842  3849 I chatty  : uid=10012(com.google.android.gms) JDWP expire 3 lines
04-06 19:31:37.842  3842  3842 I chatty  : uid=10012 com.google.android.gms.feedback expire 7 lines
04-06 19:31:37.849  3794  3833 W art     : Long monitor contention with owner DefaultPool3 (3831) at boolean android.os.BinderProxy.transactNative(int, android.os.Parcel, android.os.Parcel, int)(Binder.java:-2) waiters=0 in java.lang.Object arzp.a() for 226ms
04-06 19:31:37.862  2859  3793 I MediaScanner: forcing rescan of /system/media/audio/ringtones/LoopyLounge.ogg since build fingerprint changed
04-06 19:31:37.907  2859  3793 I MediaScanner: forcing rescan of /system/media/audio/ringtones/LoveFlute.ogg since build fingerprint changed
04-06 19:31:37.958  2859  3793 I MediaScanner: forcing rescan of /system/media/audio/ringtones/Lyra.ogg since build fingerprint changed
04-06 19:31:38.005  2859  3793 I MediaScanner: forcing rescan of /system/media/audio/ringtones/Machina.ogg since build fingerprint changed
04-06 19:31:38.014  2859  3793 I MediaScanner: forcing rescan of /system/media/audio/ringtones/MidEvilJaunt.ogg since build fingerprint changed
04-06 19:31:38.020  2859  3793 I MediaScanner: forcing rescan of /system/media/audio/ringtones/MildlyAlarming.ogg since build fingerprint changed
04-06 19:31:38.045  2859  3793 I MediaScanner: forcing rescan of /system/media/audio/ringtones/Nairobi.ogg since build fingerprint changed
04-06 19:31:38.053  2859  3793 I MediaScanner: forcing rescan of /system/media/audio/ringtones/Nassau.ogg since build fingerprint changed
04-06 19:31:38.059  2859  3793 I MediaScanner: forcing rescan of /system/media/audio/ringtones/NewPlayer.ogg since build fingerprint changed
04-06 19:31:38.103  2859  3793 I MediaScanner: forcing rescan of /system/media/audio/ringtones/No_Limits.ogg since build fingerprint changed
04-06 19:31:38.113  3842  3854 I chatty  : uid=10012(com.google.android.gms) Binder:3842_1 expire 5 lines
04-06 19:31:38.122  2859  3793 I MediaScanner: forcing rescan of /system/media/audio/ringtones/Noises1.ogg since build fingerprint changed
04-06 19:31:38.130  3436  3436 I Bugle   : BootAndPackageReplacedReceiver: run after reboot tasks
04-06 19:31:38.155  2859  3793 I MediaScanner: forcing rescan of /system/media/audio/ringtones/Noises2.ogg since build fingerprint changed
04-06 19:31:38.161  2859  3793 I MediaScanner: forcing rescan of /system/media/audio/ringtones/Noises3.ogg since build fingerprint changed
04-06 19:31:38.169  3865  3865 W art     : Unexpected CPU variant for X86 using defaults: x86
04-06 19:31:38.170  2859  3793 I MediaScanner: forcing rescan of /system/media/audio/ringtones/OrganDub.ogg since build fingerprint changed
04-06 19:31:38.177  1789  3692 I ActivityManager: Start proc 3865:com.google.android.apps.wallpaper/u0a60 for broadcast com.google.android.apps.wallpaper/.module.GoogleBootReceiver
04-06 19:31:38.191  3865  3865 W System  : ClassLoader referenced unknown path: /system/app/WallpaperPickerGooglePrebuilt/lib/x86
04-06 19:31:38.213  2859  3793 I MediaScanner: forcing rescan of /system/media/audio/ringtones/Orion.ogg since build fingerprint changed
04-06 19:31:38.215  3436  3880 I BugleDataModel: ExpireWapPushSiMessageAction
04-06 19:31:38.229  2542  2788 D MmsSmsDatabaseHelper: [MmsSmsDb] tableName: threads hasAutoIncrement: CREATE TABLE threads (_id INTEGER PRIMARY KEY AUTOINCREMENT,date INTEGER DEFAULT 0,message_count INTEGER DEFAULT 0,recipient_ids TEXT,snippet TEXT,snippet_cs INTEGER DEFAULT 0,read INTEGER DEFAULT 1,archived INTEGER DEFAULT 0,type INTEGER DEFAULT 0,error INTEGER DEFAULT 0,has_attachment INTEGER DEFAULT 0) result: true
04-06 19:31:38.231  2542  2788 D MmsSmsDatabaseHelper: [MmsSmsDb] tableName: canonical_addresses hasAutoIncrement: CREATE TABLE canonical_addresses (_id INTEGER PRIMARY KEY AUTOINCREMENT,address TEXT) result: true
04-06 19:31:38.232  2542  2788 D MmsSmsDatabaseHelper: [MmsSmsDb] tableName: part hasAutoIncrement: CREATE TABLE part (_id INTEGER PRIMARY KEY AUTOINCREMENT,mid INTEGER,seq INTEGER DEFAULT 0,ct TEXT,name TEXT,chset INTEGER,cd TEXT,fn TEXT,cid TEXT,cl TEXT,ctt_s INTEGER,ctt_t TEXT,_data TEXT,text TEXT) result: true
04-06 19:31:38.233  2542  2788 D MmsSmsDatabaseHelper: [MmsSmsDb] tableName: pdu hasAutoIncrement: CREATE TABLE pdu (_id INTEGER PRIMARY KEY AUTOINCREMENT,thread_id INTEGER,date INTEGER,date_sent INTEGER DEFAULT 0,msg_box INTEGER,read INTEGER DEFAULT 0,m_id TEXT,sub TEXT,sub_cs INTEGER,ct_t TEXT,ct_l TEXT,exp INTEGER,m_cls TEXT,m_type INTEGER,v INTEGER,m_size INTEGER,pri INTEGER,rr INTEGER,rpt_a INTEGER,resp_st INTEGER,st INTEGER,tr_id TEXT,retr_st INTEGER,retr_txt TEXT,retr_txt_cs INTEGER,read_status INTEGER,ct_cls INTEGER,resp_txt TEXT,d_tm INTEGER,d_rpt INTEGER,locked INTEGER DEFAULT 0,sub_id INTEGER DEFAULT -1, seen INTEGER DEFAULT 0,creator TEXT,text_only INTEGER DEFAULT 0) result: true
04-06 19:31:38.233  2542  2788 D MmsSmsDatabaseHelper: [getWritableDatabase] hasAutoIncrementThreads: true hasAutoIncrementAddresses: true hasAutoIncrementPart: true hasAutoIncrementPdu: true
04-06 19:31:38.237  2859  3793 I MediaScanner: forcing rescan of /system/media/audio/ringtones/PERSEUS.ogg since build fingerprint changed
04-06 19:31:38.246  2542  2788 D MmsSmsProvider: getSingleAddressId: insert new canonical_address for xxxxxx, _id=1
04-06 19:31:38.247  2542  2788 D MmsSmsProvider: getThreadId: create new thread_id for recipients xxxxxxxx
04-06 19:31:38.247  2859  3793 I MediaScanner: forcing rescan of /system/media/audio/ringtones/Paradise_Island.ogg since build fingerprint changed
04-06 19:31:38.247  2542  2788 D MmsSmsProvider: insertThread: created new thread_id 1 for recipientIds xxxxxxx
04-06 19:31:38.255  3436  3880 W BugleDataModel: ExpireWapPushSiMessageAction: no WAP Push SI messages
04-06 19:31:38.290  2859  3793 I MediaScanner: forcing rescan of /system/media/audio/ringtones/Pegasus.ogg since build fingerprint changed
04-06 19:31:38.322  2859  3793 I MediaScanner: forcing rescan of /system/media/audio/ringtones/Perseus.ogg since build fingerprint changed
04-06 19:31:38.377  2859  3793 I MediaScanner: forcing rescan of /system/media/audio/ringtones/Playa.ogg since build fingerprint changed
04-06 19:31:38.409  2859  3793 I MediaScanner: forcing rescan of /system/media/audio/ringtones/Pyxis.ogg since build fingerprint changed
04-06 19:31:38.423  2859  3793 I MediaScanner: forcing rescan of /system/media/audio/ringtones/Rasalas.ogg since build fingerprint changed
04-06 19:31:38.463  2859  3793 I MediaScanner: forcing rescan of /system/media/audio/ringtones/Revelation.ogg since build fingerprint changed
04-06 19:31:38.495  2859  3793 I MediaScanner: forcing rescan of /system/media/audio/ringtones/Rigel.ogg since build fingerprint changed
04-06 19:31:38.534  2859  3793 I MediaScanner: forcing rescan of /system/media/audio/ringtones/Ring_Classic_02.ogg since build fingerprint changed
04-06 19:31:38.557  2859  3793 I MediaScanner: forcing rescan of /system/media/audio/ringtones/Ring_Digital_02.ogg since build fingerprint changed
04-06 19:31:38.595  2859  3793 I MediaScanner: forcing rescan of /system/media/audio/ringtones/Ring_Synth_02.ogg since build fingerprint changed
04-06 19:31:38.626  2859  3793 I MediaScanner: forcing rescan of /system/media/audio/ringtones/Ring_Synth_04.ogg since build fingerprint changed
04-06 19:31:38.891  3130  3621 I chatty  : uid=10012(com.google.android.gms) expire 1 line
04-06 19:31:39.016  2859  3793 I MediaScanner: forcing rescan of /system/media/audio/ringtones/Road_Trip.ogg since build fingerprint changed
04-06 19:31:39.071  2859  3793 I MediaScanner: forcing rescan of /system/media/audio/ringtones/RomancingTheTone.ogg since build fingerprint changed
04-06 19:31:39.092  2859  3793 I MediaScanner: forcing rescan of /system/media/audio/ringtones/Safari.ogg since build fingerprint changed
04-06 19:31:39.102  2859  3793 I MediaScanner: forcing rescan of /system/media/audio/ringtones/Savannah.ogg since build fingerprint changed
04-06 19:31:39.128  2859  3793 I MediaScanner: forcing rescan of /system/media/audio/ringtones/Scarabaeus.ogg since build fingerprint changed
04-06 19:31:39.218  3130  3889 I chatty  : uid=10012(com.google.android.gms) expire 1 line
04-06 19:31:39.223  2830  3893 I chatty  : uid=10012 com.google.android.gms.persistent expire 1 line
04-06 19:31:39.233  3895  3895 W art     : Unexpected CPU variant for X86 using defaults: x86
04-06 19:31:39.233  3130  3890 I chatty  : uid=10012(com.google.android.gms) expire 2 lines
04-06 19:31:39.238  2859  3793 I MediaScanner: forcing rescan of /system/media/audio/ringtones/Sceptrum.ogg since build fingerprint changed
04-06 19:31:39.239  1789  3322 I ActivityManager: Start proc 3895:com.android.chrome/u0a30 for service com.android.chrome/org.chromium.chrome.browser.customtabs.CustomTabsConnectionService
04-06 19:31:39.249  3895  3903 E art     : Failed writing handshake bytes (-1 of 14): Broken pipe
04-06 19:31:39.249  3895  3903 I art     : Debugger is no longer active
04-06 19:31:39.249  3895  3903 I art     : Starting a blocking GC Instrumentation
04-06 19:31:39.288  3895  3895 W System  : ClassLoader referenced unknown path: /system/app/Chrome/lib/x86
04-06 19:31:39.300  3130  3891 I chatty  : uid=10012(com.google.android.gms) expire 1 line
04-06 19:31:39.301  3130  3887 I chatty  : uid=10012(com.google.android.gms) expire 1 line
04-06 19:31:39.306  3130  3904 I chatty  : uid=10012(com.google.android.gms) expire 2 lines
04-06 19:31:39.313  3130  3891 I chatty  : uid=10012(com.google.android.gms) expire 1 line
04-06 19:31:39.328  3130  3904 I chatty  : uid=10012(com.google.android.gms) expire 7 lines
04-06 19:31:39.341  3130  3921 I chatty  : uid=10012(com.google.android.gms) expire 1 line
04-06 19:31:39.342  3130  3891 I chatty  : uid=10012(com.google.android.gms) expire 1 line
04-06 19:31:39.347  3130  3130 I chatty  : uid=10012(com.google.android.gms) expire 2 lines
04-06 19:31:39.348  3130  3921 I chatty  : uid=10012(com.google.android.gms) expire 1 line
04-06 19:31:39.351  3130  3891 I chatty  : uid=10012(com.google.android.gms) expire 1 line
04-06 19:31:39.427  2830  2830 I chatty  : uid=10012 com.google.android.gms.persistent expire 1 line
04-06 19:31:39.507  2830  3931 I chatty  : uid=10012 com.google.android.gms.persistent expire 1 line
04-06 19:31:39.581  3130  3892 W IcingInternalCorpora: getNumBytesRead when not calculated.
04-06 19:31:39.591  2830  3544 E BluetoothAdapter: Bluetooth binder is null
04-06 19:31:39.636  3130  3892 V SmartDevice: [service,SmartDeviceIntentHandlers] OnUpgradeOrBootOperation got intent: Intent { act=android.intent.action.BOOT_COMPLETED flg=0x9000010 cmp=com.google.android.gms/.chimera.GmsIntentOperationService (has extras) } with flag 2
04-06 19:31:39.644  3130  3208 W WearSignatureVerifier: No package com.google.android.wearable.app.cn
04-06 19:31:39.645  3130  3208 W WearSignatureVerifier: No package com.google.android.wearable.app.cn
04-06 19:31:39.646  3130  3208 W WearSignatureVerifier: No package com.google.android.wearable.app.cn
04-06 19:31:39.647  3130  3208 W WearSignatureVerifier: No package com.google.android.wearable.app.cn
04-06 19:31:39.684  2830  2830 I WearableService: Wear is not allowed to run on this device. Not starting Wear service.
04-06 19:31:39.690  3130  3481 I Authzen : [PermitStore] Getting all permits...
04-06 19:31:39.692  2830  2830 D WearableService: callingUid 10012, callindPid: 2830
04-06 19:31:39.694  3130  3142 I art     : Background partial concurrent mark sweep GC freed 23503(1884KB) AllocSpace objects, 6(120KB) LOS objects, 26% free, 11MB/15MB, paused 4.664ms total 154.230ms
04-06 19:31:39.769  3130  3927 I CheckinChimeraService: Checking schedule, now: 1491532299769 next: 1491573082905
04-06 19:31:39.769  3130  3927 I CheckinChimeraService: active receiver: disabled
04-06 19:31:39.773  3130  3904 I CmaSystemUpdateService: Runtime init receiver: Intent { act=android.intent.action.BOOT_COMPLETED flg=0x9000010 cmp=com.google.android.gms/.chimera.GmsIntentOperationService (has extras) } with flags: 2
04-06 19:31:39.773  3130  3904 I CmaSystemUpdateService: receiver: Intent { act=android.intent.action.BOOT_COMPLETED flg=0x9000010 cmp=com.google.android.gms/.chimera.GmsIntentOperationService (has extras) }
04-06 19:31:39.777  3130  3481 I Authzen : [fby] Creating database auth.proximity.permit_store...
04-06 19:31:39.802  3130  3481 I Authzen : [fby] Opening database auth.proximity.permit_store...
04-06 19:31:39.804  3410  3914 I GoogleHttpClient: GMS http client unavailable, use old client
04-06 19:31:39.832  2542  2542 D VvmSimChangeReceiver: Carrier config changed
04-06 19:31:39.834  2542  2542 I VvmSimChangeReceiver: Sim state or carrier config changed for 1
04-06 19:31:39.842  2542  2542 D VvmTaskScheduler: create task:com.android.phone.vvm.omtp.ActivationTask
04-06 19:31:39.847  2830  3931 I GCoreUlr: Starting service, intent=Intent { act=com.google.android.location.reporting.ACTION_UPDATE_WORLD cmp=com.google.android.gms/com.google.android.location.reporting.service.DispatchingService (has extras) }, extras=Bundle[{receiverAction=android.intent.action.BOOT_COMPLETED}]
04-06 19:31:39.851  3130  3130 I CmaSystemUpdateService: connectivity change: Intent { act=android.net.conn.CONNECTIVITY_CHANGE flg=0x4000010 (has extras) }
04-06 19:31:39.851  3130  3130 I CmaSystemUpdateService: receiver: Intent { act=android.net.conn.CONNECTIVITY_CHANGE flg=0x4000010 (has extras) }
04-06 19:31:39.853  3130  3130 W WearSignatureVerifier: No package com.google.android.wearable.app.cn
04-06 19:31:39.854  3130  3566 E MDM     : [212] vce.a: Couldn't connect to Google API client: jug{statusCode=API_UNAVAILABLE, resolution=null, message=null}
04-06 19:31:39.874  3130  3917 W DownloadServiceState: No pending download found for id 2
04-06 19:31:39.879  2830  2830 E BluetoothAdapter: Bluetooth binder is null
04-06 19:31:39.886  3130  3920 I MS_RegisterService: RegisterService intent:Intent { act=com.google.android.gms.matchstick.register_intent_action cat=[targeted_intent_op_prefix:com.google.android.libraries.matchstick.net.SilentRegisterIntentOperation] cmp=com.google.android.gms/.chimera.GmsIntentOperationService } isPeriodic:false
04-06 19:31:39.909  3130  3920 I MS_PhoneUtils: Phone type: 1
04-06 19:31:39.927  3130  3891 I Wear_Controller: Wear is not allowed to run on this device. Not starting control service.
04-06 19:31:39.975  3130  3920 I MS_RegisterService: Doing full registration.
04-06 19:31:40.054  2830  3259 I GCoreUlr: WorldUpdater received intent Intent { act=com.google.android.location.reporting.ACTION_UPDATE_WORLD cmp=com.google.android.gms/com.google.android.location.reporting.service.DispatchingService (has extras) } with receiverAction android.intent.action.BOOT_COMPLETED
04-06 19:31:40.058  3130  3941 I SystemUpdateTask: cancelUpdate (empty URL)
04-06 19:31:40.058  3130  3941 I CmaSystemUpdateService: active receiver: disabled
04-06 19:31:40.062  2859  3793 I MediaScanner: forcing rescan of /system/media/audio/ringtones/Seville.ogg since build fingerprint changed
04-06 19:31:40.119  2830  3253 I GCoreUlr: Starting service, intent=Intent { act=com.google.android.location.reporting.ACTION_UPDATE_WORLD cmp=com.google.android.gms/com.google.android.location.reporting.service.DispatchingService (has extras) }, extras=Bundle[{receiverAction=com.google.android.location.reporting.PHENOTYPE_FLAGS_CHANGED}]
04-06 19:31:40.120  3130  3281 I CheckinService: Done disabling old GoogleServicesFramework version
04-06 19:31:40.124  3130  3268 W Herrevad: [147] shz.b: Looking up Wifi info on a non-wifi device
04-06 19:31:40.137  3130  3943 I CheckinChimeraService: Checking schedule, now: 1491532300137 next: 1491573082905
04-06 19:31:40.137  3130  3943 I CheckinChimeraService: active receiver: disabled
04-06 19:31:40.142  2859  3793 I MediaScanner: forcing rescan of /system/media/audio/ringtones/Shes_All_That.ogg since build fingerprint changed
04-06 19:31:40.164  3130  3356 I Vision  : Registration status ocr_x86.zip: The download is in progress.
04-06 19:31:40.188  2830  2830 E BluetoothAdapter: Bluetooth binder is null
04-06 19:31:40.188  2830  2830 E BluetoothAdapter: Bluetooth binder is null
04-06 19:31:40.189  2859  3793 I MediaScanner: forcing rescan of /system/media/audio/ringtones/SilkyWay.ogg since build fingerprint changed
04-06 19:31:40.194  3130  3356 I Vision  : Download status ocr_x86.zip: The download is in progress.
04-06 19:31:40.195  2830  2830 W Nearby  : Bind call too late - someone already tried to get: interface atxb
04-06 19:31:40.197  3130  3356 I Vision  : Registering download complete broadcast receiver
04-06 19:31:40.202  2830  3658 W Conscrypt: Could not set socket write timeout: null
04-06 19:31:40.230  2830  3259 I GCoreUlr: WorldUpdater:android.intent.action.BOOT_COMPLETED: Ensuring that reporting is stopped because of reasons: (no Google accounts)
04-06 19:31:40.233  2830  3259 I GCoreUlr: Unbound from all location providers
04-06 19:31:40.233  2830  3259 I GCoreUlr: Place inference reporting - stop
04-06 19:31:40.269  2830  3259 I GCoreUlr: WorldUpdater received intent Intent { act=com.google.android.location.reporting.ACTION_UPDATE_WORLD cmp=com.google.android.gms/com.google.android.location.reporting.service.DispatchingService (has extras) } with receiverAction com.google.android.location.reporting.PHENOTYPE_FLAGS_CHANGED
04-06 19:31:40.293  2830  3658 W Conscrypt: Could not set socket write timeout: null
04-06 19:31:40.323  2830  3960 W NearbyMessages: NetworkPollManager:  RPC was requested, but deemed unnecessary.
04-06 19:31:40.324  2859  3793 I MediaScanner: forcing rescan of /system/media/audio/ringtones/SitarVsSitar.ogg since build fingerprint changed
04-06 19:31:40.332  2830  3259 E GCoreUlr: Bad errorId configuring silent feedback
04-06 19:31:40.332  2830  3259 I GCoreUlr: WorldUpdater:com.google.android.location.reporting.PHENOTYPE_FLAGS_CHANGED: Ensuring that reporting is stopped because of reasons: (no Google accounts)
04-06 19:31:40.339  2830  3259 I GCoreUlr: Unbound from all location providers
04-06 19:31:40.339  2830  3259 I GCoreUlr: Place inference reporting - stop
04-06 19:31:40.345  2830  2830 I GCoreUlr: DispatchingService.onDestroy()
04-06 19:31:40.346  2830  2830 I GCoreUlr: Stopping handler for UlrDispSvcFast
04-06 19:31:40.348  2830  2830 I GCoreUlr: Unbound from all location providers
04-06 19:31:40.348  2830  2830 I GCoreUlr: Place inference reporting - stop
04-06 19:31:40.379  2859  3793 I MediaScanner: forcing rescan of /system/media/audio/ringtones/Solarium.ogg since build fingerprint changed
04-06 19:31:40.395  2859  3793 I MediaScanner: forcing rescan of /system/media/audio/ringtones/SpringyJalopy.ogg since build fingerprint changed
04-06 19:31:40.410  3380  3380 W IntentService[D: type=1400 audit(0.0:11): avc: denied { read } for name="/" dev="tmpfs" ino=76 scontext=u:r:priv_app:s0:c512,c768 tcontext=u:object_r:device:s0 tclass=dir permissive=0
04-06 19:31:40.456  2859  3793 I MediaScanner: forcing rescan of /system/media/audio/ringtones/Steppin_Out.ogg since build fingerprint changed
04-06 19:31:40.468  2859  3793 I MediaScanner: forcing rescan of /system/media/audio/ringtones/Terminated.ogg since build fingerprint changed
04-06 19:31:40.506  2859  3793 I MediaScanner: forcing rescan of /system/media/audio/ringtones/Testudo.ogg since build fingerprint changed
04-06 19:31:40.509  3794  3794 W System  : ClassLoader referenced unknown path: /system/priv-app/PrebuiltGmsCore/lib/x86
04-06 19:31:40.509  3794  3794 D ApplicationLoaders: ignored Vulkan layer search path /system/priv-app/PrebuiltGmsCore/lib/x86:/system/fake-libs:/system/priv-app/PrebuiltGmsCore/PrebuiltGmsCore.apk!/lib/x86:/system/lib:/vendor/lib for namespace 0xaeaf2090
04-06 19:31:40.664  2859  3793 I MediaScanner: forcing rescan of /system/media/audio/ringtones/Themos.ogg since build fingerprint changed
04-06 19:31:40.670  3130  3142 I art     : Background partial concurrent mark sweep GC freed 67021(5MB) AllocSpace objects, 10(3MB) LOS objects, 17% free, 18MB/22MB, paused 2.580ms total 103.498ms
04-06 19:31:40.680  3380  3930 W InstanceID/Rpc: Found 10012
04-06 19:31:40.736  2859  3793 I MediaScanner: forcing rescan of /system/media/audio/ringtones/Third_Eye.ogg since build fingerprint changed
04-06 19:31:40.924  3130  3140 W SQLiteConnectionPool: A SQLiteConnection object for database '/data/user/0/com.google.android.gms/databases/networkstatistics.sqlite' was leaked!  Please fix your application to end transactions in progress properly and to close the database when it is no longer needed.
04-06 19:31:41.066  3954  3954 E uncrypt : failed to clear bootloader message: failed to find /misc partition
04-06 19:31:41.067  1789  3937 E RecoverySystemService: uncrypt failed with status: -1
04-06 19:31:41.067  3954  3954 I uncrypt :   received 0, exiting now
04-06 19:31:41.079  3130  3941 E SystemUpdateService: Failed to call RecoverySystem.cancelScheduledUpdate
04-06 19:31:41.079  3130  3941 E SystemUpdateService: java.lang.reflect.InvocationTargetException
04-06 19:31:41.079  3130  3941 E SystemUpdateService: 	at java.lang.reflect.Method.invoke(Native Method)
04-06 19:31:41.079  3130  3941 E SystemUpdateService: 	at xae.c(:com.google.android.gms:134)
04-06 19:31:41.079  3130  3941 E SystemUpdateService: 	at afuw.d(:com.google.android.gms:195)
04-06 19:31:41.079  3130  3941 E SystemUpdateService: 	at afuw.p(:com.google.android.gms:2178)
04-06 19:31:41.079  3130  3941 E SystemUpdateService: 	at afuw.a(:com.google.android.gms:448)
04-06 19:31:41.079  3130  3941 E SystemUpdateService: 	at afuw.doInBackground(:com.google.android.gms:50475)
04-06 19:31:41.079  3130  3941 E SystemUpdateService: 	at android.os.AsyncTask$2.call(AsyncTask.java:305)
04-06 19:31:41.079  3130  3941 E SystemUpdateService: 	at java.util.concurrent.FutureTask.run(FutureTask.java:237)
04-06 19:31:41.079  3130  3941 E SystemUpdateService: 	at java.lang.Thread.run(Thread.java:761)
04-06 19:31:41.079  3130  3941 E SystemUpdateService: Caused by: java.io.IOException: cancel scheduled update failed
04-06 19:31:41.079  3130  3941 E SystemUpdateService: 	at android.os.RecoverySystem.cancelScheduledUpdate(RecoverySystem.java:563)
04-06 19:31:41.079  3130  3941 E SystemUpdateService: 	... 9 more
04-06 19:31:41.079  3130  3941 E SystemUpdateTask: exception trying to cancel scheduled update
04-06 19:31:41.079  3130  3941 E SystemUpdateTask: java.io.IOException: Failed to invoke RecoverySystem.cancelScheduledUpdate
04-06 19:31:41.079  3130  3941 E SystemUpdateTask: 	at xae.c(:com.google.android.gms:140)
04-06 19:31:41.079  3130  3941 E SystemUpdateTask: 	at afuw.d(:com.google.android.gms:195)
04-06 19:31:41.079  3130  3941 E SystemUpdateTask: 	at afuw.p(:com.google.android.gms:2178)
04-06 19:31:41.079  3130  3941 E SystemUpdateTask: 	at afuw.a(:com.google.android.gms:448)
04-06 19:31:41.079  3130  3941 E SystemUpdateTask: 	at afuw.doInBackground(:com.google.android.gms:50475)
04-06 19:31:41.079  3130  3941 E SystemUpdateTask: 	at android.os.AsyncTask$2.call(AsyncTask.java:305)
04-06 19:31:41.079  3130  3941 E SystemUpdateTask: 	at java.util.concurrent.FutureTask.run(FutureTask.java:237)
04-06 19:31:41.079  3130  3941 E SystemUpdateTask: 	at java.lang.Thread.run(Thread.java:761)
04-06 19:31:41.099  3130  3972 I SystemUpdateTask: cancelUpdate (empty URL)
04-06 19:31:41.099  3130  3972 I CmaSystemUpdateService: active receiver: disabled
04-06 19:31:41.116  2859  3793 I MediaScanner: forcing rescan of /system/media/audio/ringtones/Thunderfoot.ogg since build fingerprint changed
04-06 19:31:41.154  2859  3793 I MediaScanner: forcing rescan of /system/media/audio/ringtones/TwirlAway.ogg since build fingerprint changed
04-06 19:31:41.277  2859  3793 I MediaScanner: forcing rescan of /system/media/audio/ringtones/URSAMINOR.ogg since build fingerprint changed
04-06 19:31:41.341  3794  3794 W linker  : /system/priv-app/PrebuiltGmsCore/PrebuiltGmsCore.apk!/lib/x86/libgmscore.so: unused DT entry: type 0x7ffffffd arg 0x754
04-06 19:31:41.366  1311  1375 D WVCdm   : Instantiating CDM.
04-06 19:31:41.367  1311  1311 I WVCdm   : CdmEngine::OpenSession
04-06 19:31:41.368  1311  1311 I WVCdm   : Level3 Library 4464 Sep 10 2016 21:49:53
04-06 19:31:41.369  1311  1311 W WVCdm   : Could not read /data/mediadrm/IDM1013/ay64.dat2: No such file or directory
04-06 19:31:41.369  1311  1311 W WVCdm   : Could not load liboemcrypto.so. Falling back to L3.  dlopen failed: library "liboemcrypto.so" not found
04-06 19:31:41.370  1311  1311 W WVCdm   : DeviceFiles::RetrieveHashedFile: /data/mediadrm/IDM1013/L3/cert.bin does not exist
04-06 19:31:41.371  3380  3976 W DG.WV   : Waiting for device certificate provisioning.
04-06 19:31:41.371  3380  3976 W DG.WV   : oms: Waiting for provisioning response from server.
04-06 19:31:41.371  3380  3976 W DG.WV   : 	at omq.a(:com.google.android.gms:155)
04-06 19:31:41.371  3380  3976 W DG.WV   : 	at ojj.run(:com.google.android.gms:1095)
04-06 19:31:41.371  3380  3976 W DG.WV   : 	at llt.run(:com.google.android.gms:450)
04-06 19:31:41.371  3380  3976 W DG.WV   : 	at java.util.concurrent.ThreadPoolExecutor.runWorker(ThreadPoolExecutor.java:1133)
04-06 19:31:41.371  3380  3976 W DG.WV   : 	at java.util.concurrent.ThreadPoolExecutor$Worker.run(ThreadPoolExecutor.java:607)
04-06 19:31:41.371  3380  3976 W DG.WV   : 	at lqc.run(:com.google.android.gms:17)
04-06 19:31:41.371  3380  3976 W DG.WV   : 	at java.lang.Thread.run(Thread.java:761)
04-06 19:31:41.371  3380  3976 W DG.WV   : Caused by: android.media.NotProvisionedException: Failed to open session
04-06 19:31:41.371  3380  3976 W DG.WV   : 	at android.media.MediaDrm.openSession(Native Method)
04-06 19:31:41.371  3380  3976 W DG.WV   : 	at omq.a(:com.google.android.gms:144)
04-06 19:31:41.371  3380  3976 W DG.WV   : 	... 6 more
04-06 19:31:41.379  3794  3794 W linker  : /system/priv-app/PrebuiltGmsCore/PrebuiltGmsCore.apk!/lib/x86/libconscrypt_gmscore_jni.so: unused DT entry: type 0x7ffffffd arg 0x174
04-06 19:31:41.393  3794  3794 V JNIHelp : Registering com/google/android/gms/org/conscrypt/NativeCrypto's 242 native methods...
04-06 19:31:41.404  3794  3794 D NetworkSecurityConfig: No Network Security Config specified, using platform default
04-06 19:31:41.404  3794  3794 I ProviderInstaller: Installed default security provider GmsCore_OpenSSL
04-06 19:31:41.413  2859  3793 I MediaScanner: forcing rescan of /system/media/audio/ringtones/UrsaMinor.ogg since build fingerprint changed
04-06 19:31:41.438  1311  1375 I WVCdm   : Level3 Library 4464 Sep 10 2016 21:49:53
04-06 19:31:41.441  1311  1375 W WVCdm   : Could not read /data/mediadrm/IDM1013/ay64.dat2: No such file or directory
04-06 19:31:41.442  1311  1375 W WVCdm   : Could not load liboemcrypto.so. Falling back to L3.  dlopen failed: library "liboemcrypto.so" not found
04-06 19:31:41.444  1311  1375 I WVCdm   : Level3 Library 4464 Sep 10 2016 21:49:53
04-06 19:31:41.446  1311  1375 W WVCdm   : Could not load liboemcrypto.so. Falling back to L3.  dlopen failed: library "liboemcrypto.so" not found
04-06 19:31:41.475  2859  3793 I MediaScanner: forcing rescan of /system/media/audio/ringtones/VeryAlarmed.ogg since build fingerprint changed
04-06 19:31:41.532  2859  3793 I MediaScanner: forcing rescan of /system/media/audio/ringtones/Vespa.ogg since build fingerprint changed
04-06 19:31:41.538  3095  3095 I chatty  : uid=10022 com.google.android.googlequicksearchbox:search expire 12 lines
04-06 19:31:41.541  3095  3981 I chatty  : uid=10022 com.google.android.googlequicksearchbox:search expire 5 lines
04-06 19:31:41.548  3095  3152 I chatty  : uid=10022(com.google.android.googlequicksearchbox) User-Facing Sha expire 13 lines
04-06 19:31:41.549  1305  1390 W APM_AudioPolicyManager: getInputForAttr() failed opening input: samplingRate 16000, format 1, channelMask 10
04-06 19:31:41.552  3095  3152 E ActivityThread: Failed to find provider info for com.google.android.apps.gsa.testing.ui.audio.recorded
04-06 19:31:41.565  3095  3980 I chatty  : uid=10022 com.google.android.googlequicksearchbox:search expire 1 line
04-06 19:31:41.567  2859  3793 I MediaScanner: forcing rescan of /system/media/audio/ringtones/World.ogg since build fingerprint changed
04-06 19:31:41.599  2859  3793 I MediaScanner: forcing rescan of /system/media/audio/ringtones/Zeta.ogg since build fingerprint changed
04-06 19:31:41.648  2859  3793 I MediaScanner: forcing rescan of /system/media/audio/ringtones/hydra.ogg since build fingerprint changed
04-06 19:31:42.052  3130  3920 I axxi    : [{0}] Created with target {1}
04-06 19:31:42.111  3973  3973 E uncrypt : failed to clear bootloader message: failed to find /misc partition
04-06 19:31:42.112  1789  3692 E RecoverySystemService: uncrypt failed with status: -1
04-06 19:31:42.112  3973  3973 I uncrypt :   received 0, exiting now
04-06 19:31:42.134  3130  3972 E SystemUpdateService: Failed to call RecoverySystem.cancelScheduledUpdate
04-06 19:31:42.134  3130  3972 E SystemUpdateService: java.lang.reflect.InvocationTargetException
04-06 19:31:42.134  3130  3972 E SystemUpdateService: 	at java.lang.reflect.Method.invoke(Native Method)
04-06 19:31:42.134  3130  3972 E SystemUpdateService: 	at xae.c(:com.google.android.gms:134)
04-06 19:31:42.134  3130  3972 E SystemUpdateService: 	at afuw.d(:com.google.android.gms:195)
04-06 19:31:42.134  3130  3972 E SystemUpdateService: 	at afuw.p(:com.google.android.gms:2178)
04-06 19:31:42.134  3130  3972 E SystemUpdateService: 	at afuw.a(:com.google.android.gms:448)
04-06 19:31:42.134  3130  3972 E SystemUpdateService: 	at afuw.doInBackground(:com.google.android.gms:50475)
04-06 19:31:42.134  3130  3972 E SystemUpdateService: 	at android.os.AsyncTask$2.call(AsyncTask.java:305)
04-06 19:31:42.134  3130  3972 E SystemUpdateService: 	at java.util.concurrent.FutureTask.run(FutureTask.java:237)
04-06 19:31:42.134  3130  3972 E SystemUpdateService: 	at java.lang.Thread.run(Thread.java:761)
04-06 19:31:42.134  3130  3972 E SystemUpdateService: Caused by: java.io.IOException: cancel scheduled update failed
04-06 19:31:42.134  3130  3972 E SystemUpdateService: 	at android.os.RecoverySystem.cancelScheduledUpdate(RecoverySystem.java:563)
04-06 19:31:42.134  3130  3972 E SystemUpdateService: 	... 9 more
04-06 19:31:42.134  3130  3972 E SystemUpdateTask: exception trying to cancel scheduled update
04-06 19:31:42.134  3130  3972 E SystemUpdateTask: java.io.IOException: Failed to invoke RecoverySystem.cancelScheduledUpdate
04-06 19:31:42.134  3130  3972 E SystemUpdateTask: 	at xae.c(:com.google.android.gms:140)
04-06 19:31:42.134  3130  3972 E SystemUpdateTask: 	at afuw.d(:com.google.android.gms:195)
04-06 19:31:42.134  3130  3972 E SystemUpdateTask: 	at afuw.p(:com.google.android.gms:2178)
04-06 19:31:42.134  3130  3972 E SystemUpdateTask: 	at afuw.a(:com.google.android.gms:448)
04-06 19:31:42.134  3130  3972 E SystemUpdateTask: 	at afuw.doInBackground(:com.google.android.gms:50475)
04-06 19:31:42.134  3130  3972 E SystemUpdateTask: 	at android.os.AsyncTask$2.call(AsyncTask.java:305)
04-06 19:31:42.134  3130  3972 E SystemUpdateTask: 	at java.util.concurrent.FutureTask.run(FutureTask.java:237)
04-06 19:31:42.134  3130  3972 E SystemUpdateTask: 	at java.lang.Thread.run(Thread.java:761)
04-06 19:31:42.167  2830  3338 W GLSUser : [DeviceKeyStore] Cannot load key: Device key file not found.
04-06 19:31:42.195  1311  3977 I WVCdm   : CdmEngine::OpenSession
04-06 19:31:42.195  1311  3977 I WVCdm   : Level3 Library 4464 Sep 10 2016 21:49:53
04-06 19:31:42.199  1311  3977 W WVCdm   : Could not load liboemcrypto.so. Falling back to L3.  dlopen failed: library "liboemcrypto.so" not found
04-06 19:31:42.203  1311  3977 I WVCdm   : CdmEngine::QueryKeyControlInfo
04-06 19:31:42.203  1311  1311 I WVCdm   : CdmEngine::GenerateKeyRequest
04-06 19:31:42.207  1311  1311 D WVCdm   : PrepareKeyRequest: nonce=664406076
04-06 19:31:42.354  1311  1375 I WVCdm   : CdmEngine::CloseSession
04-06 19:31:42.330  3380  3380 W Binder:3380_2: type=1400 audit(0.0:12): avc: denied { read } for name="/" dev="tmpfs" ino=76 scontext=u:r:priv_app:s0:c512,c768 tcontext=u:object_r:device:s0 tclass=dir permissive=0
04-06 19:31:42.441  2859  3793 W MediaScanner: Error opening directory '/oem/media/', skipping: No such file or directory.
04-06 19:31:42.443  2859  3793 W MediaProvider: Missing volume for /system/media/audio/ui; assuming invalid
04-06 19:31:42.449  2859  3793 W MediaProvider: Missing volume for /system/media/audio/ringtones/Andromeda.ogg; assuming invalid
04-06 19:31:42.452  2859  3793 W MediaProvider: Missing volume for /system/media/audio/ringtones/Aquila.ogg; assuming invalid
04-06 19:31:42.456  2859  3793 W MediaProvider: Missing volume for /system/media/audio/ringtones/ArgoNavis.ogg; assuming invalid
04-06 19:31:42.459  2859  3793 W MediaProvider: Missing volume for /system/media/audio/ringtones/Atria.ogg; assuming invalid
04-06 19:31:42.471  2859  3793 W MediaProvider: Missing volume for /system/media/audio/ringtones/BOOTES.ogg; assuming invalid
04-06 19:31:42.474  2859  3793 W MediaProvider: Missing volume for /system/media/audio/ringtones/Backroad.ogg; assuming invalid
04-06 19:31:42.475  2859  3793 W MediaProvider: Missing volume for /system/media/audio/ringtones/BeatPlucker.ogg; assuming invalid
04-06 19:31:42.480  2859  3793 W MediaProvider: Missing volume for /system/media/audio/ringtones/BentleyDubs.ogg; assuming invalid
04-06 19:31:42.482  2859  3793 W MediaProvider: Missing volume for /system/media/audio/ringtones/Big_Easy.ogg; assuming invalid
04-06 19:31:42.485  2859  3793 W MediaProvider: Missing volume for /system/media/audio/ringtones/BirdLoop.ogg; assuming invalid
04-06 19:31:42.487  2859  3793 W MediaProvider: Missing volume for /system/media/audio/ringtones/Bollywood.ogg; assuming invalid
04-06 19:31:42.489  2859  3793 W MediaProvider: Missing volume for /system/media/audio/ringtones/BussaMove.ogg; assuming invalid
04-06 19:31:42.491  2859  3793 W MediaProvider: Missing volume for /system/media/audio/ringtones/CANISMAJOR.ogg; assuming invalid
04-06 19:31:42.493  2859  3793 W MediaProvider: Missing volume for /system/media/audio/ringtones/CASSIOPEIA.ogg; assuming invalid
04-06 19:31:42.495  2859  3793 W MediaProvider: Missing volume for /system/media/audio/ringtones/Cairo.ogg; assuming invalid
04-06 19:31:42.497  2859  3793 W MediaProvider: Missing volume for /system/media/audio/ringtones/Calypso_Steel.ogg; assuming invalid
04-06 19:31:42.499  2859  3793 W MediaProvider: Missing volume for /system/media/audio/ringtones/CanisMajor.ogg; assuming invalid
04-06 19:31:42.501  2859  3793 W MediaProvider: Missing volume for /system/media/audio/ringtones/CaribbeanIce.ogg; assuming invalid
04-06 19:31:42.503  2859  3793 W MediaProvider: Missing volume for /system/media/audio/ringtones/Carina.ogg; assuming invalid
04-06 19:31:42.505  2859  3793 W MediaProvider: Missing volume for /system/media/audio/ringtones/Centaurus.ogg; assuming invalid
04-06 19:31:42.510  2859  3793 W MediaProvider: Missing volume for /system/media/audio/ringtones/Champagne_Edition.ogg; assuming invalid
04-06 19:31:42.511  2859  3793 W MediaProvider: Missing volume for /system/media/audio/ringtones/Club_Cubano.ogg; assuming invalid
04-06 19:31:42.513  2859  3793 W MediaProvider: Missing volume for /system/media/audio/ringtones/CrayonRock.ogg; assuming invalid
04-06 19:31:42.514  2859  3793 W MediaProvider: Missing volume for /system/media/audio/ringtones/CrazyDream.ogg; assuming invalid
04-06 19:31:42.516  2859  3793 W MediaProvider: Missing volume for /system/media/audio/ringtones/CurveBall.ogg; assuming invalid
04-06 19:31:42.518  2859  3793 W MediaProvider: Missing volume for /system/media/audio/ringtones/Cygnus.ogg; assuming invalid
04-06 19:31:42.520  2859  3793 W MediaProvider: Missing volume for /system/media/audio/ringtones/DancinFool.ogg; assuming invalid
04-06 19:31:42.522  2859  3793 W MediaProvider: Missing volume for /system/media/audio/ringtones/Ding.ogg; assuming invalid
04-06 19:31:42.523  2859  3793 W MediaProvider: Missing volume for /system/media/audio/ringtones/DonMessWivIt.ogg; assuming invalid
04-06 19:31:42.525  2859  3793 W MediaProvider: Missing volume for /system/media/audio/ringtones/Draco.ogg; assuming invalid
04-06 19:31:42.526  2859  3793 W MediaProvider: Missing volume for /system/media/audio/ringtones/DreamTheme.ogg; assuming invalid
04-06 19:31:42.527  2859  3793 W MediaProvider: Missing volume for /system/media/audio/ringtones/Eastern_Sky.ogg; assuming invalid
04-06 19:31:42.528  2859  3793 W MediaProvider: Missing volume for /system/media/audio/ringtones/Enter_the_Nexus.ogg; assuming invalid
04-06 19:31:42.529  2859  3793 W MediaProvider: Missing volume for /system/media/audio/ringtones/Eridani.ogg; assuming invalid
04-06 19:31:42.530  2859  3793 W MediaProvider: Missing volume for /system/media/audio/ringtones/EtherShake.ogg; assuming invalid
04-06 19:31:42.531  2859  3793 W MediaProvider: Missing volume for /system/media/audio/ringtones/FreeFlight.ogg; assuming invalid
04-06 19:31:42.532  2859  3793 W MediaProvider: Missing volume for /system/media/audio/ringtones/FriendlyGhost.ogg; assuming invalid
04-06 19:31:42.533  2859  3793 W MediaProvider: Missing volume for /system/media/audio/ringtones/Funk_Yall.ogg; assuming invalid
04-06 19:31:42.534  2859  3793 W MediaProvider: Missing volume for /system/media/audio/ringtones/GameOverGuitar.ogg; assuming invalid
04-06 19:31:42.536  2859  3793 W MediaProvider: Missing volume for /system/media/audio/ringtones/Gimme_Mo_Town.ogg; assuming invalid
04-06 19:31:42.538  2859  3793 W MediaProvider: Missing volume for /system/media/audio/ringtones/Girtab.ogg; assuming invalid
04-06 19:31:42.539  2859  3793 W MediaProvider: Missing volume for /system/media/audio/ringtones/Glacial_Groove.ogg; assuming invalid
04-06 19:31:42.541  2859  3793 W MediaProvider: Missing volume for /system/media/audio/ringtones/Growl.ogg; assuming invalid
04-06 19:31:42.542  2859  3793 W MediaProvider: Missing volume for /system/media/audio/ringtones/HalfwayHome.ogg; assuming invalid
04-06 19:31:42.545  2859  3793 W MediaProvider: Missing volume for /system/media/audio/ringtones/Hydra.ogg; assuming invalid
04-06 19:31:42.546  2859  3793 W MediaProvider: Missing volume for /system/media/audio/ringtones/InsertCoin.ogg; assuming invalid
04-06 19:31:42.549  2859  3793 W MediaProvider: Missing volume for /system/media/audio/ringtones/Kuma.ogg; assuming invalid
04-06 19:31:42.551  2859  3793 W MediaProvider: Missing volume for /system/media/audio/ringtones/LoopyLounge.ogg; assuming invalid
04-06 19:31:42.552  2859  3793 W MediaProvider: Missing volume for /system/media/audio/ringtones/LoveFlute.ogg; assuming invalid
04-06 19:31:42.554  2859  3793 W MediaProvider: Missing volume for /system/media/audio/ringtones/Lyra.ogg; assuming invalid
04-06 19:31:42.556  2859  3793 W MediaProvider: Missing volume for /system/media/audio/ringtones/Machina.ogg; assuming invalid
04-06 19:31:42.558  2859  3793 W MediaProvider: Missing volume for /system/media/audio/ringtones/MidEvilJaunt.ogg; assuming invalid
04-06 19:31:42.560  2859  3793 W MediaProvider: Missing volume for /system/media/audio/ringtones/MildlyAlarming.ogg; assuming invalid
04-06 19:31:42.561  2859  3793 W MediaProvider: Missing volume for /system/media/audio/ringtones/Nairobi.ogg; assuming invalid
04-06 19:31:42.563  2859  3793 W MediaProvider: Missing volume for /system/media/audio/ringtones/Nassau.ogg; assuming invalid
04-06 19:31:42.565  2859  3793 W MediaProvider: Missing volume for /system/media/audio/ringtones/NewPlayer.ogg; assuming invalid
